Archive member included to satisfy reference by file (symbol)

bl2/ext/mcuboot/bootutil/libbootutil.a(boot_record.o)
                              bl2/CMakeFiles/bl2.dir/src/shared_data.o (boot_add_data_to_shared_area)
bl2/ext/mcuboot/bootutil/libbootutil.a(fault_injection_hardening.o)
                              bl2/CMakeFiles/bl2.dir/ext/mcuboot/bl2_main.o (fih_cfi_get_and_increment)
bl2/ext/mcuboot/bootutil/libbootutil.a(loader.o)
                              bl2/CMakeFiles/bl2.dir/ext/mcuboot/bl2_main.o (boot_go_for_image_id)
bl2/ext/mcuboot/bootutil/libbootutil.a(swap_misc.o)
                              bl2/ext/mcuboot/bootutil/libbootutil.a(loader.o) (swap_scramble_trailer_sectors)
bl2/ext/mcuboot/bootutil/libbootutil.a(swap_scratch.o)
                              bl2/ext/mcuboot/bootutil/libbootutil.a(swap_misc.o) (swap_read_status_bytes)
bl2/ext/mcuboot/bootutil/libbootutil.a(tlv.o)
                              bl2/ext/mcuboot/bootutil/libbootutil.a(boot_record.o) (bootutil_tlv_iter_begin)
bl2/ext/mcuboot/bootutil/libbootutil.a(bootutil_misc.o)
                              bl2/ext/mcuboot/bootutil/libbootutil.a(swap_scratch.o) (boot_status_entries)
bl2/ext/mcuboot/bootutil/libbootutil.a(bootutil_area.o)
                              bl2/ext/mcuboot/bootutil/libbootutil.a(swap_misc.o) (boot_trailer_sz)
bl2/ext/mcuboot/bootutil/libbootutil.a(bootutil_loader.o)
                              bl2/ext/mcuboot/bootutil/libbootutil.a(loader.o) (boot_check_header_erased)
bl2/ext/mcuboot/bootutil/libbootutil.a(bootutil_public.o)
                              bl2/ext/mcuboot/bootutil/libbootutil.a(swap_misc.o) (boot_swap_info_off)
bl2/ext/mcuboot/bootutil/libbootutil.a(image_validate.o)
                              bl2/ext/mcuboot/bootutil/libbootutil.a(loader.o) (bootutil_img_validate)
bl2/ext/mcuboot/bootutil/libbootutil.a(bootutil_find_key.o)
                              bl2/ext/mcuboot/bootutil/libbootutil.a(image_validate.o) (bootutil_find_key)
bl2/ext/mcuboot/bootutil/libbootutil.a(bootutil_img_hash.o)
                              bl2/ext/mcuboot/bootutil/libbootutil.a(image_validate.o) (bootutil_img_hash)
bl2/ext/mcuboot/bootutil/libbootutil.a(bootutil_img_security_cnt.o)
                              bl2/ext/mcuboot/bootutil/libbootutil.a(bootutil_loader.o) (bootutil_get_img_security_cnt)
bl2/ext/mcuboot/bootutil/libbootutil.a(image_rsa.o)
                              bl2/ext/mcuboot/bootutil/libbootutil.a(image_validate.o) (bootutil_verify_sig)
bl2/libbl2_crypto.a(thin_psa_crypto_core.o)
                              bl2/CMakeFiles/bl2.dir/ext/mcuboot/bl2_main.o (psa_crypto_init)
bl2/libbl2_crypto.a(platform_util.o)
                              bl2/CMakeFiles/bl2.dir/__/lib/ext/tf-psa-crypto-src/drivers/builtin/src/cipher.o (mbedtls_platform_zeroize)
bl2/libbl2_crypto.a(memory_buffer_alloc.o)
                              bl2/CMakeFiles/bl2.dir/ext/mcuboot/bl2_main.o (mbedtls_memory_buffer_alloc_init)
bl2/libbl2_crypto.a(psa_crypto_hash.o)
                              bl2/libbl2_crypto.a(thin_psa_crypto_core.o) (mbedtls_psa_hash_abort)
bl2/libbl2_crypto.a(sha256.o)
                              bl2/libbl2_crypto.a(psa_crypto_hash.o) (mbedtls_sha256_init)
bl2/libbl2_crypto.a(psa_crypto_rsa.o)
                              bl2/libbl2_crypto.a(thin_psa_crypto_core.o) (mbedtls_psa_rsa_verify_hash)
bl2/libbl2_crypto.a(psa_util.o)
                              bl2/libbl2_crypto.a(psa_crypto_rsa.o) (mbedtls_psa_get_random)
bl2/libbl2_crypto.a(rsa.o)    bl2/libbl2_crypto.a(psa_crypto_rsa.o) (mbedtls_rsa_write_key)
bl2/libbl2_crypto.a(rsa_alt_helpers.o)
                              bl2/libbl2_crypto.a(rsa.o) (mbedtls_rsa_validate_params)
bl2/libbl2_crypto.a(bignum.o)
                              bl2/libbl2_crypto.a(rsa.o) (mbedtls_mpi_init)
bl2/libbl2_crypto.a(bignum_core.o)
                              bl2/libbl2_crypto.a(bignum.o) (mbedtls_mpi_core_bitlen)
bl2/libbl2_crypto.a(asn1parse.o)
                              bl2/libbl2_crypto.a(rsa.o) (mbedtls_asn1_get_tag)
bl2/libbl2_crypto.a(asn1write.o)
                              bl2/libbl2_crypto.a(rsa.o) (mbedtls_asn1_write_len)
bl2/libbl2_crypto.a(md.o)     bl2/libbl2_crypto.a(psa_crypto_rsa.o) (mbedtls_md_info_from_type)
bl2/libbl2_crypto.a(rng.o)    bl2/libbl2_crypto.a(thin_psa_crypto_core.o) (mbedtls_psa_external_get_random)
bl2/libbl2_crypto.a(platform.o)
                              bl2/libbl2_crypto.a(psa_crypto_rsa.o) (mbedtls_calloc)
bl2/libbl2_crypto.a(psa_util_internal.o)
                              bl2/libbl2_crypto.a(md.o) (psa_generic_status_to_mbedtls)
platform/libplatform_bl2.a(system_stm32h5xx.o)
                              bl2/CMakeFiles/bl2.dir/__/platform/ext/target/stm/common/stm32h5xx/Device/Source/startup_stm32h5xx_bl2.o (SystemInit)
platform/libplatform_bl2.a(boot_hal_bl2.o)
                              bl2/CMakeFiles/bl2.dir/__/platform/ext/target/stm/common/stm32h5xx/bl2/stm32h5xx_hal_msp.o (Error_Handler)
[...]
Memory Configuration

Name             Origin             Length             Attributes
FLASH_NVMCNT     0x0c00e000         0x00002000         xr
FLASH            0x0c010000         0x00018000         xr
FLASH_OTP        0x0c028000         0x00002000         xr
FLASH_NVM        0x0c02e000         0x00002000         xr
RAM              0x30040000         0x0000fc00         xrw
*default*        0x00000000         0xffffffff

Linker script and memory map

LOAD bl2/CMakeFiles/bl2.dir/src/flash_map.o
LOAD bl2/CMakeFiles/bl2.dir/__/secure_fw/partitions/lib/runtime/crt_start.o
LOAD bl2/CMakeFiles/bl2.dir/__/secure_fw/partitions/lib/runtime/crt_memcmp.o
LOAD bl2/CMakeFiles/bl2.dir/__/secure_fw/partitions/lib/runtime/crt_memmove.o
LOAD bl2/CMakeFiles/bl2.dir/__/secure_fw/shared/crt_memset.o
LOAD bl2/CMakeFiles/bl2.dir/__/secure_fw/shared/crt_memcpy.o
LOAD bl2/CMakeFiles/bl2.dir/src/security_cnt.o
LOAD bl2/CMakeFiles/bl2.dir/src/default_flash_map.o
LOAD bl2/CMakeFiles/bl2.dir/src/shared_data.o
LOAD bl2/CMakeFiles/bl2.dir/src/provisioning.o
LOAD bl2/CMakeFiles/bl2.dir/__/platform/ext/common/syscalls_stub.o
LOAD bl2/CMakeFiles/bl2.dir/src/mbedcrypto_stubs.o
LOAD bl2/CMakeFiles/bl2.dir/ext/mcuboot/bl2_main.o
LOAD bl2/CMakeFiles/bl2.dir/ext/mcuboot/flash_map_extended.o
LOAD bl2/CMakeFiles/bl2.dir/ext/mcuboot/flash_map_legacy.o
LOAD bl2/CMakeFiles/bl2.dir/ext/mcuboot/keys_hw.o
LOAD bl2/CMakeFiles/bl2.dir/__/lib/ext/tf-psa-crypto-src/utilities/constant_time.o
LOAD bl2/CMakeFiles/bl2.dir/__/lib/ext/tf-psa-crypto-src/drivers/builtin/src/cipher.o
LOAD bl2/CMakeFiles/bl2.dir/__/lib/ext/tf-psa-crypto-src/drivers/builtin/src/cipher_wrap.o
LOAD bl2/CMakeFiles/bl2.dir/__/lib/ext/tf-psa-crypto-src/drivers/builtin/src/psa_crypto_cipher.o
LOAD bl2/CMakeFiles/bl2.dir/__/platform/ext/target/stm/common/hal/Native_Driver/tick.o
LOAD bl2/CMakeFiles/bl2.dir/__/platform/ext/target/stm/common/stm32h5xx/bl2/stm32h5xx_hal_msp.o
LOAD bl2/CMakeFiles/bl2.dir/__/platform/ext/target/stm/common/stm32h5xx/Device/Source/startup_stm32h5xx_bl2.o
LOAD bl2/CMakeFiles/bl2.dir/__/platform/ext/target/stm/common/hal/provision/otp_provision.o
LOAD bl2/CMakeFiles/bl2.dir/__/platform/ext/target/stm/common/hal/provision/nvm_init.o
LOAD bl2/CMakeFiles/bl2.dir/__/platform/ext/target/stm/common/hal/provision/nvmcnt_init.o
LOAD bl2/ext/mcuboot/bootutil/libbootutil.a
LOAD bl2/libbl2_crypto.a
LOAD platform/libplatform_bl2.a
LOAD bl2/ext/mcuboot/bootutil/libbootutil.a
LOAD bl2/libbl2_crypto.a
LOAD platform/libplatform_bl2.a
LOAD /root/arm-gnu-toolchain-14.3.rel1-x86_64-arm-none-eabi/bin/../lib/gcc/arm-none-eabi/14.3.1/thumb/v8-m.main/nofp/libgcc.a
                0x00001000                        __heap_size__ = 0x1000
                0x00002000                        __msp_stack_size__ = 0x2000

.BL2_OTP        0x0c028000      0x304
 *(.BL2_OTP_Const)
 .BL2_OTP_Const
                0x0c028000      0x304 bl2/CMakeFiles/bl2.dir/__/platform/ext/target/stm/common/hal/provision/otp_provision.o
                0x0c028000                otp_stm_provision

.BL2_NVM        0x0c02e000       0x20
 *(.BL2_NVM_Const)
 .BL2_NVM_Const
                0x0c02e000       0x20 bl2/CMakeFiles/bl2.dir/__/platform/ext/target/stm/common/hal/provision/nvm_init.o
                0x0c02e000                nvm_init

.BL2_NVMCNT     0x0c00e000       0x20
 *(.BL2_NVMCNT_Const)
 .BL2_NVMCNT_Const
                0x0c00e000       0x20 bl2/CMakeFiles/bl2.dir/__/platform/ext/target/stm/common/hal/provision/nvmcnt_init.o
                0x0c00e000                nvmcnt_init

.text           0x0c010000     0xd0e0
 *(.vectors)
 .vectors       0x0c010000      0x24c bl2/CMakeFiles/bl2.dir/__/platform/ext/target/stm/common/stm32h5xx/Device/Source/startup_stm32h5xx_bl2.o
                0x0c010000                __Vectors
                0x0c01024c                        __Vectors_End = .
                0x0c01024c                        __Vectors_Size = (__Vectors_End - __Vectors)
                0x30045638                        __end__ = .
 *(.text*)
 .text.is_range_valid
                0x0c01024c       0x16 bl2/CMakeFiles/bl2.dir/src/flash_map.o
 *fill*         0x0c010262        0x2 
 .text.flash_area_open
                0x0c010264       0x38 bl2/CMakeFiles/bl2.dir/src/flash_map.o
                0x0c010264                flash_area_open
 .text.flash_area_close
                0x0c01029c        0x2 bl2/CMakeFiles/bl2.dir/src/flash_map.o
                0x0c01029c                flash_area_close
 *fill*         0x0c01029e        0x2 
 .text.flash_area_read
                0x0c0102a0      0x104 bl2/CMakeFiles/bl2.dir/src/flash_map.o
                0x0c0102a0                flash_area_read
 .text.flash_area_write
                0x0c0103a4      0x19c bl2/CMakeFiles/bl2.dir/src/flash_map.o
                0x0c0103a4                flash_area_write
 .text.flash_area_erase
                0x0c010540       0x42 bl2/CMakeFiles/bl2.dir/src/flash_map.o
                0x0c010540                flash_area_erase
 .text.flash_area_align
                0x0c010582        0xc bl2/CMakeFiles/bl2.dir/src/flash_map.o
                0x0c010582                flash_area_align
 .text._start   0x0c01058e        0xc bl2/CMakeFiles/bl2.dir/__/secure_fw/partitions/lib/runtime/crt_start.o
                0x0c01058e                _start
 .text.memcmp   0x0c01059a       0x20 bl2/CMakeFiles/bl2.dir/__/secure_fw/partitions/lib/runtime/crt_memcmp.o
                0x0c01059a                memcmp
 .text.memset   0x0c0105ba       0x46 bl2/CMakeFiles/bl2.dir/__/secure_fw/shared/crt_memset.o
                0x0c0105ba                memset
 .text.memcpy   0x0c010600       0x4a bl2/CMakeFiles/bl2.dir/__/secure_fw/shared/crt_memcpy.o
                0x0c010600                memcpy
 *fill*         0x0c01064a        0x2 
 .text.boot_nv_security_counter_init
                0x0c01064c       0x20 bl2/CMakeFiles/bl2.dir/src/security_cnt.o
                0x0c01064c                boot_nv_security_counter_init
 .text.boot_nv_security_counter_get
                0x0c01066c       0x4c bl2/CMakeFiles/bl2.dir/src/security_cnt.o
                0x0c01066c                boot_nv_security_counter_get
 .text.boot_nv_security_counter_update
                0x0c0106b8       0x1c bl2/CMakeFiles/bl2.dir/src/security_cnt.o
                0x0c0106b8                boot_nv_security_counter_update
 .text.boot_save_shared_data
                0x0c0106d4       0x50 bl2/CMakeFiles/bl2.dir/src/shared_data.o
                0x0c0106d4                boot_save_shared_data
 .text.tfm_plat_provisioning_check_for_dummy_keys
                0x0c010724       0x5c bl2/CMakeFiles/bl2.dir/src/provisioning.o
                0x0c010724                tfm_plat_provisioning_check_for_dummy_keys
 .text.tfm_plat_provisioning_is_required
                0x0c010780       0x28 bl2/CMakeFiles/bl2.dir/src/provisioning.o
                0x0c010780                tfm_plat_provisioning_is_required
 .text.provision_assembly_and_test
                0x0c0107a8       0x30 bl2/CMakeFiles/bl2.dir/src/provisioning.o
                0x0c0107a8                provision_assembly_and_test
 .text.tfm_plat_provisioning_perform
                0x0c0107d8       0x60 bl2/CMakeFiles/bl2.dir/src/provisioning.o
                0x0c0107d8                tfm_plat_provisioning_perform
 .text.calloc   0x0c010838        0x4 bl2/CMakeFiles/bl2.dir/src/mbedcrypto_stubs.o
                0x0c010838                calloc
 .text.free     0x0c01083c        0x2 bl2/CMakeFiles/bl2.dir/src/mbedcrypto_stubs.o
                0x0c01083c                free
 .text.exit     0x0c01083e        0x2 bl2/CMakeFiles/bl2.dir/src/mbedcrypto_stubs.o
                0x0c01083e                exit
 .text.startup.main
                0x0c010840      0x1c0 bl2/CMakeFiles/bl2.dir/ext/mcuboot/bl2_main.o
                0x0c010840                main
 .text.crypto_hw_accelerator_init
                0x0c010a00        0x4 bl2/CMakeFiles/bl2.dir/ext/mcuboot/bl2_main.o
                0x0c010a00                crypto_hw_accelerator_init
 .text.crypto_hw_accelerator_finish
                0x0c010a04        0xa bl2/CMakeFiles/bl2.dir/ext/mcuboot/bl2_main.o
                0x0c010a04                crypto_hw_accelerator_finish
 *fill*         0x0c010a0e        0x2 
 .text.flash_device_base
                0x0c010a10       0x24 bl2/CMakeFiles/bl2.dir/ext/mcuboot/flash_map_extended.o
                0x0c010a10                flash_device_base
 .text.flash_area_id_from_multi_image_slot
                0x0c010a34       0x34 bl2/CMakeFiles/bl2.dir/ext/mcuboot/flash_map_extended.o
                0x0c010a34                flash_area_id_from_multi_image_slot
 .text.flash_area_erased_val
                0x0c010a68        0xc bl2/CMakeFiles/bl2.dir/ext/mcuboot/flash_map_extended.o
                0x0c010a68                flash_area_erased_val
 .text.flash_area_get_sector
                0x0c010a74       0x2e bl2/CMakeFiles/bl2.dir/ext/mcuboot/flash_map_extended.o
                0x0c010a74                flash_area_get_sector
 *fill*         0x0c010aa2        0x2 
 .text.flash_area_get_sectors
                0x0c010aa4       0x8c bl2/CMakeFiles/bl2.dir/ext/mcuboot/flash_map_legacy.o
                0x0c010aa4                flash_area_get_sectors
 .text.boot_retrieve_public_key_hash
                0x0c010b30        0x4 bl2/CMakeFiles/bl2.dir/ext/mcuboot/keys_hw.o
                0x0c010b30                boot_retrieve_public_key_hash
 .text.mbedtls_ct_memcpy_if
                0x0c010b34       0x88 bl2/CMakeFiles/bl2.dir/__/lib/ext/tf-psa-crypto-src/utilities/constant_time.o
                0x0c010b34                mbedtls_ct_memcpy_if
 .text.HAL_InitTick
                0x0c010bbc       0x1c bl2/CMakeFiles/bl2.dir/__/platform/ext/target/stm/common/hal/Native_Driver/tick.o
                0x0c010bbc                HAL_InitTick
 .text.HAL_GetTick
                0x0c010bd8       0x50 bl2/CMakeFiles/bl2.dir/__/platform/ext/target/stm/common/hal/Native_Driver/tick.o
                0x0c010bd8                HAL_GetTick
 .text.RCC_OscConfig
                0x0c010c28       0x6c bl2/CMakeFiles/bl2.dir/__/platform/ext/target/stm/common/stm32h5xx/bl2/stm32h5xx_hal_msp.o
                0x0c010c28                RCC_OscConfig
 .text.RCCEx_PeriphCLKConfig
                0x0c010c94       0xdc bl2/CMakeFiles/bl2.dir/__/platform/ext/target/stm/common/stm32h5xx/bl2/stm32h5xx_hal_msp.o
                0x0c010c94                RCCEx_PeriphCLKConfig
 .text.HAL_RTC_MspInit
                0x0c010d70       0x74 bl2/CMakeFiles/bl2.dir/__/platform/ext/target/stm/common/stm32h5xx/bl2/stm32h5xx_hal_msp.o
                0x0c010d70                HAL_RTC_MspInit
 .text.SVC_Handler
                0x0c010de4        0x2 bl2/CMakeFiles/bl2.dir/__/platform/ext/target/stm/common/stm32h5xx/Device/Source/startup_stm32h5xx_bl2.o
                0x0c010de4                SVC_Handler
 .text.DebugMon_Handler
                0x0c010de6        0x2 bl2/CMakeFiles/bl2.dir/__/platform/ext/target/stm/common/stm32h5xx/Device/Source/startup_stm32h5xx_bl2.o
                0x0c010de6                DebugMon_Handler
 .text.PendSV_Handler
                0x0c010de8        0x2 bl2/CMakeFiles/bl2.dir/__/platform/ext/target/stm/common/stm32h5xx/Device/Source/startup_stm32h5xx_bl2.o
                0x0c010de8                PendSV_Handler
 .text.SysTick_Handler
                0x0c010dea        0x2 bl2/CMakeFiles/bl2.dir/__/platform/ext/target/stm/common/stm32h5xx/Device/Source/startup_stm32h5xx_bl2.o
                0x0c010dea                SysTick_Handler
 .text.WWDG_IRQHandler
                0x0c010dec        0x2 bl2/CMakeFiles/bl2.dir/__/platform/ext/target/stm/common/stm32h5xx/Device/Source/startup_stm32h5xx_bl2.o
                0x0c010dec                WWDG_IRQHandler
 .text.PVD_AVD_IRQHandler
                0x0c010dee        0x2 bl2/CMakeFiles/bl2.dir/__/platform/ext/target/stm/common/stm32h5xx/Device/Source/startup_stm32h5xx_bl2.o
                0x0c010dee                PVD_AVD_IRQHandler
 .text.RTC_IRQHandler
                0x0c010df0        0x2 bl2/CMakeFiles/bl2.dir/__/platform/ext/target/stm/common/stm32h5xx/Device/Source/startup_stm32h5xx_bl2.o
                0x0c010df0                RTC_IRQHandler
 .text.RTC_S_IRQHandler
                0x0c010df2        0x2 bl2/CMakeFiles/bl2.dir/__/platform/ext/target/stm/common/stm32h5xx/Device/Source/startup_stm32h5xx_bl2.o
                0x0c010df2                RTC_S_IRQHandler
 .text.TAMP_IRQHandler
                0x0c010df4        0x2 bl2/CMakeFiles/bl2.dir/__/platform/ext/target/stm/common/stm32h5xx/Device/Source/startup_stm32h5xx_bl2.o
                0x0c010df4                TAMP_IRQHandler
 .text.FLASH_IRQHandler
                0x0c010df6        0x2 bl2/CMakeFiles/bl2.dir/__/platform/ext/target/stm/common/stm32h5xx/Device/Source/startup_stm32h5xx_bl2.o
                0x0c010df6                FLASH_IRQHandler
 .text.FLASH_S_IRQHandler
                0x0c010df8        0x2 bl2/CMakeFiles/bl2.dir/__/platform/ext/target/stm/common/stm32h5xx/Device/Source/startup_stm32h5xx_bl2.o
                0x0c010df8                FLASH_S_IRQHandler
 .text.GTZC_IRQHandler
                0x0c010dfa        0x2 bl2/CMakeFiles/bl2.dir/__/platform/ext/target/stm/common/stm32h5xx/Device/Source/startup_stm32h5xx_bl2.o
                0x0c010dfa                GTZC_IRQHandler
 .text.RCC_IRQHandler
                0x0c010dfc        0x2 bl2/CMakeFiles/bl2.dir/__/platform/ext/target/stm/common/stm32h5xx/Device/Source/startup_stm32h5xx_bl2.o
                0x0c010dfc                RCC_IRQHandler
 .text.RCC_S_IRQHandler
                0x0c010dfe        0x2 bl2/CMakeFiles/bl2.dir/__/platform/ext/target/stm/common/stm32h5xx/Device/Source/startup_stm32h5xx_bl2.o
                0x0c010dfe                RCC_S_IRQHandler
 .text.EXTI0_IRQHandler
                0x0c010e00        0x2 bl2/CMakeFiles/bl2.dir/__/platform/ext/target/stm/common/stm32h5xx/Device/Source/startup_stm32h5xx_bl2.o
                0x0c010e00                EXTI0_IRQHandler
 .text.EXTI1_IRQHandler
                0x0c010e02        0x2 bl2/CMakeFiles/bl2.dir/__/platform/ext/target/stm/common/stm32h5xx/Device/Source/startup_stm32h5xx_bl2.o
                0x0c010e02                EXTI1_IRQHandler
 .text.EXTI2_IRQHandler
                0x0c010e04        0x2 bl2/CMakeFiles/bl2.dir/__/platform/ext/target/stm/common/stm32h5xx/Device/Source/startup_stm32h5xx_bl2.o
                0x0c010e04                EXTI2_IRQHandler
 .text.EXTI3_IRQHandler
                0x0c010e06        0x2 bl2/CMakeFiles/bl2.dir/__/platform/ext/target/stm/common/stm32h5xx/Device/Source/startup_stm32h5xx_bl2.o
                0x0c010e06                EXTI3_IRQHandler
 .text.EXTI4_IRQHandler
                0x0c010e08        0x2 bl2/CMakeFiles/bl2.dir/__/platform/ext/target/stm/common/stm32h5xx/Device/Source/startup_stm32h5xx_bl2.o
                0x0c010e08                EXTI4_IRQHandler
 .text.EXTI5_IRQHandler
                0x0c010e0a        0x2 bl2/CMakeFiles/bl2.dir/__/platform/ext/target/stm/common/stm32h5xx/Device/Source/startup_stm32h5xx_bl2.o
                0x0c010e0a                EXTI5_IRQHandler
 .text.EXTI6_IRQHandler
                0x0c010e0c        0x2 bl2/CMakeFiles/bl2.dir/__/platform/ext/target/stm/common/stm32h5xx/Device/Source/startup_stm32h5xx_bl2.o
                0x0c010e0c                EXTI6_IRQHandler
 .text.EXTI7_IRQHandler
                0x0c010e0e        0x2 bl2/CMakeFiles/bl2.dir/__/platform/ext/target/stm/common/stm32h5xx/Device/Source/startup_stm32h5xx_bl2.o
                0x0c010e0e                EXTI7_IRQHandler
 .text.EXTI8_IRQHandler
                0x0c010e10        0x2 bl2/CMakeFiles/bl2.dir/__/platform/ext/target/stm/common/stm32h5xx/Device/Source/startup_stm32h5xx_bl2.o
                0x0c010e10                EXTI8_IRQHandler
 .text.EXTI9_IRQHandler
                0x0c010e12        0x2 bl2/CMakeFiles/bl2.dir/__/platform/ext/target/stm/common/stm32h5xx/Device/Source/startup_stm32h5xx_bl2.o
                0x0c010e12                EXTI9_IRQHandler
 .text.EXTI10_IRQHandler
                0x0c010e14        0x2 bl2/CMakeFiles/bl2.dir/__/platform/ext/target/stm/common/stm32h5xx/Device/Source/startup_stm32h5xx_bl2.o
                0x0c010e14                EXTI10_IRQHandler
 .text.EXTI11_IRQHandler
                0x0c010e16        0x2 bl2/CMakeFiles/bl2.dir/__/platform/ext/target/stm/common/stm32h5xx/Device/Source/startup_stm32h5xx_bl2.o
                0x0c010e16                EXTI11_IRQHandler
 .text.EXTI12_IRQHandler
                0x0c010e18        0x2 bl2/CMakeFiles/bl2.dir/__/platform/ext/target/stm/common/stm32h5xx/Device/Source/startup_stm32h5xx_bl2.o
                0x0c010e18                EXTI12_IRQHandler
 .text.EXTI13_IRQHandler
                0x0c010e1a        0x2 bl2/CMakeFiles/bl2.dir/__/platform/ext/target/stm/common/stm32h5xx/Device/Source/startup_stm32h5xx_bl2.o
                0x0c010e1a                EXTI13_IRQHandler
 .text.EXTI14_IRQHandler
                0x0c010e1c        0x2 bl2/CMakeFiles/bl2.dir/__/platform/ext/target/stm/common/stm32h5xx/Device/Source/startup_stm32h5xx_bl2.o
                0x0c010e1c                EXTI14_IRQHandler
 .text.EXTI15_IRQHandler
                0x0c010e1e        0x2 bl2/CMakeFiles/bl2.dir/__/platform/ext/target/stm/common/stm32h5xx/Device/Source/startup_stm32h5xx_bl2.o
                0x0c010e1e                EXTI15_IRQHandler
 .text.GPDMA1_Channel0_IRQHandler
                0x0c010e20        0x2 bl2/CMakeFiles/bl2.dir/__/platform/ext/target/stm/common/stm32h5xx/Device/Source/startup_stm32h5xx_bl2.o
                0x0c010e20                GPDMA1_Channel0_IRQHandler
 .text.GPDMA1_Channel1_IRQHandler
                0x0c010e22        0x2 bl2/CMakeFiles/bl2.dir/__/platform/ext/target/stm/common/stm32h5xx/Device/Source/startup_stm32h5xx_bl2.o
                0x0c010e22                GPDMA1_Channel1_IRQHandler
 .text.GPDMA1_Channel2_IRQHandler
                0x0c010e24        0x2 bl2/CMakeFiles/bl2.dir/__/platform/ext/target/stm/common/stm32h5xx/Device/Source/startup_stm32h5xx_bl2.o
                0x0c010e24                GPDMA1_Channel2_IRQHandler
 .text.GPDMA1_Channel3_IRQHandler
                0x0c010e26        0x2 bl2/CMakeFiles/bl2.dir/__/platform/ext/target/stm/common/stm32h5xx/Device/Source/startup_stm32h5xx_bl2.o
                0x0c010e26                GPDMA1_Channel3_IRQHandler
 .text.GPDMA1_Channel4_IRQHandler
                0x0c010e28        0x2 bl2/CMakeFiles/bl2.dir/__/platform/ext/target/stm/common/stm32h5xx/Device/Source/startup_stm32h5xx_bl2.o
                0x0c010e28                GPDMA1_Channel4_IRQHandler
 .text.GPDMA1_Channel5_IRQHandler
                0x0c010e2a        0x2 bl2/CMakeFiles/bl2.dir/__/platform/ext/target/stm/common/stm32h5xx/Device/Source/startup_stm32h5xx_bl2.o
                0x0c010e2a                GPDMA1_Channel5_IRQHandler
 .text.GPDMA1_Channel6_IRQHandler
                0x0c010e2c        0x2 bl2/CMakeFiles/bl2.dir/__/platform/ext/target/stm/common/stm32h5xx/Device/Source/startup_stm32h5xx_bl2.o
                0x0c010e2c                GPDMA1_Channel6_IRQHandler
 .text.GPDMA1_Channel7_IRQHandler
                0x0c010e2e        0x2 bl2/CMakeFiles/bl2.dir/__/platform/ext/target/stm/common/stm32h5xx/Device/Source/startup_stm32h5xx_bl2.o
                0x0c010e2e                GPDMA1_Channel7_IRQHandler
 .text.IWDG_IRQHandler
                0x0c010e30        0x2 bl2/CMakeFiles/bl2.dir/__/platform/ext/target/stm/common/stm32h5xx/Device/Source/startup_stm32h5xx_bl2.o
                0x0c010e30                IWDG_IRQHandler
 .text.SAES_IRQHandler
                0x0c010e32        0x2 bl2/CMakeFiles/bl2.dir/__/platform/ext/target/stm/common/stm32h5xx/Device/Source/startup_stm32h5xx_bl2.o
                0x0c010e32                SAES_IRQHandler
 .text.ADC1_IRQHandler
                0x0c010e34        0x2 bl2/CMakeFiles/bl2.dir/__/platform/ext/target/stm/common/stm32h5xx/Device/Source/startup_stm32h5xx_bl2.o
                0x0c010e34                ADC1_IRQHandler
 .text.DAC1_IRQHandler
                0x0c010e36        0x2 bl2/CMakeFiles/bl2.dir/__/platform/ext/target/stm/common/stm32h5xx/Device/Source/startup_stm32h5xx_bl2.o
                0x0c010e36                DAC1_IRQHandler
 .text.FDCAN1_IT0_IRQHandler
                0x0c010e38        0x2 bl2/CMakeFiles/bl2.dir/__/platform/ext/target/stm/common/stm32h5xx/Device/Source/startup_stm32h5xx_bl2.o
                0x0c010e38                FDCAN1_IT0_IRQHandler
 .text.FDCAN1_IT1_IRQHandler
                0x0c010e3a        0x2 bl2/CMakeFiles/bl2.dir/__/platform/ext/target/stm/common/stm32h5xx/Device/Source/startup_stm32h5xx_bl2.o
                0x0c010e3a                FDCAN1_IT1_IRQHandler
 .text.TIM1_BRK_IRQHandler
                0x0c010e3c        0x2 bl2/CMakeFiles/bl2.dir/__/platform/ext/target/stm/common/stm32h5xx/Device/Source/startup_stm32h5xx_bl2.o
                0x0c010e3c                TIM1_BRK_IRQHandler
 .text.TIM1_UP_IRQHandler
                0x0c010e3e        0x2 bl2/CMakeFiles/bl2.dir/__/platform/ext/target/stm/common/stm32h5xx/Device/Source/startup_stm32h5xx_bl2.o
                0x0c010e3e                TIM1_UP_IRQHandler
 .text.TIM1_TRG_COM_IRQHandler
                0x0c010e40        0x2 bl2/CMakeFiles/bl2.dir/__/platform/ext/target/stm/common/stm32h5xx/Device/Source/startup_stm32h5xx_bl2.o
                0x0c010e40                TIM1_TRG_COM_IRQHandler
 .text.TIM1_CC_IRQHandler
                0x0c010e42        0x2 bl2/CMakeFiles/bl2.dir/__/platform/ext/target/stm/common/stm32h5xx/Device/Source/startup_stm32h5xx_bl2.o
                0x0c010e42                TIM1_CC_IRQHandler
 .text.TIM2_IRQHandler
                0x0c010e44        0x2 bl2/CMakeFiles/bl2.dir/__/platform/ext/target/stm/common/stm32h5xx/Device/Source/startup_stm32h5xx_bl2.o
                0x0c010e44                TIM2_IRQHandler
 .text.TIM3_IRQHandler
                0x0c010e46        0x2 bl2/CMakeFiles/bl2.dir/__/platform/ext/target/stm/common/stm32h5xx/Device/Source/startup_stm32h5xx_bl2.o
                0x0c010e46                TIM3_IRQHandler
 .text.TIM4_IRQHandler
                0x0c010e48        0x2 bl2/CMakeFiles/bl2.dir/__/platform/ext/target/stm/common/stm32h5xx/Device/Source/startup_stm32h5xx_bl2.o
                0x0c010e48                TIM4_IRQHandler
 .text.TIM5_IRQHandler
                0x0c010e4a        0x2 bl2/CMakeFiles/bl2.dir/__/platform/ext/target/stm/common/stm32h5xx/Device/Source/startup_stm32h5xx_bl2.o
                0x0c010e4a                TIM5_IRQHandler
 .text.TIM6_IRQHandler
                0x0c010e4c        0x2 bl2/CMakeFiles/bl2.dir/__/platform/ext/target/stm/common/stm32h5xx/Device/Source/startup_stm32h5xx_bl2.o
                0x0c010e4c                TIM6_IRQHandler
 .text.TIM7_IRQHandler
                0x0c010e4e        0x2 bl2/CMakeFiles/bl2.dir/__/platform/ext/target/stm/common/stm32h5xx/Device/Source/startup_stm32h5xx_bl2.o
                0x0c010e4e                TIM7_IRQHandler
 .text.I2C1_EV_IRQHandler
                0x0c010e50        0x2 bl2/CMakeFiles/bl2.dir/__/platform/ext/target/stm/common/stm32h5xx/Device/Source/startup_stm32h5xx_bl2.o
                0x0c010e50                I2C1_EV_IRQHandler
 .text.I2C1_ER_IRQHandler
                0x0c010e52        0x2 bl2/CMakeFiles/bl2.dir/__/platform/ext/target/stm/common/stm32h5xx/Device/Source/startup_stm32h5xx_bl2.o
                0x0c010e52                I2C1_ER_IRQHandler
 .text.I2C2_EV_IRQHandler
                0x0c010e54        0x2 bl2/CMakeFiles/bl2.dir/__/platform/ext/target/stm/common/stm32h5xx/Device/Source/startup_stm32h5xx_bl2.o
                0x0c010e54                I2C2_EV_IRQHandler
 .text.I2C2_ER_IRQHandler
                0x0c010e56        0x2 bl2/CMakeFiles/bl2.dir/__/platform/ext/target/stm/common/stm32h5xx/Device/Source/startup_stm32h5xx_bl2.o
                0x0c010e56                I2C2_ER_IRQHandler
 .text.SPI1_IRQHandler
                0x0c010e58        0x2 bl2/CMakeFiles/bl2.dir/__/platform/ext/target/stm/common/stm32h5xx/Device/Source/startup_stm32h5xx_bl2.o
                0x0c010e58                SPI1_IRQHandler
 .text.SPI2_IRQHandler
                0x0c010e5a        0x2 bl2/CMakeFiles/bl2.dir/__/platform/ext/target/stm/common/stm32h5xx/Device/Source/startup_stm32h5xx_bl2.o
                0x0c010e5a                SPI2_IRQHandler
 .text.SPI3_IRQHandler
                0x0c010e5c        0x2 bl2/CMakeFiles/bl2.dir/__/platform/ext/target/stm/common/stm32h5xx/Device/Source/startup_stm32h5xx_bl2.o
                0x0c010e5c                SPI3_IRQHandler
 .text.USART1_IRQHandler
                0x0c010e5e        0x2 bl2/CMakeFiles/bl2.dir/__/platform/ext/target/stm/common/stm32h5xx/Device/Source/startup_stm32h5xx_bl2.o
                0x0c010e5e                USART1_IRQHandler
 .text.USART2_IRQHandler
                0x0c010e60        0x2 bl2/CMakeFiles/bl2.dir/__/platform/ext/target/stm/common/stm32h5xx/Device/Source/startup_stm32h5xx_bl2.o
                0x0c010e60                USART2_IRQHandler
 .text.USART3_IRQHandler
                0x0c010e62        0x2 bl2/CMakeFiles/bl2.dir/__/platform/ext/target/stm/common/stm32h5xx/Device/Source/startup_stm32h5xx_bl2.o
                0x0c010e62                USART3_IRQHandler
 .text.UART4_IRQHandler
                0x0c010e64        0x2 bl2/CMakeFiles/bl2.dir/__/platform/ext/target/stm/common/stm32h5xx/Device/Source/startup_stm32h5xx_bl2.o
                0x0c010e64                UART4_IRQHandler
 .text.UART5_IRQHandler
                0x0c010e66        0x2 bl2/CMakeFiles/bl2.dir/__/platform/ext/target/stm/common/stm32h5xx/Device/Source/startup_stm32h5xx_bl2.o
                0x0c010e66                UART5_IRQHandler
 .text.LPUART1_IRQHandler
                0x0c010e68        0x2 bl2/CMakeFiles/bl2.dir/__/platform/ext/target/stm/common/stm32h5xx/Device/Source/startup_stm32h5xx_bl2.o
                0x0c010e68                LPUART1_IRQHandler
 .text.LPTIM1_IRQHandler
                0x0c010e6a        0x2 bl2/CMakeFiles/bl2.dir/__/platform/ext/target/stm/common/stm32h5xx/Device/Source/startup_stm32h5xx_bl2.o
                0x0c010e6a                LPTIM1_IRQHandler
 .text.TIM8_BRK_IRQHandler
                0x0c010e6c        0x2 bl2/CMakeFiles/bl2.dir/__/platform/ext/target/stm/common/stm32h5xx/Device/Source/startup_stm32h5xx_bl2.o
                0x0c010e6c                TIM8_BRK_IRQHandler
 .text.TIM8_UP_IRQHandler
                0x0c010e6e        0x2 bl2/CMakeFiles/bl2.dir/__/platform/ext/target/stm/common/stm32h5xx/Device/Source/startup_stm32h5xx_bl2.o
                0x0c010e6e                TIM8_UP_IRQHandler
 .text.TIM8_TRG_COM_IRQHandler
                0x0c010e70        0x2 bl2/CMakeFiles/bl2.dir/__/platform/ext/target/stm/common/stm32h5xx/Device/Source/startup_stm32h5xx_bl2.o
                0x0c010e70                TIM8_TRG_COM_IRQHandler
 .text.TIM8_CC_IRQHandler
                0x0c010e72        0x2 bl2/CMakeFiles/bl2.dir/__/platform/ext/target/stm/common/stm32h5xx/Device/Source/startup_stm32h5xx_bl2.o
                0x0c010e72                TIM8_CC_IRQHandler
 .text.ADC2_IRQHandler
                0x0c010e74        0x2 bl2/CMakeFiles/bl2.dir/__/platform/ext/target/stm/common/stm32h5xx/Device/Source/startup_stm32h5xx_bl2.o
                0x0c010e74                ADC2_IRQHandler
 .text.LPTIM2_IRQHandler
                0x0c010e76        0x2 bl2/CMakeFiles/bl2.dir/__/platform/ext/target/stm/common/stm32h5xx/Device/Source/startup_stm32h5xx_bl2.o
                0x0c010e76                LPTIM2_IRQHandler
 .text.TIM15_IRQHandler
                0x0c010e78        0x2 bl2/CMakeFiles/bl2.dir/__/platform/ext/target/stm/common/stm32h5xx/Device/Source/startup_stm32h5xx_bl2.o
                0x0c010e78                TIM15_IRQHandler
 .text.TIM16_IRQHandler
                0x0c010e7a        0x2 bl2/CMakeFiles/bl2.dir/__/platform/ext/target/stm/common/stm32h5xx/Device/Source/startup_stm32h5xx_bl2.o
                0x0c010e7a                TIM16_IRQHandler
 .text.TIM17_IRQHandler
                0x0c010e7c        0x2 bl2/CMakeFiles/bl2.dir/__/platform/ext/target/stm/common/stm32h5xx/Device/Source/startup_stm32h5xx_bl2.o
                0x0c010e7c                TIM17_IRQHandler
 .text.OTG_FS_IRQHandler
                0x0c010e7e        0x2 bl2/CMakeFiles/bl2.dir/__/platform/ext/target/stm/common/stm32h5xx/Device/Source/startup_stm32h5xx_bl2.o
                0x0c010e7e                OTG_FS_IRQHandler
 .text.CRS_IRQHandler
                0x0c010e80        0x2 bl2/CMakeFiles/bl2.dir/__/platform/ext/target/stm/common/stm32h5xx/Device/Source/startup_stm32h5xx_bl2.o
                0x0c010e80                CRS_IRQHandler
 .text.UCPD1_IRQHandler
                0x0c010e82        0x2 bl2/CMakeFiles/bl2.dir/__/platform/ext/target/stm/common/stm32h5xx/Device/Source/startup_stm32h5xx_bl2.o
                0x0c010e82                UCPD1_IRQHandler
 .text.FMC_IRQHandler
                0x0c010e84        0x2 bl2/CMakeFiles/bl2.dir/__/platform/ext/target/stm/common/stm32h5xx/Device/Source/startup_stm32h5xx_bl2.o
                0x0c010e84                FMC_IRQHandler
 .text.OCTOSPI1_IRQHandler
                0x0c010e86        0x2 bl2/CMakeFiles/bl2.dir/__/platform/ext/target/stm/common/stm32h5xx/Device/Source/startup_stm32h5xx_bl2.o
                0x0c010e86                OCTOSPI1_IRQHandler
 .text.SDMMC1_IRQHandler
                0x0c010e88        0x2 bl2/CMakeFiles/bl2.dir/__/platform/ext/target/stm/common/stm32h5xx/Device/Source/startup_stm32h5xx_bl2.o
                0x0c010e88                SDMMC1_IRQHandler
 .text.I2C3_EV_IRQHandler
                0x0c010e8a        0x2 bl2/CMakeFiles/bl2.dir/__/platform/ext/target/stm/common/stm32h5xx/Device/Source/startup_stm32h5xx_bl2.o
                0x0c010e8a                I2C3_EV_IRQHandler
 .text.I2C3_ER_IRQHandler
                0x0c010e8c        0x2 bl2/CMakeFiles/bl2.dir/__/platform/ext/target/stm/common/stm32h5xx/Device/Source/startup_stm32h5xx_bl2.o
                0x0c010e8c                I2C3_ER_IRQHandler
 .text.SPI4_IRQHandler
                0x0c010e8e        0x2 bl2/CMakeFiles/bl2.dir/__/platform/ext/target/stm/common/stm32h5xx/Device/Source/startup_stm32h5xx_bl2.o
                0x0c010e8e                SPI4_IRQHandler
 .text.SPI5_IRQHandler
                0x0c010e90        0x2 bl2/CMakeFiles/bl2.dir/__/platform/ext/target/stm/common/stm32h5xx/Device/Source/startup_stm32h5xx_bl2.o
                0x0c010e90                SPI5_IRQHandler
 .text.SPI6_IRQHandler
                0x0c010e92        0x2 bl2/CMakeFiles/bl2.dir/__/platform/ext/target/stm/common/stm32h5xx/Device/Source/startup_stm32h5xx_bl2.o
                0x0c010e92                SPI6_IRQHandler
 .text.USART6_IRQHandler
                0x0c010e94        0x2 bl2/CMakeFiles/bl2.dir/__/platform/ext/target/stm/common/stm32h5xx/Device/Source/startup_stm32h5xx_bl2.o
                0x0c010e94                USART6_IRQHandler
 .text.USART10_IRQHandler
                0x0c010e96        0x2 bl2/CMakeFiles/bl2.dir/__/platform/ext/target/stm/common/stm32h5xx/Device/Source/startup_stm32h5xx_bl2.o
                0x0c010e96                USART10_IRQHandler
 .text.USART11_IRQHandler
                0x0c010e98        0x2 bl2/CMakeFiles/bl2.dir/__/platform/ext/target/stm/common/stm32h5xx/Device/Source/startup_stm32h5xx_bl2.o
                0x0c010e98                USART11_IRQHandler
 .text.SAI1_IRQHandler
                0x0c010e9a        0x2 bl2/CMakeFiles/bl2.dir/__/platform/ext/target/stm/common/stm32h5xx/Device/Source/startup_stm32h5xx_bl2.o
                0x0c010e9a                SAI1_IRQHandler
 .text.SAI2_IRQHandler
                0x0c010e9c        0x2 bl2/CMakeFiles/bl2.dir/__/platform/ext/target/stm/common/stm32h5xx/Device/Source/startup_stm32h5xx_bl2.o
                0x0c010e9c                SAI2_IRQHandler
 .text.GPDMA2_Channel0_IRQHandler
                0x0c010e9e        0x2 bl2/CMakeFiles/bl2.dir/__/platform/ext/target/stm/common/stm32h5xx/Device/Source/startup_stm32h5xx_bl2.o
                0x0c010e9e                GPDMA2_Channel0_IRQHandler
 .text.GPDMA2_Channel1_IRQHandler
                0x0c010ea0        0x2 bl2/CMakeFiles/bl2.dir/__/platform/ext/target/stm/common/stm32h5xx/Device/Source/startup_stm32h5xx_bl2.o
                0x0c010ea0                GPDMA2_Channel1_IRQHandler
 .text.GPDMA2_Channel2_IRQHandler
                0x0c010ea2        0x2 bl2/CMakeFiles/bl2.dir/__/platform/ext/target/stm/common/stm32h5xx/Device/Source/startup_stm32h5xx_bl2.o
                0x0c010ea2                GPDMA2_Channel2_IRQHandler
 .text.GPDMA2_Channel3_IRQHandler
                0x0c010ea4        0x2 bl2/CMakeFiles/bl2.dir/__/platform/ext/target/stm/common/stm32h5xx/Device/Source/startup_stm32h5xx_bl2.o
                0x0c010ea4                GPDMA2_Channel3_IRQHandler
 .text.GPDMA2_Channel4_IRQHandler
                0x0c010ea6        0x2 bl2/CMakeFiles/bl2.dir/__/platform/ext/target/stm/common/stm32h5xx/Device/Source/startup_stm32h5xx_bl2.o
                0x0c010ea6                GPDMA2_Channel4_IRQHandler
 .text.GPDMA2_Channel5_IRQHandler
                0x0c010ea8        0x2 bl2/CMakeFiles/bl2.dir/__/platform/ext/target/stm/common/stm32h5xx/Device/Source/startup_stm32h5xx_bl2.o
                0x0c010ea8                GPDMA2_Channel5_IRQHandler
 .text.GPDMA2_Channel6_IRQHandler
                0x0c010eaa        0x2 bl2/CMakeFiles/bl2.dir/__/platform/ext/target/stm/common/stm32h5xx/Device/Source/startup_stm32h5xx_bl2.o
                0x0c010eaa                GPDMA2_Channel6_IRQHandler
 .text.GPDMA2_Channel7_IRQHandler
                0x0c010eac        0x2 bl2/CMakeFiles/bl2.dir/__/platform/ext/target/stm/common/stm32h5xx/Device/Source/startup_stm32h5xx_bl2.o
                0x0c010eac                GPDMA2_Channel7_IRQHandler
 .text.UART7_IRQHandler
                0x0c010eae        0x2 bl2/CMakeFiles/bl2.dir/__/platform/ext/target/stm/common/stm32h5xx/Device/Source/startup_stm32h5xx_bl2.o
                0x0c010eae                UART7_IRQHandler
 .text.UART8_IRQHandler
                0x0c010eb0        0x2 bl2/CMakeFiles/bl2.dir/__/platform/ext/target/stm/common/stm32h5xx/Device/Source/startup_stm32h5xx_bl2.o
                0x0c010eb0                UART8_IRQHandler
 .text.UART9_IRQHandler
                0x0c010eb2        0x2 bl2/CMakeFiles/bl2.dir/__/platform/ext/target/stm/common/stm32h5xx/Device/Source/startup_stm32h5xx_bl2.o
                0x0c010eb2                UART9_IRQHandler
 .text.UART12_IRQHandler
                0x0c010eb4        0x2 bl2/CMakeFiles/bl2.dir/__/platform/ext/target/stm/common/stm32h5xx/Device/Source/startup_stm32h5xx_bl2.o
                0x0c010eb4                UART12_IRQHandler
 .text.SDMMC2_IRQHandler
                0x0c010eb6        0x2 bl2/CMakeFiles/bl2.dir/__/platform/ext/target/stm/common/stm32h5xx/Device/Source/startup_stm32h5xx_bl2.o
                0x0c010eb6                SDMMC2_IRQHandler
 .text.FPU_IRQHandler
                0x0c010eb8        0x2 bl2/CMakeFiles/bl2.dir/__/platform/ext/target/stm/common/stm32h5xx/Device/Source/startup_stm32h5xx_bl2.o
                0x0c010eb8                FPU_IRQHandler
 .text.ICACHE_IRQHandler
                0x0c010eba        0x2 bl2/CMakeFiles/bl2.dir/__/platform/ext/target/stm/common/stm32h5xx/Device/Source/startup_stm32h5xx_bl2.o
                0x0c010eba                ICACHE_IRQHandler
 .text.DCACHE_IRQHandler
                0x0c010ebc        0x2 bl2/CMakeFiles/bl2.dir/__/platform/ext/target/stm/common/stm32h5xx/Device/Source/startup_stm32h5xx_bl2.o
                0x0c010ebc                DCACHE_IRQHandler
 .text.ETH_IRQHandler
                0x0c010ebe        0x2 bl2/CMakeFiles/bl2.dir/__/platform/ext/target/stm/common/stm32h5xx/Device/Source/startup_stm32h5xx_bl2.o
                0x0c010ebe                ETH_IRQHandler
 .text.ETH_WKUP_IRQHandler
                0x0c010ec0        0x2 bl2/CMakeFiles/bl2.dir/__/platform/ext/target/stm/common/stm32h5xx/Device/Source/startup_stm32h5xx_bl2.o
                0x0c010ec0                ETH_WKUP_IRQHandler
 .text.DCMI_PSSI_IRQHandler
                0x0c010ec2        0x2 bl2/CMakeFiles/bl2.dir/__/platform/ext/target/stm/common/stm32h5xx/Device/Source/startup_stm32h5xx_bl2.o
                0x0c010ec2                DCMI_PSSI_IRQHandler
 .text.FDCAN2_IT0_IRQHandler
                0x0c010ec4        0x2 bl2/CMakeFiles/bl2.dir/__/platform/ext/target/stm/common/stm32h5xx/Device/Source/startup_stm32h5xx_bl2.o
                0x0c010ec4                FDCAN2_IT0_IRQHandler
 .text.FDCAN2_IT1_IRQHandler
                0x0c010ec6        0x2 bl2/CMakeFiles/bl2.dir/__/platform/ext/target/stm/common/stm32h5xx/Device/Source/startup_stm32h5xx_bl2.o
                0x0c010ec6                FDCAN2_IT1_IRQHandler
 .text.CORDIC_IRQHandler
                0x0c010ec8        0x2 bl2/CMakeFiles/bl2.dir/__/platform/ext/target/stm/common/stm32h5xx/Device/Source/startup_stm32h5xx_bl2.o
                0x0c010ec8                CORDIC_IRQHandler
 .text.FMAC_IRQHandler
                0x0c010eca        0x2 bl2/CMakeFiles/bl2.dir/__/platform/ext/target/stm/common/stm32h5xx/Device/Source/startup_stm32h5xx_bl2.o
                0x0c010eca                FMAC_IRQHandler
 .text.DTS_IRQHandler
                0x0c010ecc        0x2 bl2/CMakeFiles/bl2.dir/__/platform/ext/target/stm/common/stm32h5xx/Device/Source/startup_stm32h5xx_bl2.o
                0x0c010ecc                DTS_IRQHandler
 .text.RNG_IRQHandler
                0x0c010ece        0x2 bl2/CMakeFiles/bl2.dir/__/platform/ext/target/stm/common/stm32h5xx/Device/Source/startup_stm32h5xx_bl2.o
                0x0c010ece                RNG_IRQHandler
 .text.OTFDEC1_IRQHandler
                0x0c010ed0        0x2 bl2/CMakeFiles/bl2.dir/__/platform/ext/target/stm/common/stm32h5xx/Device/Source/startup_stm32h5xx_bl2.o
                0x0c010ed0                OTFDEC1_IRQHandler
 .text.AES_IRQHandler
                0x0c010ed2        0x2 bl2/CMakeFiles/bl2.dir/__/platform/ext/target/stm/common/stm32h5xx/Device/Source/startup_stm32h5xx_bl2.o
                0x0c010ed2                AES_IRQHandler
 .text.HASH_IRQHandler
                0x0c010ed4        0x2 bl2/CMakeFiles/bl2.dir/__/platform/ext/target/stm/common/stm32h5xx/Device/Source/startup_stm32h5xx_bl2.o
                0x0c010ed4                HASH_IRQHandler
 .text.PKA_IRQHandler
                0x0c010ed6        0x2 bl2/CMakeFiles/bl2.dir/__/platform/ext/target/stm/common/stm32h5xx/Device/Source/startup_stm32h5xx_bl2.o
                0x0c010ed6                PKA_IRQHandler
 .text.CEC_IRQHandler
                0x0c010ed8        0x2 bl2/CMakeFiles/bl2.dir/__/platform/ext/target/stm/common/stm32h5xx/Device/Source/startup_stm32h5xx_bl2.o
                0x0c010ed8                CEC_IRQHandler
 .text.TIM12_IRQHandler
                0x0c010eda        0x2 bl2/CMakeFiles/bl2.dir/__/platform/ext/target/stm/common/stm32h5xx/Device/Source/startup_stm32h5xx_bl2.o
                0x0c010eda                TIM12_IRQHandler
 .text.TIM13_IRQHandler
                0x0c010edc        0x2 bl2/CMakeFiles/bl2.dir/__/platform/ext/target/stm/common/stm32h5xx/Device/Source/startup_stm32h5xx_bl2.o
                0x0c010edc                TIM13_IRQHandler
 .text.TIM14_IRQHandler
                0x0c010ede        0x2 bl2/CMakeFiles/bl2.dir/__/platform/ext/target/stm/common/stm32h5xx/Device/Source/startup_stm32h5xx_bl2.o
                0x0c010ede                TIM14_IRQHandler
 .text.I3C1_EV_IRQHandler
                0x0c010ee0        0x2 bl2/CMakeFiles/bl2.dir/__/platform/ext/target/stm/common/stm32h5xx/Device/Source/startup_stm32h5xx_bl2.o
                0x0c010ee0                I3C1_EV_IRQHandler
 .text.I3C1_ER_IRQHandler
                0x0c010ee2        0x2 bl2/CMakeFiles/bl2.dir/__/platform/ext/target/stm/common/stm32h5xx/Device/Source/startup_stm32h5xx_bl2.o
                0x0c010ee2                I3C1_ER_IRQHandler
 .text.I2C4_EV_IRQHandler
                0x0c010ee4        0x2 bl2/CMakeFiles/bl2.dir/__/platform/ext/target/stm/common/stm32h5xx/Device/Source/startup_stm32h5xx_bl2.o
                0x0c010ee4                I2C4_EV_IRQHandler
 .text.I2C4_ER_IRQHandler
                0x0c010ee6        0x2 bl2/CMakeFiles/bl2.dir/__/platform/ext/target/stm/common/stm32h5xx/Device/Source/startup_stm32h5xx_bl2.o
                0x0c010ee6                I2C4_ER_IRQHandler
 .text.LPTIM3_IRQHandler
                0x0c010ee8        0x2 bl2/CMakeFiles/bl2.dir/__/platform/ext/target/stm/common/stm32h5xx/Device/Source/startup_stm32h5xx_bl2.o
                0x0c010ee8                LPTIM3_IRQHandler
 .text.LPTIM4_IRQHandler
                0x0c010eea        0x2 bl2/CMakeFiles/bl2.dir/__/platform/ext/target/stm/common/stm32h5xx/Device/Source/startup_stm32h5xx_bl2.o
                0x0c010eea                LPTIM4_IRQHandler
 .text.LPTIM5_IRQHandler
                0x0c010eec        0x2 bl2/CMakeFiles/bl2.dir/__/platform/ext/target/stm/common/stm32h5xx/Device/Source/startup_stm32h5xx_bl2.o
                0x0c010eec                LPTIM5_IRQHandler
 .text.LPTIM6_IRQHandler
                0x0c010eee        0x2 bl2/CMakeFiles/bl2.dir/__/platform/ext/target/stm/common/stm32h5xx/Device/Source/startup_stm32h5xx_bl2.o
                0x0c010eee                LPTIM6_IRQHandler
 .text.Reset_Handler
                0x0c010ef0       0xd4 bl2/CMakeFiles/bl2.dir/__/platform/ext/target/stm/common/stm32h5xx/Device/Source/startup_stm32h5xx_bl2.o
                0x0c010ef0                Reset_Handler
 .text.boot_add_data_to_shared_area
                0x0c010fc4       0xe0 bl2/ext/mcuboot/bootutil/libbootutil.a(boot_record.o)
                0x0c010fc4                boot_add_data_to_shared_area
 .text.boot_save_boot_status
                0x0c0110a4       0xa2 bl2/ext/mcuboot/bootutil/libbootutil.a(boot_record.o)
                0x0c0110a4                boot_save_boot_status
 *fill*         0x0c011146        0x2 
 .text.fih_cfi_get_and_increment
                0x0c011148       0x10 bl2/ext/mcuboot/bootutil/libbootutil.a(fault_injection_hardening.o)
                0x0c011148                fih_cfi_get_and_increment
 .text.fih_cfi_decrement
                0x0c011158       0x10 bl2/ext/mcuboot/bootutil/libbootutil.a(fault_injection_hardening.o)
                0x0c011158                fih_cfi_decrement
 .text.fih_panic_loop
                0x0c011168       0x26 bl2/ext/mcuboot/bootutil/libbootutil.a(fault_injection_hardening.o)
                0x0c011168                fih_panic_loop
 *fill*         0x0c01118e        0x2 
 .text.fih_cfi_validate
                0x0c011190       0x14 bl2/ext/mcuboot/bootutil/libbootutil.a(fault_injection_hardening.o)
                0x0c011190                fih_cfi_validate
 .text.boot_validate_slot.isra.0
                0x0c0111a4       0xa8 bl2/ext/mcuboot/bootutil/libbootutil.a(loader.o)
 .text.boot_get_image_max_sizes
                0x0c01124c        0x8 bl2/ext/mcuboot/bootutil/libbootutil.a(loader.o)
                0x0c01124c                boot_get_image_max_sizes
 .text.boot_status_is_reset
                0x0c011254       0x1a bl2/ext/mcuboot/bootutil/libbootutil.a(loader.o)
                0x0c011254                boot_status_is_reset
 *fill*         0x0c01126e        0x2 
 .text.boot_swap_image.isra.0
                0x0c011270       0x9c bl2/ext/mcuboot/bootutil/libbootutil.a(loader.o)
 .text.boot_write_status
                0x0c01130c       0x6c bl2/ext/mcuboot/bootutil/libbootutil.a(loader.o)
                0x0c01130c                boot_write_status
 .text.boot_copy_region
                0x0c011378       0x54 bl2/ext/mcuboot/bootutil/libbootutil.a(loader.o)
                0x0c011378                boot_copy_region
 .text.context_boot_go
                0x0c0113cc      0x714 bl2/ext/mcuboot/bootutil/libbootutil.a(loader.o)
                0x0c0113cc                context_boot_go
 .text.boot_go_for_image_id
                0x0c011ae0       0x54 bl2/ext/mcuboot/bootutil/libbootutil.a(loader.o)
                0x0c011ae0                boot_go_for_image_id
 .text.swap_scramble_trailer_sectors
                0x0c011b34       0x32 bl2/ext/mcuboot/bootutil/libbootutil.a(swap_misc.o)
                0x0c011b34                swap_scramble_trailer_sectors
 .text.swap_status_init
                0x0c011b66       0x48 bl2/ext/mcuboot/bootutil/libbootutil.a(swap_misc.o)
                0x0c011b66                swap_status_init
 .text.swap_read_status
                0x0c011bae       0x78 bl2/ext/mcuboot/bootutil/libbootutil.a(swap_misc.o)
                0x0c011bae                swap_read_status
 .text.swap_set_copy_done
                0x0c011c26       0x30 bl2/ext/mcuboot/bootutil/libbootutil.a(swap_misc.o)
                0x0c011c26                swap_set_copy_done
 .text.swap_set_image_ok
                0x0c011c56       0x48 bl2/ext/mcuboot/bootutil/libbootutil.a(swap_misc.o)
                0x0c011c56                swap_set_image_ok
 .text.find_last_sector_idx
                0x0c011c9e       0x5c bl2/ext/mcuboot/bootutil/libbootutil.a(swap_scratch.o)
 .text.boot_get_first_trailer_sector
                0x0c011cfa       0x30 bl2/ext/mcuboot/bootutil/libbootutil.a(swap_scratch.o)
 .text.get_first_trailer_sector_end_off
                0x0c011d2a       0x2e bl2/ext/mcuboot/bootutil/libbootutil.a(swap_scratch.o)
 .text.swap_read_status_bytes
                0x0c011d58       0xb4 bl2/ext/mcuboot/bootutil/libbootutil.a(swap_scratch.o)
                0x0c011d58                swap_read_status_bytes
 .text.boot_status_internal_off
                0x0c011e0c       0x16 bl2/ext/mcuboot/bootutil/libbootutil.a(swap_scratch.o)
                0x0c011e0c                boot_status_internal_off
 *fill*         0x0c011e22        0x2 
 .text.boot_slots_compatible
                0x0c011e24       0xd0 bl2/ext/mcuboot/bootutil/libbootutil.a(swap_scratch.o)
                0x0c011e24                boot_slots_compatible
 .text.swap_status_source
                0x0c011ef4      0x12c bl2/ext/mcuboot/bootutil/libbootutil.a(swap_scratch.o)
                0x0c011ef4                swap_status_source
 .text.swap_run
                0x0c012020      0x2dc bl2/ext/mcuboot/bootutil/libbootutil.a(swap_scratch.o)
                0x0c012020                swap_run
 .text.app_max_size
                0x0c0122fc       0xf0 bl2/ext/mcuboot/bootutil/libbootutil.a(swap_scratch.o)
                0x0c0122fc                app_max_size
 .text.boot_read_image_header
                0x0c0123ec       0xdc bl2/ext/mcuboot/bootutil/libbootutil.a(swap_scratch.o)
                0x0c0123ec                boot_read_image_header
 .text.bootutil_tlv_iter_begin
                0x0c0124c8       0x98 bl2/ext/mcuboot/bootutil/libbootutil.a(tlv.o)
                0x0c0124c8                bootutil_tlv_iter_begin
 .text.bootutil_tlv_iter_next
                0x0c012560       0x94 bl2/ext/mcuboot/bootutil/libbootutil.a(tlv.o)
                0x0c012560                bootutil_tlv_iter_next
 .text.boot_fih_memequal
                0x0c0125f4       0x2c bl2/ext/mcuboot/bootutil/libbootutil.a(bootutil_misc.o)
                0x0c0125f4                boot_fih_memequal
 .text.boot_status_entries
                0x0c012620       0x3a bl2/ext/mcuboot/bootutil/libbootutil.a(bootutil_misc.o)
                0x0c012620                boot_status_entries
 .text.boot_status_off
                0x0c01265a       0x1e bl2/ext/mcuboot/bootutil/libbootutil.a(bootutil_misc.o)
                0x0c01265a                boot_status_off
 .text.boot_find_status
                0x0c012678       0x60 bl2/ext/mcuboot/bootutil/libbootutil.a(bootutil_misc.o)
                0x0c012678                boot_find_status
 .text.boot_read_swap_size
                0x0c0126d8       0x1c bl2/ext/mcuboot/bootutil/libbootutil.a(bootutil_misc.o)
                0x0c0126d8                boot_read_swap_size
 .text.boot_write_swap_size
                0x0c0126f4       0x1e bl2/ext/mcuboot/bootutil/libbootutil.a(bootutil_misc.o)
                0x0c0126f4                boot_write_swap_size
 .text.bootutil_max_image_size
                0x0c012712        0x4 bl2/ext/mcuboot/bootutil/libbootutil.a(bootutil_misc.o)
                0x0c012712                bootutil_max_image_size
 .text.boot_read_image_size
                0x0c012716       0x9a bl2/ext/mcuboot/bootutil/libbootutil.a(bootutil_misc.o)
                0x0c012716                boot_read_image_size
 .text.boot_initialize_area
                0x0c0127b0       0x6a bl2/ext/mcuboot/bootutil/libbootutil.a(bootutil_misc.o)
                0x0c0127b0                boot_initialize_area
 *fill*         0x0c01281a        0x2 
 .text.boot_read_sectors
                0x0c01281c       0xa4 bl2/ext/mcuboot/bootutil/libbootutil.a(bootutil_misc.o)
                0x0c01281c                boot_read_sectors
 .text.boot_trailer_sz
                0x0c0128c0        0x8 bl2/ext/mcuboot/bootutil/libbootutil.a(bootutil_area.o)
                0x0c0128c0                boot_trailer_sz
 .text.boot_scratch_trailer_sz
                0x0c0128c8        0x8 bl2/ext/mcuboot/bootutil/libbootutil.a(bootutil_area.o)
                0x0c0128c8                boot_scratch_trailer_sz
 .text.boot_trailer_scramble_offset
                0x0c0128d0       0x36 bl2/ext/mcuboot/bootutil/libbootutil.a(bootutil_area.o)
                0x0c0128d0                boot_trailer_scramble_offset
 .text.boot_erase_region
                0x0c012906       0x7e bl2/ext/mcuboot/bootutil/libbootutil.a(bootutil_area.o)
                0x0c012906                boot_erase_region
 .text.boot_scramble_region
                0x0c012984       0x10 bl2/ext/mcuboot/bootutil/libbootutil.a(bootutil_area.o)
                0x0c012984                boot_scramble_region
 .text.boot_scramble_slot
                0x0c012994        0xa bl2/ext/mcuboot/bootutil/libbootutil.a(bootutil_area.o)
                0x0c012994                boot_scramble_slot
 .text.boot_check_header_erased
                0x0c01299e       0x18 bl2/ext/mcuboot/bootutil/libbootutil.a(bootutil_loader.o)
                0x0c01299e                boot_check_header_erased
 *fill*         0x0c0129b6        0x2 
 .text.boot_check_header_valid
                0x0c0129b8       0x4c bl2/ext/mcuboot/bootutil/libbootutil.a(bootutil_loader.o)
                0x0c0129b8                boot_check_header_valid
 .text.boot_read_image_headers
                0x0c012a04       0x44 bl2/ext/mcuboot/bootutil/libbootutil.a(bootutil_loader.o)
                0x0c012a04                boot_read_image_headers
 .text.boot_check_image
                0x0c012a48       0x50 bl2/ext/mcuboot/bootutil/libbootutil.a(bootutil_loader.o)
                0x0c012a48                boot_check_image
 .text.boot_compare_version
                0x0c012a98       0x2c bl2/ext/mcuboot/bootutil/libbootutil.a(bootutil_loader.o)
                0x0c012a98                boot_compare_version
 .text.boot_update_security_counter
                0x0c012ac4       0x30 bl2/ext/mcuboot/bootutil/libbootutil.a(bootutil_loader.o)
                0x0c012ac4                boot_update_security_counter
 .text.boot_add_shared_data
                0x0c012af4       0x60 bl2/ext/mcuboot/bootutil/libbootutil.a(bootutil_loader.o)
                0x0c012af4                boot_add_shared_data
 .text.boot_close_all_flash_areas
                0x0c012b54       0x4a bl2/ext/mcuboot/bootutil/libbootutil.a(bootutil_loader.o)
                0x0c012b54                boot_close_all_flash_areas
 *fill*         0x0c012b9e        0x2 
 .text.boot_open_all_flash_areas
                0x0c012ba0       0xa8 bl2/ext/mcuboot/bootutil/libbootutil.a(bootutil_loader.o)
                0x0c012ba0                boot_open_all_flash_areas
 .text.boot_swap_info_off
                0x0c012c48        0xc bl2/ext/mcuboot/bootutil/libbootutil.a(bootutil_public.o)
                0x0c012c48                boot_swap_info_off
 .text.boot_magic_compatible_check
                0x0c012c54       0x1c bl2/ext/mcuboot/bootutil/libbootutil.a(bootutil_public.o)
                0x0c012c54                boot_magic_compatible_check
 .text.bootutil_buffer_is_erased
                0x0c012c70       0x26 bl2/ext/mcuboot/bootutil/libbootutil.a(bootutil_public.o)
                0x0c012c70                bootutil_buffer_is_erased
 .text.boot_read_flag
                0x0c012c96       0x38 bl2/ext/mcuboot/bootutil/libbootutil.a(bootutil_public.o)
 *fill*         0x0c012cce        0x2 
 .text.boot_write_magic
                0x0c012cd0       0x40 bl2/ext/mcuboot/bootutil/libbootutil.a(bootutil_public.o)
                0x0c012cd0                boot_write_magic
 .text.boot_write_trailer
                0x0c012d10       0x58 bl2/ext/mcuboot/bootutil/libbootutil.a(bootutil_public.o)
                0x0c012d10                boot_write_trailer
 .text.boot_write_trailer_flag
                0x0c012d68       0x14 bl2/ext/mcuboot/bootutil/libbootutil.a(bootutil_public.o)
                0x0c012d68                boot_write_trailer_flag
 .text.boot_write_image_ok
                0x0c012d7c        0xe bl2/ext/mcuboot/bootutil/libbootutil.a(bootutil_public.o)
                0x0c012d7c                boot_write_image_ok
 .text.boot_read_image_ok
                0x0c012d8a        0xc bl2/ext/mcuboot/bootutil/libbootutil.a(bootutil_public.o)
                0x0c012d8a                boot_read_image_ok
 *fill*         0x0c012d96        0x2 
 .text.boot_read_swap_state
                0x0c012d98       0xac bl2/ext/mcuboot/bootutil/libbootutil.a(bootutil_public.o)
                0x0c012d98                boot_read_swap_state
 .text.boot_read_swap_state_by_id
                0x0c012e44       0x28 bl2/ext/mcuboot/bootutil/libbootutil.a(bootutil_public.o)
                0x0c012e44                boot_read_swap_state_by_id
 .text.boot_write_swap_info
                0x0c012e6c       0x22 bl2/ext/mcuboot/bootutil/libbootutil.a(bootutil_public.o)
                0x0c012e6c                boot_write_swap_info
 *fill*         0x0c012e8e        0x2 
 .text.boot_swap_type_multi
                0x0c012e90       0xf0 bl2/ext/mcuboot/bootutil/libbootutil.a(bootutil_public.o)
                0x0c012e90                boot_swap_type_multi
 .text.boot_write_copy_done
                0x0c012f80       0x10 bl2/ext/mcuboot/bootutil/libbootutil.a(bootutil_public.o)
                0x0c012f80                boot_write_copy_done
 .text.bootutil_img_validate
                0x0c012f90      0x1fc bl2/ext/mcuboot/bootutil/libbootutil.a(image_validate.o)
                0x0c012f90                bootutil_img_validate
 .text.bootutil_find_key
                0x0c01318c       0xa8 bl2/ext/mcuboot/bootutil/libbootutil.a(bootutil_find_key.o)
                0x0c01318c                bootutil_find_key
 .text.bootutil_img_hash
                0x0c013234       0xa0 bl2/ext/mcuboot/bootutil/libbootutil.a(bootutil_img_hash.o)
                0x0c013234                bootutil_img_hash
 .text.bootutil_get_img_security_cnt
                0x0c0132d4       0x6c bl2/ext/mcuboot/bootutil/libbootutil.a(bootutil_img_security_cnt.o)
                0x0c0132d4                bootutil_get_img_security_cnt
 .text.bootutil_verify_sig
                0x0c013340       0xcc bl2/ext/mcuboot/bootutil/libbootutil.a(image_rsa.o)
                0x0c013340                bootutil_verify_sig
 .text.psa_crypto_init
                0x0c01340c        0x4 bl2/libbl2_crypto.a(thin_psa_crypto_core.o)
                0x0c01340c                psa_crypto_init
 .text.psa_hash_abort
                0x0c013410       0x34 bl2/libbl2_crypto.a(thin_psa_crypto_core.o)
                0x0c013410                psa_hash_abort
 .text.psa_hash_setup
                0x0c013444       0x36 bl2/libbl2_crypto.a(thin_psa_crypto_core.o)
                0x0c013444                psa_hash_setup
 .text.psa_hash_update
                0x0c01347a       0x38 bl2/libbl2_crypto.a(thin_psa_crypto_core.o)
                0x0c01347a                psa_hash_update
 .text.psa_hash_finish
                0x0c0134b2       0x46 bl2/libbl2_crypto.a(thin_psa_crypto_core.o)
                0x0c0134b2                psa_hash_finish
 .text.psa_import_key
                0x0c0134f8       0x68 bl2/libbl2_crypto.a(thin_psa_crypto_core.o)
                0x0c0134f8                psa_import_key
 .text.psa_get_key_attributes
                0x0c013560       0x14 bl2/libbl2_crypto.a(thin_psa_crypto_core.o)
                0x0c013560                psa_get_key_attributes
 .text.psa_destroy_key
                0x0c013574       0x4c bl2/libbl2_crypto.a(thin_psa_crypto_core.o)
                0x0c013574                psa_destroy_key
 .text.mbedtls_psa_crypto_free
                0x0c0135c0        0x2 bl2/libbl2_crypto.a(thin_psa_crypto_core.o)
                0x0c0135c0                mbedtls_psa_crypto_free
 .text.mbedtls_to_psa_error
                0x0c0135c2        0xa bl2/libbl2_crypto.a(thin_psa_crypto_core.o)
                0x0c0135c2                mbedtls_to_psa_error
 .text.psa_verify_hash_builtin
                0x0c0135cc       0x54 bl2/libbl2_crypto.a(thin_psa_crypto_core.o)
                0x0c0135cc                psa_verify_hash_builtin
 .text.psa_verify_hash
                0x0c013620       0x38 bl2/libbl2_crypto.a(thin_psa_crypto_core.o)
                0x0c013620                psa_verify_hash
 .text.mbedtls_platform_zeroize
                0x0c013658       0x18 bl2/libbl2_crypto.a(platform_util.o)
                0x0c013658                mbedtls_platform_zeroize
 .text.mbedtls_zeroize_and_free
                0x0c013670       0x14 bl2/libbl2_crypto.a(platform_util.o)
                0x0c013670                mbedtls_zeroize_and_free
 .text.verify_header
                0x0c013684       0x40 bl2/libbl2_crypto.a(memory_buffer_alloc.o)
 .text.verify_chain
                0x0c0136c4       0x40 bl2/libbl2_crypto.a(memory_buffer_alloc.o)
 .text.buffer_alloc_calloc
                0x0c013704      0x118 bl2/libbl2_crypto.a(memory_buffer_alloc.o)
 .text.buffer_alloc_free
                0x0c01381c      0x110 bl2/libbl2_crypto.a(memory_buffer_alloc.o)
 .text.mbedtls_memory_buffer_alloc_init
                0x0c01392c       0x64 bl2/libbl2_crypto.a(memory_buffer_alloc.o)
                0x0c01392c                mbedtls_memory_buffer_alloc_init
 .text.mbedtls_psa_hash_abort
                0x0c013990       0x24 bl2/libbl2_crypto.a(psa_crypto_hash.o)
                0x0c013990                mbedtls_psa_hash_abort
 .text.mbedtls_psa_hash_setup
                0x0c0139b4       0x58 bl2/libbl2_crypto.a(psa_crypto_hash.o)
                0x0c0139b4                mbedtls_psa_hash_setup
 .text.mbedtls_psa_hash_update
                0x0c013a0c       0x24 bl2/libbl2_crypto.a(psa_crypto_hash.o)
                0x0c013a0c                mbedtls_psa_hash_update
 .text.mbedtls_psa_hash_finish
                0x0c013a30       0x64 bl2/libbl2_crypto.a(psa_crypto_hash.o)
                0x0c013a30                mbedtls_psa_hash_finish
 .text.mbedtls_internal_sha256_process.isra.0
                0x0c013a94      0x6c4 bl2/libbl2_crypto.a(sha256.o)
 .text.mbedtls_sha256_init
                0x0c014158        0x8 bl2/libbl2_crypto.a(sha256.o)
                0x0c014158                mbedtls_sha256_init
 .text.mbedtls_sha256_free
                0x0c014160        0xa bl2/libbl2_crypto.a(sha256.o)
                0x0c014160                mbedtls_sha256_free
 *fill*         0x0c01416a        0x2 
 .text.mbedtls_sha256_starts
                0x0c01416c       0x5c bl2/libbl2_crypto.a(sha256.o)
                0x0c01416c                mbedtls_sha256_starts
 .text.mbedtls_sha256_update
                0x0c0141c8       0x80 bl2/libbl2_crypto.a(sha256.o)
                0x0c0141c8                mbedtls_sha256_update
 .text.mbedtls_sha256_finish
                0x0c014248      0x11c bl2/libbl2_crypto.a(sha256.o)
                0x0c014248                mbedtls_sha256_finish
 .text.psa_rsa_decode_md_type
                0x0c014364       0x78 bl2/libbl2_crypto.a(psa_crypto_rsa.o)
 .text.mbedtls_psa_rsa_load_representation
                0x0c0143dc       0x66 bl2/libbl2_crypto.a(psa_crypto_rsa.o)
                0x0c0143dc                mbedtls_psa_rsa_load_representation
 *fill*         0x0c014442        0x2 
 .text.mbedtls_psa_rsa_verify_hash
                0x0c014444       0xcc bl2/libbl2_crypto.a(psa_crypto_rsa.o)
                0x0c014444                mbedtls_psa_rsa_verify_hash
 .text.mbedtls_md_get_size_from_type
                0x0c014510        0xe bl2/libbl2_crypto.a(rsa.o)
 .text.mgf_mask
                0x0c01451e       0xd2 bl2/libbl2_crypto.a(rsa.o)
 .text.hash_mprime
                0x0c0145f0       0x88 bl2/libbl2_crypto.a(rsa.o)
 .text.asn1_get_nonzero_mpi
                0x0c014678       0x20 bl2/libbl2_crypto.a(rsa.o)
 .text.rsa_check_context.isra.0
                0x0c014698       0xb6 bl2/libbl2_crypto.a(rsa.o)
 .text.mbedtls_rsa_init
                0x0c01474e       0x14 bl2/libbl2_crypto.a(rsa.o)
                0x0c01474e                mbedtls_rsa_init
 .text.mbedtls_rsa_set_padding
                0x0c014762       0x28 bl2/libbl2_crypto.a(rsa.o)
                0x0c014762                mbedtls_rsa_set_padding
 .text.mbedtls_rsa_get_len
                0x0c01478a        0x4 bl2/libbl2_crypto.a(rsa.o)
                0x0c01478a                mbedtls_rsa_get_len
 *fill*         0x0c01478e        0x2 
 .text.mbedtls_rsa_check_pubkey
                0x0c014790       0x4c bl2/libbl2_crypto.a(rsa.o)
                0x0c014790                mbedtls_rsa_check_pubkey
 .text.mbedtls_rsa_parse_pubkey
                0x0c0147dc       0xc0 bl2/libbl2_crypto.a(rsa.o)
                0x0c0147dc                mbedtls_rsa_parse_pubkey
 .text.mbedtls_rsa_check_privkey
                0x0c01489c       0x68 bl2/libbl2_crypto.a(rsa.o)
                0x0c01489c                mbedtls_rsa_check_privkey
 .text.mbedtls_rsa_public
                0x0c014904       0x70 bl2/libbl2_crypto.a(rsa.o)
                0x0c014904                mbedtls_rsa_public
 .text.mbedtls_rsa_rsassa_pss_verify_ext
                0x0c014974      0x126 bl2/libbl2_crypto.a(rsa.o)
                0x0c014974                mbedtls_rsa_rsassa_pss_verify_ext
 .text.mbedtls_rsa_free
                0x0c014a9a       0x70 bl2/libbl2_crypto.a(rsa.o)
                0x0c014a9a                mbedtls_rsa_free
 *fill*         0x0c014b0a        0x2 
 .text.mbedtls_rsa_parse_key
                0x0c014b0c      0x104 bl2/libbl2_crypto.a(rsa.o)
                0x0c014b0c                mbedtls_rsa_parse_key
 .text.mbedtls_rsa_validate_params
                0x0c014c10      0x190 bl2/libbl2_crypto.a(rsa_alt_helpers.o)
                0x0c014c10                mbedtls_rsa_validate_params
 .text.mbedtls_rsa_validate_crt
                0x0c014da0      0x10c bl2/libbl2_crypto.a(rsa_alt_helpers.o)
                0x0c014da0                mbedtls_rsa_validate_crt
 .text.mbedtls_ct_mpi_sign_if
                0x0c014eac       0x1c bl2/libbl2_crypto.a(bignum.o)
 .text.mbedtls_mpi_init
                0x0c014ec8        0xa bl2/libbl2_crypto.a(bignum.o)
                0x0c014ec8                mbedtls_mpi_init
 .text.mbedtls_mpi_free
                0x0c014ed2       0x1c bl2/libbl2_crypto.a(bignum.o)
                0x0c014ed2                mbedtls_mpi_free
 .text.mbedtls_mpi_grow
                0x0c014eee       0x48 bl2/libbl2_crypto.a(bignum.o)
                0x0c014eee                mbedtls_mpi_grow
 .text.mbedtls_mpi_resize_clear
                0x0c014f36       0x36 bl2/libbl2_crypto.a(bignum.o)
 .text.mbedtls_mpi_shrink
                0x0c014f6c       0x62 bl2/libbl2_crypto.a(bignum.o)
                0x0c014f6c                mbedtls_mpi_shrink
 .text.mbedtls_mpi_copy
                0x0c014fce       0x6e bl2/libbl2_crypto.a(bignum.o)
                0x0c014fce                mbedtls_mpi_copy
 .text.mbedtls_mpi_lset
                0x0c01503c       0x38 bl2/libbl2_crypto.a(bignum.o)
                0x0c01503c                mbedtls_mpi_lset
 .text.mbedtls_mpi_get_bit
                0x0c015074       0x20 bl2/libbl2_crypto.a(bignum.o)
                0x0c015074                mbedtls_mpi_get_bit
 .text.mbedtls_mpi_bitlen
                0x0c015094        0x8 bl2/libbl2_crypto.a(bignum.o)
                0x0c015094                mbedtls_mpi_bitlen
 .text.mbedtls_mpi_size
                0x0c01509c        0xc bl2/libbl2_crypto.a(bignum.o)
                0x0c01509c                mbedtls_mpi_size
 .text.mbedtls_mpi_read_binary
                0x0c0150a8       0x30 bl2/libbl2_crypto.a(bignum.o)
                0x0c0150a8                mbedtls_mpi_read_binary
 .text.mbedtls_mpi_write_binary
                0x0c0150d8        0xc bl2/libbl2_crypto.a(bignum.o)
                0x0c0150d8                mbedtls_mpi_write_binary
 .text.mbedtls_mpi_shift_l
                0x0c0150e4       0x3e bl2/libbl2_crypto.a(bignum.o)
                0x0c0150e4                mbedtls_mpi_shift_l
 .text.mbedtls_mpi_shift_r
                0x0c015122       0x12 bl2/libbl2_crypto.a(bignum.o)
                0x0c015122                mbedtls_mpi_shift_r
 .text.mbedtls_mpi_cmp_abs
                0x0c015134       0x5e bl2/libbl2_crypto.a(bignum.o)
                0x0c015134                mbedtls_mpi_cmp_abs
 .text.mbedtls_mpi_cmp_mpi
                0x0c015192       0x90 bl2/libbl2_crypto.a(bignum.o)
                0x0c015192                mbedtls_mpi_cmp_mpi
 .text.mbedtls_mpi_cmp_int
                0x0c015222       0x30 bl2/libbl2_crypto.a(bignum.o)
                0x0c015222                mbedtls_mpi_cmp_int
 .text.mbedtls_mpi_add_abs
                0x0c015252       0x9a bl2/libbl2_crypto.a(bignum.o)
                0x0c015252                mbedtls_mpi_add_abs
 .text.mbedtls_mpi_sub_abs
                0x0c0152ec       0xa8 bl2/libbl2_crypto.a(bignum.o)
                0x0c0152ec                mbedtls_mpi_sub_abs
 .text.add_sub_mpi
                0x0c015394       0x66 bl2/libbl2_crypto.a(bignum.o)
 .text.mbedtls_mpi_add_mpi
                0x0c0153fa        0x6 bl2/libbl2_crypto.a(bignum.o)
                0x0c0153fa                mbedtls_mpi_add_mpi
 .text.mbedtls_mpi_sub_mpi
                0x0c015400        0x8 bl2/libbl2_crypto.a(bignum.o)
                0x0c015400                mbedtls_mpi_sub_mpi
 .text.mbedtls_mpi_sub_int
                0x0c015408       0x30 bl2/libbl2_crypto.a(bignum.o)
                0x0c015408                mbedtls_mpi_sub_int
 .text.mbedtls_mpi_mul_mpi
                0x0c015438       0xd8 bl2/libbl2_crypto.a(bignum.o)
                0x0c015438                mbedtls_mpi_mul_mpi
 .text.mbedtls_mpi_mul_int
                0x0c015510       0x64 bl2/libbl2_crypto.a(bignum.o)
                0x0c015510                mbedtls_mpi_mul_int
 .text.mbedtls_mpi_div_mpi
                0x0c015574      0x3ec bl2/libbl2_crypto.a(bignum.o)
                0x0c015574                mbedtls_mpi_div_mpi
 .text.mbedtls_mpi_mod_mpi
                0x0c015960       0x64 bl2/libbl2_crypto.a(bignum.o)
                0x0c015960                mbedtls_mpi_mod_mpi
 .text.mbedtls_mpi_exp_mod_optionally_safe
                0x0c0159c4      0x1b6 bl2/libbl2_crypto.a(bignum.o)
 .text.mbedtls_mpi_exp_mod_unsafe
                0x0c015b7a       0x14 bl2/libbl2_crypto.a(bignum.o)
                0x0c015b7a                mbedtls_mpi_exp_mod_unsafe
 .text.mbedtls_asn1_get_mpi
                0x0c015b8e       0x26 bl2/libbl2_crypto.a(bignum.o)
                0x0c015b8e                mbedtls_asn1_get_mpi
 .text.mbedtls_ct_bool
                0x0c015bb4       0x18 bl2/libbl2_crypto.a(bignum_core.o)
 .text.mbedtls_ct_uint_lt
                0x0c015bcc       0x34 bl2/libbl2_crypto.a(bignum_core.o)
 .text.mbedtls_mpi_core_bitlen
                0x0c015c00       0x1e bl2/libbl2_crypto.a(bignum_core.o)
                0x0c015c00                mbedtls_mpi_core_bitlen
 .text.mbedtls_mpi_core_bigendian_to_host
                0x0c015c1e       0x26 bl2/libbl2_crypto.a(bignum_core.o)
                0x0c015c1e                mbedtls_mpi_core_bigendian_to_host
 .text.mbedtls_mpi_core_cond_assign
                0x0c015c44       0x30 bl2/libbl2_crypto.a(bignum_core.o)
                0x0c015c44                mbedtls_mpi_core_cond_assign
 .text.mbedtls_mpi_core_read_be
                0x0c015c74       0x4a bl2/libbl2_crypto.a(bignum_core.o)
                0x0c015c74                mbedtls_mpi_core_read_be
 .text.mbedtls_mpi_core_write_be
                0x0c015cbe       0x64 bl2/libbl2_crypto.a(bignum_core.o)
                0x0c015cbe                mbedtls_mpi_core_write_be
 .text.mbedtls_mpi_core_shift_r
                0x0c015d22       0x70 bl2/libbl2_crypto.a(bignum_core.o)
                0x0c015d22                mbedtls_mpi_core_shift_r
 .text.mbedtls_mpi_core_shift_l
                0x0c015d92       0x6c bl2/libbl2_crypto.a(bignum_core.o)
                0x0c015d92                mbedtls_mpi_core_shift_l
 .text.mbedtls_mpi_core_add
                0x0c015dfe       0x2c bl2/libbl2_crypto.a(bignum_core.o)
                0x0c015dfe                mbedtls_mpi_core_add
 *fill*         0x0c015e2a        0x2 
 .text.mbedtls_mpi_core_sub
                0x0c015e2c       0x60 bl2/libbl2_crypto.a(bignum_core.o)
                0x0c015e2c                mbedtls_mpi_core_sub
 .text.mbedtls_mpi_core_mla
                0x0c015e8c      0x178 bl2/libbl2_crypto.a(bignum_core.o)
                0x0c015e8c                mbedtls_mpi_core_mla
 .text.mbedtls_mpi_core_mul
                0x0c016004       0x42 bl2/libbl2_crypto.a(bignum_core.o)
                0x0c016004                mbedtls_mpi_core_mul
 .text.mbedtls_mpi_core_montmul_init
                0x0c016046       0x28 bl2/libbl2_crypto.a(bignum_core.o)
                0x0c016046                mbedtls_mpi_core_montmul_init
 .text.mbedtls_mpi_core_montmul
                0x0c01606e       0x98 bl2/libbl2_crypto.a(bignum_core.o)
                0x0c01606e                mbedtls_mpi_core_montmul
 *fill*         0x0c016106        0x2 
 .text.mbedtls_mpi_core_exp_mod_optionally_safe
                0x0c016108      0x1a0 bl2/libbl2_crypto.a(bignum_core.o)
 .text.mbedtls_mpi_core_get_mont_r2_unsafe
                0x0c0162a8       0x34 bl2/libbl2_crypto.a(bignum_core.o)
                0x0c0162a8                mbedtls_mpi_core_get_mont_r2_unsafe
 .text.mbedtls_mpi_core_exp_mod_working_limbs
                0x0c0162dc       0x16 bl2/libbl2_crypto.a(bignum_core.o)
                0x0c0162dc                mbedtls_mpi_core_exp_mod_working_limbs
 .text.mbedtls_mpi_core_exp_mod
                0x0c0162f2       0x20 bl2/libbl2_crypto.a(bignum_core.o)
                0x0c0162f2                mbedtls_mpi_core_exp_mod
 .text.mbedtls_mpi_core_exp_mod_unsafe
                0x0c016312       0x22 bl2/libbl2_crypto.a(bignum_core.o)
                0x0c016312                mbedtls_mpi_core_exp_mod_unsafe
 .text.mbedtls_mpi_core_sub_int
                0x0c016334       0x28 bl2/libbl2_crypto.a(bignum_core.o)
                0x0c016334                mbedtls_mpi_core_sub_int
 .text.mbedtls_mpi_core_check_zero_ct
                0x0c01635c       0x18 bl2/libbl2_crypto.a(bignum_core.o)
                0x0c01635c                mbedtls_mpi_core_check_zero_ct
 .text.mbedtls_mpi_core_to_mont_rep
                0x0c016374       0x18 bl2/libbl2_crypto.a(bignum_core.o)
                0x0c016374                mbedtls_mpi_core_to_mont_rep
 .text.mbedtls_mpi_core_from_mont_rep
                0x0c01638c       0x20 bl2/libbl2_crypto.a(bignum_core.o)
                0x0c01638c                mbedtls_mpi_core_from_mont_rep
 .text.mbedtls_asn1_get_len
                0x0c0163ac       0x5a bl2/libbl2_crypto.a(asn1parse.o)
                0x0c0163ac                mbedtls_asn1_get_len
 .text.mbedtls_asn1_get_tag
                0x0c016406       0x28 bl2/libbl2_crypto.a(asn1parse.o)
                0x0c016406                mbedtls_asn1_get_tag
 .text.asn1_get_tagged_int
                0x0c01642e       0x6e bl2/libbl2_crypto.a(asn1parse.o)
 .text.mbedtls_asn1_get_int
                0x0c01649c        0x8 bl2/libbl2_crypto.a(asn1parse.o)
                0x0c01649c                mbedtls_asn1_get_int
 .text.mbedtls_md_info_from_type
                0x0c0164a4       0x10 bl2/libbl2_crypto.a(md.o)
                0x0c0164a4                mbedtls_md_info_from_type
 .text.mbedtls_md_init
                0x0c0164b4        0x8 bl2/libbl2_crypto.a(md.o)
                0x0c0164b4                mbedtls_md_init
 .text.mbedtls_md_free
                0x0c0164bc       0x3a bl2/libbl2_crypto.a(md.o)
                0x0c0164bc                mbedtls_md_free
 .text.mbedtls_md_setup
                0x0c0164f6       0x3e bl2/libbl2_crypto.a(md.o)
                0x0c0164f6                mbedtls_md_setup
 .text.mbedtls_md_starts
                0x0c016534       0x1a bl2/libbl2_crypto.a(md.o)
                0x0c016534                mbedtls_md_starts
 .text.mbedtls_md_update
                0x0c01654e       0x18 bl2/libbl2_crypto.a(md.o)
                0x0c01654e                mbedtls_md_update
 .text.mbedtls_md_finish
                0x0c016566       0x18 bl2/libbl2_crypto.a(md.o)
                0x0c016566                mbedtls_md_finish
 .text.mbedtls_md_get_size
                0x0c01657e        0x6 bl2/libbl2_crypto.a(md.o)
                0x0c01657e                mbedtls_md_get_size
 .text.mbedtls_calloc
                0x0c016584        0xc bl2/libbl2_crypto.a(platform.o)
                0x0c016584                mbedtls_calloc
 .text.mbedtls_free
                0x0c016590        0xc bl2/libbl2_crypto.a(platform.o)
                0x0c016590                mbedtls_free
 .text.mbedtls_platform_set_calloc_free
                0x0c01659c       0x14 bl2/libbl2_crypto.a(platform.o)
                0x0c01659c                mbedtls_platform_set_calloc_free
 .text.SystemInit
                0x0c0165b0      0x128 platform/libplatform_bl2.a(system_stm32h5xx.o)
                0x0c0165b0                SystemInit
 .text.icache_init
                0x0c0166d8       0x12 platform/libplatform_bl2.a(boot_hal_bl2.o)
                0x0c0166d8                icache_init
 *fill*         0x0c0166ea        0x2 
 .text.boot_platform_init
                0x0c0166ec       0x98 platform/libplatform_bl2.a(boot_hal_bl2.o)
                0x0c0166ec                boot_platform_init
 .text.LL_SECU_ApplyRunTimeProtections
                0x0c016784      0x1b0 platform/libplatform_bl2.a(low_level_security.o)
                0x0c016784                LL_SECU_ApplyRunTimeProtections
 .text.LL_SECU_UpdateRunTimeProtections
                0x0c016934        0x2 platform/libplatform_bl2.a(low_level_security.o)
                0x0c016934                LL_SECU_UpdateRunTimeProtections
 *fill*         0x0c016936        0x2 
 .text.LL_SECU_CheckStaticProtections
                0x0c016938      0x22c platform/libplatform_bl2.a(low_level_security.o)
                0x0c016938                LL_SECU_CheckStaticProtections
 .text.memcpy_flash
                0x0c016b64       0x32 platform/libplatform_bl2.a(low_level_flash.o)
 *fill*         0x0c016b96        0x2 
 .text.Flash_GetVersion
                0x0c016b98       0x18 platform/libplatform_bl2.a(low_level_flash.o)
 .text.Flash_GetCapabilities
                0x0c016bb0        0x4 platform/libplatform_bl2.a(low_level_flash.o)
 .text.Flash_Uninitialize
                0x0c016bb4        0x4 platform/libplatform_bl2.a(low_level_flash.o)
 .text.Flash_PowerControl
                0x0c016bb8       0x16 platform/libplatform_bl2.a(low_level_flash.o)
 .text.Flash_EraseChip
                0x0c016bce        0x6 platform/libplatform_bl2.a(low_level_flash.o)
 .text.Flash_GetStatus
                0x0c016bd4        0xc platform/libplatform_bl2.a(low_level_flash.o)
 .text.Flash_GetInfo
                0x0c016be0        0x8 platform/libplatform_bl2.a(low_level_flash.o)
 .text.Flash_Initialize
                0x0c016be8        0xe platform/libplatform_bl2.a(low_level_flash.o)
 *fill*         0x0c016bf6        0x2 
 .text.is_range_secure.constprop.0
                0x0c016bf8       0x38 platform/libplatform_bl2.a(low_level_flash.o)
 .text.Flash_ReadData
                0x0c016c30       0x94 platform/libplatform_bl2.a(low_level_flash.o)
 .text.icache_wait_for_invalidate_complete.isra.0
                0x0c016cc4       0x40 platform/libplatform_bl2.a(low_level_flash.o)
 .text.stm32_icache_disable.isra.0
                0x0c016d04       0x34 platform/libplatform_bl2.a(low_level_flash.o)
 .text.Flash_ProgramData
                0x0c016d38      0x128 platform/libplatform_bl2.a(low_level_flash.o)
 .text.Flash_EraseSector
                0x0c016e60       0xdc platform/libplatform_bl2.a(low_level_flash.o)
 .text.NMI_Handler
                0x0c016f3c       0x2c platform/libplatform_bl2.a(low_level_flash.o)
                0x0c016f3c                NMI_Handler
 .text.HAL_MspInit
                0x0c016f68        0x2 platform/libplatform_bl2.a(stm32h5xx_hal.o)
                0x0c016f68                HAL_MspInit
 *fill*         0x0c016f6a        0x2 
 .text.HAL_Init
                0x0c016f6c       0x40 platform/libplatform_bl2.a(stm32h5xx_hal.o)
                0x0c016f6c                HAL_Init
 .text.FLASH_Program_QuadWord
                0x0c016fac       0x40 platform/libplatform_bl2.a(stm32h5xx_hal_flash.o)
 .text.FLASH_Program_QuadWord_OBK
                0x0c016fec       0x54 platform/libplatform_bl2.a(stm32h5xx_hal_flash.o)
 .text.FLASH_Program_HalfWord
                0x0c017040       0x30 platform/libplatform_bl2.a(stm32h5xx_hal_flash.o)
 .text.HAL_FLASH_Unlock_NS
                0x0c017070       0x28 platform/libplatform_bl2.a(stm32h5xx_hal_flash.o)
                0x0c017070                HAL_FLASH_Unlock_NS
 .text.HAL_FLASH_Unlock_SEC
                0x0c017098       0x28 platform/libplatform_bl2.a(stm32h5xx_hal_flash.o)
                0x0c017098                HAL_FLASH_Unlock_SEC
 .text.HAL_FLASH_Unlock
                0x0c0170c0       0x12 platform/libplatform_bl2.a(stm32h5xx_hal_flash.o)
                0x0c0170c0                HAL_FLASH_Unlock
 *fill*         0x0c0170d2        0x2 
 .text.HAL_FLASH_Lock_NS
                0x0c0170d4       0x18 platform/libplatform_bl2.a(stm32h5xx_hal_flash.o)
                0x0c0170d4                HAL_FLASH_Lock_NS
 .text.HAL_FLASH_Lock_SEC
                0x0c0170ec       0x18 platform/libplatform_bl2.a(stm32h5xx_hal_flash.o)
                0x0c0170ec                HAL_FLASH_Lock_SEC
 .text.HAL_FLASH_OB_Unlock
                0x0c017104       0x24 platform/libplatform_bl2.a(stm32h5xx_hal_flash.o)
                0x0c017104                HAL_FLASH_OB_Unlock
 .text.FLASH_WaitForLastOperation
                0x0c017128       0x98 platform/libplatform_bl2.a(stm32h5xx_hal_flash.o)
                0x0c017128                FLASH_WaitForLastOperation
 .text.HAL_FLASH_Program
                0x0c0171c0       0xbc platform/libplatform_bl2.a(stm32h5xx_hal_flash.o)
                0x0c0171c0                HAL_FLASH_Program
 .text.HAL_FLASH_OB_Launch
                0x0c01727c       0x18 platform/libplatform_bl2.a(stm32h5xx_hal_flash.o)
                0x0c01727c                HAL_FLASH_OB_Launch
 .text.FLASH_MassErase
                0x0c017294       0x58 platform/libplatform_bl2.a(stm32h5xx_hal_flash_ex.o)
 .text.FLASH_OBKErase
                0x0c0172ec       0x28 platform/libplatform_bl2.a(stm32h5xx_hal_flash_ex.o)
 .text.HAL_FLASHEx_OBProgram
                0x0c017314      0x320 platform/libplatform_bl2.a(stm32h5xx_hal_flash_ex.o)
                0x0c017314                HAL_FLASHEx_OBProgram
 .text.HAL_FLASHEx_OBGetConfig
                0x0c017634       0xd8 platform/libplatform_bl2.a(stm32h5xx_hal_flash_ex.o)
                0x0c017634                HAL_FLASHEx_OBGetConfig
 .text.HAL_FLASHEx_ConfigPrivMode
                0x0c01770c       0x14 platform/libplatform_bl2.a(stm32h5xx_hal_flash_ex.o)
                0x0c01770c                HAL_FLASHEx_ConfigPrivMode
 .text.HAL_FLASHEx_GetPrivMode
                0x0c017720       0x10 platform/libplatform_bl2.a(stm32h5xx_hal_flash_ex.o)
                0x0c017720                HAL_FLASHEx_GetPrivMode
 .text.FLASH_Erase_Sector
                0x0c017730       0x4c platform/libplatform_bl2.a(stm32h5xx_hal_flash_ex.o)
                0x0c017730                FLASH_Erase_Sector
 .text.HAL_FLASHEx_Erase
                0x0c01777c       0xb8 platform/libplatform_bl2.a(stm32h5xx_hal_flash_ex.o)
                0x0c01777c                HAL_FLASHEx_Erase
 .text.HAL_PWR_EnableBkUpAccess
                0x0c017834       0x10 platform/libplatform_bl2.a(stm32h5xx_hal_pwr.o)
                0x0c017834                HAL_PWR_EnableBkUpAccess
 .text.HAL_RCC_GetSysClockFreq
                0x0c017844      0x16c platform/libplatform_bl2.a(stm32h5xx_hal_rcc.o)
                0x0c017844                HAL_RCC_GetSysClockFreq
 .text.HAL_RCC_GetHCLKFreq
                0x0c0179b0       0x2c platform/libplatform_bl2.a(stm32h5xx_hal_rcc.o)
                0x0c0179b0                HAL_RCC_GetHCLKFreq
 .text.HAL_RCC_GetPCLK1Freq
                0x0c0179dc       0x24 platform/libplatform_bl2.a(stm32h5xx_hal_rcc.o)
                0x0c0179dc                HAL_RCC_GetPCLK1Freq
 .text.HAL_RCC_GetPCLK2Freq
                0x0c017a00       0x24 platform/libplatform_bl2.a(stm32h5xx_hal_rcc.o)
                0x0c017a00                HAL_RCC_GetPCLK2Freq
 .text.HAL_RCC_GetPCLK3Freq
                0x0c017a24       0x24 platform/libplatform_bl2.a(stm32h5xx_hal_rcc.o)
                0x0c017a24                HAL_RCC_GetPCLK3Freq
 .text.HAL_NVIC_SetPriorityGrouping
                0x0c017a48       0x24 platform/libplatform_bl2.a(stm32h5xx_hal_cortex.o)
                0x0c017a48                HAL_NVIC_SetPriorityGrouping
 .text.HAL_NVIC_SetPriority
                0x0c017a6c       0x60 platform/libplatform_bl2.a(stm32h5xx_hal_cortex.o)
                0x0c017a6c                HAL_NVIC_SetPriority
 .text.HAL_NVIC_EnableIRQ
                0x0c017acc       0x1c platform/libplatform_bl2.a(stm32h5xx_hal_cortex.o)
                0x0c017acc                HAL_NVIC_EnableIRQ
 .text.HAL_NVIC_SystemReset
                0x0c017ae8       0x24 platform/libplatform_bl2.a(stm32h5xx_hal_cortex.o)
                0x0c017ae8                HAL_NVIC_SystemReset
 .text.HAL_GPIO_Init
                0x0c017b0c      0x13c platform/libplatform_bl2.a(stm32h5xx_hal_gpio.o)
                0x0c017b0c                HAL_GPIO_Init
 .text.HAL_RTC_WaitForSynchro
                0x0c017c48       0x30 platform/libplatform_bl2.a(stm32h5xx_hal_rtc.o)
                0x0c017c48                HAL_RTC_WaitForSynchro
 .text.RTC_EnterInitMode
                0x0c017c78       0x4c platform/libplatform_bl2.a(stm32h5xx_hal_rtc.o)
                0x0c017c78                RTC_EnterInitMode
 .text.RTC_ExitInitMode
                0x0c017cc4       0x44 platform/libplatform_bl2.a(stm32h5xx_hal_rtc.o)
                0x0c017cc4                RTC_ExitInitMode
 .text.HAL_RTC_Init
                0x0c017d08       0xac platform/libplatform_bl2.a(stm32h5xx_hal_rtc.o)
                0x0c017d08                HAL_RTC_Init
 .text.HAL_RTCEx_DeactivateTamper
                0x0c017db4       0x2c platform/libplatform_bl2.a(stm32h5xx_hal_rtc_ex.o)
                0x0c017db4                HAL_RTCEx_DeactivateTamper
 .text.HAL_RTCEx_DeactivateInternalTamper
                0x0c017de0       0x1c platform/libplatform_bl2.a(stm32h5xx_hal_rtc_ex.o)
                0x0c017de0                HAL_RTCEx_DeactivateInternalTamper
 .text.HAL_ICACHE_Enable
                0x0c017dfc       0x14 platform/libplatform_bl2.a(stm32h5xx_hal_icache.o)
                0x0c017dfc                HAL_ICACHE_Enable
 .text.HAL_ICACHE_Disable
                0x0c017e10       0x38 platform/libplatform_bl2.a(stm32h5xx_hal_icache.o)
                0x0c017e10                HAL_ICACHE_Disable
 .text.HAL_ICACHE_IsEnabled
                0x0c017e48       0x10 platform/libplatform_bl2.a(stm32h5xx_hal_icache.o)
                0x0c017e48                HAL_ICACHE_IsEnabled
 .text.HAL_ICACHE_WaitForInvalidateComplete
                0x0c017e58       0x38 platform/libplatform_bl2.a(stm32h5xx_hal_icache.o)
                0x0c017e58                HAL_ICACHE_WaitForInvalidateComplete
 .text.HAL_ICACHE_Invalidate
                0x0c017e90       0x20 platform/libplatform_bl2.a(stm32h5xx_hal_icache.o)
                0x0c017e90                HAL_ICACHE_Invalidate
 .text.RNG_Init
                0x0c017eb0       0x7c platform/libplatform_bl2.a(low_level_rng.o)
                0x0c017eb0                RNG_Init
 .text.RNG_DeInit
                0x0c017f2c       0x2c platform/libplatform_bl2.a(low_level_rng.o)
                0x0c017f2c                RNG_DeInit
 .text.boot_platform_post_init
                0x0c017f58        0x4 platform/libplatform_bl2.a(boot_hal_bl2.o)
                0x0c017f58                boot_platform_post_init
 .text.boot_platform_error_state
                0x0c017f5c        0x6 platform/libplatform_bl2.a(boot_hal_bl2.o)
                0x0c017f5c                boot_platform_error_state
 .text.boot_platform_pre_load
                0x0c017f62        0x4 platform/libplatform_bl2.a(boot_hal_bl2.o)
                0x0c017f62                boot_platform_pre_load
 .text.boot_platform_post_load
                0x0c017f66        0x4 platform/libplatform_bl2.a(boot_hal_bl2.o)
                0x0c017f66                boot_platform_post_load
 .text.boot_platform_should_load_image
                0x0c017f6a        0x4 platform/libplatform_bl2.a(boot_hal_bl2.o)
                0x0c017f6a                boot_platform_should_load_image
 .text.boot_initiate_recovery_mode
                0x0c017f6e        0x4 platform/libplatform_bl2.a(boot_hal_bl2.o)
                0x0c017f6e                boot_initiate_recovery_mode
 *fill*         0x0c017f72        0x2 
 .text.stdio_output_string
                0x0c017f74       0x34 platform/libplatform_bl2.a(uart_stdout.o)
                0x0c017f74                stdio_output_string
 .text.stdio_init
                0x0c017fa8       0x38 platform/libplatform_bl2.a(uart_stdout.o)
                0x0c017fa8                stdio_init
 .text.stdio_uninit
                0x0c017fe0       0x24 platform/libplatform_bl2.a(uart_stdout.o)
                0x0c017fe0                stdio_uninit
 .text.set_nv_counter_flash
                0x0c018004       0x3e platform/libplatform_bl2.a(nv_counters.o)
 .text.set_nv_counter_otp
                0x0c018042       0x6c platform/libplatform_bl2.a(nv_counters.o)
 .text.read_nv_counter_otp.constprop.0
                0x0c0180ae       0x68 platform/libplatform_bl2.a(nv_counters.o)
 .text.tfm_plat_read_nv_counter.part.0
                0x0c018116       0x42 platform/libplatform_bl2.a(nv_counters.o)
 .text.tfm_plat_init_nv_counter
                0x0c018158        0x4 platform/libplatform_bl2.a(nv_counters.o)
                0x0c018158                tfm_plat_init_nv_counter
 .text.tfm_plat_read_nv_counter
                0x0c01815c       0x10 platform/libplatform_bl2.a(nv_counters.o)
                0x0c01815c                tfm_plat_read_nv_counter
 .text.tfm_plat_set_nv_counter
                0x0c01816c       0x5a platform/libplatform_bl2.a(nv_counters.o)
                0x0c01816c                tfm_plat_set_nv_counter
 .text.tfm_plat_get_rotpk_hash
                0x0c0181c6       0x30 platform/libplatform_bl2.a(tfm_rotpk.o)
                0x0c0181c6                tfm_plat_get_rotpk_hash
 *fill*         0x0c0181f6        0x2 
 .text.erase_flash_region
                0x0c0181f8       0x28 platform/libplatform_bl2.a(flash_otp_nv_counters_backend.o)
 .text.copy_flash_region
                0x0c018220       0x70 platform/libplatform_bl2.a(flash_otp_nv_counters_backend.o)
 .text.make_backup
                0x0c018290       0x2a platform/libplatform_bl2.a(flash_otp_nv_counters_backend.o)
 *fill*         0x0c0182ba        0x2 
 .text.read_otp_nv_counters_flash
                0x0c0182bc       0x80 platform/libplatform_bl2.a(flash_otp_nv_counters_backend.o)
                0x0c0182bc                read_otp_nv_counters_flash
 .text.write_otp_nv_counters_flash
                0x0c01833c      0x1a8 platform/libplatform_bl2.a(flash_otp_nv_counters_backend.o)
                0x0c01833c                write_otp_nv_counters_flash
 .text.init_otp_nv_counters_flash
                0x0c0184e4      0x14c platform/libplatform_bl2.a(flash_otp_nv_counters_backend.o)
                0x0c0184e4                init_otp_nv_counters_flash
 .text.tfm_plat_otp_init
                0x0c018630        0x4 platform/libplatform_bl2.a(otp_flash.o)
                0x0c018630                tfm_plat_otp_init
 .text.tfm_plat_otp_get_size
                0x0c018634       0x3c platform/libplatform_bl2.a(otp_flash.o)
                0x0c018634                tfm_plat_otp_get_size
 .text.write_to_output
                0x0c018670       0x2c platform/libplatform_bl2.a(otp_flash.o)
 .text.tfm_plat_otp_read
                0x0c01869c       0xee platform/libplatform_bl2.a(otp_flash.o)
                0x0c01869c                tfm_plat_otp_read
 .text.read_from_input
                0x0c01878a       0x5a platform/libplatform_bl2.a(otp_flash.o)
 .text.tfm_plat_otp_write
                0x0c0187e4       0xee platform/libplatform_bl2.a(otp_flash.o)
                0x0c0187e4                tfm_plat_otp_write
 .text.tfm_plat_otp_secure_provisioning_start
                0x0c0188d2        0x4 platform/libplatform_bl2.a(otp_flash.o)
                0x0c0188d2                tfm_plat_otp_secure_provisioning_start
 .text.tfm_plat_otp_secure_provisioning_finish
                0x0c0188d6        0x4 platform/libplatform_bl2.a(otp_flash.o)
                0x0c0188d6                tfm_plat_otp_secure_provisioning_finish
 *fill*         0x0c0188da        0x2 
 .text.tfm_plat_get_shared_measurement_data_base
                0x0c0188dc        0x8 platform/libplatform_bl2.a(tfm_shared_measurement_data.o)
                0x0c0188dc                tfm_plat_get_shared_measurement_data_base
 .text.tfm_plat_get_shared_measurement_data_size
                0x0c0188e4        0x6 platform/libplatform_bl2.a(tfm_shared_measurement_data.o)
                0x0c0188e4                tfm_plat_get_shared_measurement_data_size
 .text.output_log
                0x0c0188ea        0x8 platform/libplatform_bl2.a(tfm_log.o)
 *fill*         0x0c0188f2        0x2 
 .text.tfm_log  0x0c0188f4       0x28 platform/libplatform_bl2.a(tfm_log.o)
                0x0c0188f4                tfm_log
 .text.output_char
                0x0c01891c       0x18 platform/libplatform_bl2.a(tfm_vprintf.o)
 .text.output_str
                0x0c018934       0x82 platform/libplatform_bl2.a(tfm_vprintf.o)
 .text.output_val
                0x0c0189b6       0xb6 platform/libplatform_bl2.a(tfm_vprintf.o)
 .text.tfm_vprintf
                0x0c018a6c      0x1b4 platform/libplatform_bl2.a(tfm_vprintf.o)
                0x0c018a6c                tfm_vprintf
 .text.USART_GetVersion
                0x0c018c20       0x18 platform/libplatform_bl2.a(low_level_com.o)
 .text.USART_GetCapabilities
                0x0c018c38        0x4 platform/libplatform_bl2.a(low_level_com.o)
 .text.USART0_Uninitialize
                0x0c018c3c        0x4 platform/libplatform_bl2.a(low_level_com.o)
 .text.USART0_PowerControl
                0x0c018c40        0x4 platform/libplatform_bl2.a(low_level_com.o)
 .text.USART0_Transfer
                0x0c018c44        0x6 platform/libplatform_bl2.a(low_level_com.o)
 .text.USART0_GetTxCount
                0x0c018c4a        0x4 platform/libplatform_bl2.a(low_level_com.o)
 .text.USART0_Control
                0x0c018c4e        0x4 platform/libplatform_bl2.a(low_level_com.o)
 .text.USART0_GetStatus
                0x0c018c52        0x4 platform/libplatform_bl2.a(low_level_com.o)
 .text.USART0_SetModemControl
                0x0c018c56        0x6 platform/libplatform_bl2.a(low_level_com.o)
 .text.USART0_GetModemStatus
                0x0c018c5c        0x4 platform/libplatform_bl2.a(low_level_com.o)
 .text.USART0_Receive
                0x0c018c60       0x20 platform/libplatform_bl2.a(low_level_com.o)
 .text.USART0_Send
                0x0c018c80       0x24 platform/libplatform_bl2.a(low_level_com.o)
 .text.USART0_Initialize
                0x0c018ca4       0xc0 platform/libplatform_bl2.a(low_level_com.o)
 .text.USART0_GetRxCount
                0x0c018d64        0x4 platform/libplatform_bl2.a(low_level_com.o)
 .text.HAL_UART_MspInit
                0x0c018d68        0x2 platform/libplatform_bl2.a(stm32h5xx_hal_uart.o)
                0x0c018d68                HAL_UART_MspInit
 .text.HAL_UART_RxCpltCallback
                0x0c018d6a        0x2 platform/libplatform_bl2.a(stm32h5xx_hal_uart.o)
                0x0c018d6a                HAL_UART_RxCpltCallback
 .text.HAL_UART_ErrorCallback
                0x0c018d6c        0x2 platform/libplatform_bl2.a(stm32h5xx_hal_uart.o)
                0x0c018d6c                HAL_UART_ErrorCallback
 .text.HAL_UARTEx_RxEventCallback
                0x0c018d6e        0x2 platform/libplatform_bl2.a(stm32h5xx_hal_uart.o)
                0x0c018d6e                HAL_UARTEx_RxEventCallback
 .text.UART_RxISR_8BIT
                0x0c018d70       0xa2 platform/libplatform_bl2.a(stm32h5xx_hal_uart.o)
 .text.UART_RxISR_16BIT
                0x0c018e12       0x9c platform/libplatform_bl2.a(stm32h5xx_hal_uart.o)
 *fill*         0x0c018eae        0x2 
 .text.UART_RxISR_8BIT_FIFOEN
                0x0c018eb0      0x180 platform/libplatform_bl2.a(stm32h5xx_hal_uart.o)
 .text.UART_RxISR_16BIT_FIFOEN
                0x0c019030      0x17c platform/libplatform_bl2.a(stm32h5xx_hal_uart.o)
 .text.UART_SetConfig
                0x0c0191ac      0x204 platform/libplatform_bl2.a(stm32h5xx_hal_uart.o)
                0x0c0191ac                UART_SetConfig
 .text.UART_AdvFeatureConfig
                0x0c0193b0       0xaa platform/libplatform_bl2.a(stm32h5xx_hal_uart.o)
                0x0c0193b0                UART_AdvFeatureConfig
 .text.UART_WaitOnFlagUntilTimeout
                0x0c01945a       0xc8 platform/libplatform_bl2.a(stm32h5xx_hal_uart.o)
                0x0c01945a                UART_WaitOnFlagUntilTimeout
 .text.HAL_UART_Transmit
                0x0c019522       0xb4 platform/libplatform_bl2.a(stm32h5xx_hal_uart.o)
                0x0c019522                HAL_UART_Transmit
 .text.UART_CheckIdleState