Archive member included to satisfy reference by file (symbol)

D:/ST/STM32CubeIDE_2.1.0/STM32CubeIDE/plugins/com.st.stm32cube.ide.mcu.externaltools.gnu-tools-for-stm32.14.3.rel1.win32_1.0.100.202602081740/tools/bin/../lib/gcc/arm-none-eabi/14.3.1/../../../../arm-none-eabi/lib/thumb/v8-m.main+fp/hard\libc_nano.a(libc_a-exit.o)
                              D:/ST/STM32CubeIDE_2.1.0/STM32CubeIDE/plugins/com.st.stm32cube.ide.mcu.externaltools.gnu-tools-for-stm32.14.3.rel1.win32_1.0.100.202602081740/tools/bin/../lib/gcc/arm-none-eabi/14.3.1/../../../../arm-none-eabi/lib/thumb/v8-m.main+fp/hard/crt0.o (exit)
D:/ST/STM32CubeIDE_2.1.0/STM32CubeIDE/plugins/com.st.stm32cube.ide.mcu.externaltools.gnu-tools-for-stm32.14.3.rel1.win32_1.0.100.202602081740/tools/bin/../lib/gcc/arm-none-eabi/14.3.1/../../../../arm-none-eabi/lib/thumb/v8-m.main+fp/hard\libc_nano.a(libc_a-findfp.o)
                              D:/ST/STM32CubeIDE_2.1.0/STM32CubeIDE/plugins/com.st.stm32cube.ide.mcu.externaltools.gnu-tools-for-stm32.14.3.rel1.win32_1.0.100.202602081740/tools/bin/../lib/gcc/arm-none-eabi/14.3.1/../../../../arm-none-eabi/lib/thumb/v8-m.main+fp/hard\libc_nano.a(libc_a-exit.o) (__stdio_exit_handler)
D:/ST/STM32CubeIDE_2.1.0/STM32CubeIDE/plugins/com.st.stm32cube.ide.mcu.externaltools.gnu-tools-for-stm32.14.3.rel1.win32_1.0.100.202602081740/tools/bin/../lib/gcc/arm-none-eabi/14.3.1/../../../../arm-none-eabi/lib/thumb/v8-m.main+fp/hard\libc_nano.a(libc_a-fwalk.o)
                              D:/ST/STM32CubeIDE_2.1.0/STM32CubeIDE/plugins/com.st.stm32cube.ide.mcu.externaltools.gnu-tools-for-stm32.14.3.rel1.win32_1.0.100.202602081740/tools/bin/../lib/gcc/arm-none-eabi/14.3.1/../../../../arm-none-eabi/lib/thumb/v8-m.main+fp/hard\libc_nano.a(libc_a-findfp.o) (_fwalk_sglue)
D:/ST/STM32CubeIDE_2.1.0/STM32CubeIDE/plugins/com.st.stm32cube.ide.mcu.externaltools.gnu-tools-for-stm32.14.3.rel1.win32_1.0.100.202602081740/tools/bin/../lib/gcc/arm-none-eabi/14.3.1/../../../../arm-none-eabi/lib/thumb/v8-m.main+fp/hard\libc_nano.a(libc_a-stdio.o)
                              D:/ST/STM32CubeIDE_2.1.0/STM32CubeIDE/plugins/com.st.stm32cube.ide.mcu.externaltools.gnu-tools-for-stm32.14.3.rel1.win32_1.0.100.202602081740/tools/bin/../lib/gcc/arm-none-eabi/14.3.1/../../../../arm-none-eabi/lib/thumb/v8-m.main+fp/hard\libc_nano.a(libc_a-findfp.o) (__sread)
D:/ST/STM32CubeIDE_2.1.0/STM32CubeIDE/plugins/com.st.stm32cube.ide.mcu.externaltools.gnu-tools-for-stm32.14.3.rel1.win32_1.0.100.202602081740/tools/bin/../lib/gcc/arm-none-eabi/14.3.1/../../../../arm-none-eabi/lib/thumb/v8-m.main+fp/hard\libc_nano.a(libc_a-memset.o)
                              D:/ST/STM32CubeIDE_2.1.0/STM32CubeIDE/plugins/com.st.stm32cube.ide.mcu.externaltools.gnu-tools-for-stm32.14.3.rel1.win32_1.0.100.202602081740/tools/bin/../lib/gcc/arm-none-eabi/14.3.1/../../../../arm-none-eabi/lib/thumb/v8-m.main+fp/hard/crt0.o (memset)
D:/ST/STM32CubeIDE_2.1.0/STM32CubeIDE/plugins/com.st.stm32cube.ide.mcu.externaltools.gnu-tools-for-stm32.14.3.rel1.win32_1.0.100.202602081740/tools/bin/../lib/gcc/arm-none-eabi/14.3.1/../../../../arm-none-eabi/lib/thumb/v8-m.main+fp/hard\libc_nano.a(libc_a-closer.o)
                              D:/ST/STM32CubeIDE_2.1.0/STM32CubeIDE/plugins/com.st.stm32cube.ide.mcu.externaltools.gnu-tools-for-stm32.14.3.rel1.win32_1.0.100.202602081740/tools/bin/../lib/gcc/arm-none-eabi/14.3.1/../../../../arm-none-eabi/lib/thumb/v8-m.main+fp/hard\libc_nano.a(libc_a-stdio.o) (_close_r)
D:/ST/STM32CubeIDE_2.1.0/STM32CubeIDE/plugins/com.st.stm32cube.ide.mcu.externaltools.gnu-tools-for-stm32.14.3.rel1.win32_1.0.100.202602081740/tools/bin/../lib/gcc/arm-none-eabi/14.3.1/../../../../arm-none-eabi/lib/thumb/v8-m.main+fp/hard\libc_nano.a(libc_a-reent.o)
                              D:/ST/STM32CubeIDE_2.1.0/STM32CubeIDE/plugins/com.st.stm32cube.ide.mcu.externaltools.gnu-tools-for-stm32.14.3.rel1.win32_1.0.100.202602081740/tools/bin/../lib/gcc/arm-none-eabi/14.3.1/../../../../arm-none-eabi/lib/thumb/v8-m.main+fp/hard\libc_nano.a(libc_a-closer.o) (errno)
D:/ST/STM32CubeIDE_2.1.0/STM32CubeIDE/plugins/com.st.stm32cube.ide.mcu.externaltools.gnu-tools-for-stm32.14.3.rel1.win32_1.0.100.202602081740/tools/bin/../lib/gcc/arm-none-eabi/14.3.1/../../../../arm-none-eabi/lib/thumb/v8-m.main+fp/hard\libc_nano.a(libc_a-impure.o)
                              D:/ST/STM32CubeIDE_2.1.0/STM32CubeIDE/plugins/com.st.stm32cube.ide.mcu.externaltools.gnu-tools-for-stm32.14.3.rel1.win32_1.0.100.202602081740/tools/bin/../lib/gcc/arm-none-eabi/14.3.1/../../../../arm-none-eabi/lib/thumb/v8-m.main+fp/hard\libc_nano.a(libc_a-reent.o) (_impure_ptr)
D:/ST/STM32CubeIDE_2.1.0/STM32CubeIDE/plugins/com.st.stm32cube.ide.mcu.externaltools.gnu-tools-for-stm32.14.3.rel1.win32_1.0.100.202602081740/tools/bin/../lib/gcc/arm-none-eabi/14.3.1/../../../../arm-none-eabi/lib/thumb/v8-m.main+fp/hard\libc_nano.a(libc_a-lseekr.o)
[...]
Memory Configuration

Name             Origin             Length             Attributes
RAM              0x20000000         0x000a0000         xrw
FLASH            0x08000000         0x00200000         xr
*default*        0x00000000         0xffffffff

Linker script and memory map

LOAD D:/ST/STM32CubeIDE_2.1.0/STM32CubeIDE/plugins/com.st.stm32cube.ide.mcu.externaltools.gnu-tools-for-stm32.14.3.rel1.win32_1.0.100.202602081740/tools/bin/../lib/gcc/arm-none-eabi/14.3.1/thumb/v8-m.main+fp/hard/crti.o
LOAD D:/ST/STM32CubeIDE_2.1.0/STM32CubeIDE/plugins/com.st.stm32cube.ide.mcu.externaltools.gnu-tools-for-stm32.14.3.rel1.win32_1.0.100.202602081740/tools/bin/../lib/gcc/arm-none-eabi/14.3.1/thumb/v8-m.main+fp/hard/crtbegin.o
LOAD D:/ST/STM32CubeIDE_2.1.0/STM32CubeIDE/plugins/com.st.stm32cube.ide.mcu.externaltools.gnu-tools-for-stm32.14.3.rel1.win32_1.0.100.202602081740/tools/bin/../lib/gcc/arm-none-eabi/14.3.1/../../../../arm-none-eabi/lib/thumb/v8-m.main+fp/hard/crt0.o
LOAD ./Application/User/Core/main.o
LOAD ./Application/User/Core/stm32h5xx_hal_msp.o
LOAD ./Application/User/Core/stm32h5xx_it.o
LOAD ./Application/User/Core/syscalls.o
LOAD ./Application/User/Core/sysmem.o
LOAD ./Application/User/Startup/startup_stm32h573vitx.o
LOAD ./Drivers/CMSIS/system_stm32h5xx.o
LOAD ./Drivers/STM32H5xx_HAL_Driver/stm32h5xx_hal.o
LOAD ./Drivers/STM32H5xx_HAL_Driver/stm32h5xx_hal_cortex.o
LOAD ./Drivers/STM32H5xx_HAL_Driver/stm32h5xx_hal_dma.o
LOAD ./Drivers/STM32H5xx_HAL_Driver/stm32h5xx_hal_dma_ex.o
LOAD ./Drivers/STM32H5xx_HAL_Driver/stm32h5xx_hal_exti.o
LOAD ./Drivers/STM32H5xx_HAL_Driver/stm32h5xx_hal_flash.o
LOAD ./Drivers/STM32H5xx_HAL_Driver/stm32h5xx_hal_flash_ex.o
LOAD ./Drivers/STM32H5xx_HAL_Driver/stm32h5xx_hal_gpio.o
LOAD ./Drivers/STM32H5xx_HAL_Driver/stm32h5xx_hal_pwr.o
LOAD ./Drivers/STM32H5xx_HAL_Driver/stm32h5xx_hal_pwr_ex.o
LOAD ./Drivers/STM32H5xx_HAL_Driver/stm32h5xx_hal_rcc.o
LOAD ./Drivers/STM32H5xx_HAL_Driver/stm32h5xx_hal_rcc_ex.o
START GROUP
LOAD D:/ST/STM32CubeIDE_2.1.0/STM32CubeIDE/plugins/com.st.stm32cube.ide.mcu.externaltools.gnu-tools-for-stm32.14.3.rel1.win32_1.0.100.202602081740/tools/bin/../lib/gcc/arm-none-eabi/14.3.1/../../../../arm-none-eabi/lib/thumb/v8-m.main+fp/hard\libc_nano.a
LOAD D:/ST/STM32CubeIDE_2.1.0/STM32CubeIDE/plugins/com.st.stm32cube.ide.mcu.externaltools.gnu-tools-for-stm32.14.3.rel1.win32_1.0.100.202602081740/tools/bin/../lib/gcc/arm-none-eabi/14.3.1/../../../../arm-none-eabi/lib/thumb/v8-m.main+fp/hard\libm.a
END GROUP
START GROUP
LOAD D:/ST/STM32CubeIDE_2.1.0/STM32CubeIDE/plugins/com.st.stm32cube.ide.mcu.externaltools.gnu-tools-for-stm32.14.3.rel1.win32_1.0.100.202602081740/tools/bin/../lib/gcc/arm-none-eabi/14.3.1/thumb/v8-m.main+fp/hard\libgcc.a
LOAD D:/ST/STM32CubeIDE_2.1.0/STM32CubeIDE/plugins/com.st.stm32cube.ide.mcu.externaltools.gnu-tools-for-stm32.14.3.rel1.win32_1.0.100.202602081740/tools/bin/../lib/gcc/arm-none-eabi/14.3.1/../../../../arm-none-eabi/lib/thumb/v8-m.main+fp/hard\libc_nano.a
END GROUP
START GROUP
LOAD D:/ST/STM32CubeIDE_2.1.0/STM32CubeIDE/plugins/com.st.stm32cube.ide.mcu.externaltools.gnu-tools-for-stm32.14.3.rel1.win32_1.0.100.202602081740/tools/bin/../lib/gcc/arm-none-eabi/14.3.1/thumb/v8-m.main+fp/hard\libgcc.a
LOAD D:/ST/STM32CubeIDE_2.1.0/STM32CubeIDE/plugins/com.st.stm32cube.ide.mcu.externaltools.gnu-tools-for-stm32.14.3.rel1.win32_1.0.100.202602081740/tools/bin/../lib/gcc/arm-none-eabi/14.3.1/../../../../arm-none-eabi/lib/thumb/v8-m.main+fp/hard\libc_nano.a
LOAD D:/ST/STM32CubeIDE_2.1.0/STM32CubeIDE/plugins/com.st.stm32cube.ide.mcu.externaltools.gnu-tools-for-stm32.14.3.rel1.win32_1.0.100.202602081740/tools/bin/../lib/gcc/arm-none-eabi/14.3.1/../../../../arm-none-eabi/lib/thumb/v8-m.main+fp/hard\libnosys.a
END GROUP
START GROUP
LOAD D:/ST/STM32CubeIDE_2.1.0/STM32CubeIDE/plugins/com.st.stm32cube.ide.mcu.externaltools.gnu-tools-for-stm32.14.3.rel1.win32_1.0.100.202602081740/tools/bin/../lib/gcc/arm-none-eabi/14.3.1/thumb/v8-m.main+fp/hard\libgcc.a
LOAD D:/ST/STM32CubeIDE_2.1.0/STM32CubeIDE/plugins/com.st.stm32cube.ide.mcu.externaltools.gnu-tools-for-stm32.14.3.rel1.win32_1.0.100.202602081740/tools/bin/../lib/gcc/arm-none-eabi/14.3.1/../../../../arm-none-eabi/lib/thumb/v8-m.main+fp/hard\libc_nano.a
LOAD D:/ST/STM32CubeIDE_2.1.0/STM32CubeIDE/plugins/com.st.stm32cube.ide.mcu.externaltools.gnu-tools-for-stm32.14.3.rel1.win32_1.0.100.202602081740/tools/bin/../lib/gcc/arm-none-eabi/14.3.1/../../../../arm-none-eabi/lib/thumb/v8-m.main+fp/hard\libnosys.a
END GROUP
LOAD D:/ST/STM32CubeIDE_2.1.0/STM32CubeIDE/plugins/com.st.stm32cube.ide.mcu.externaltools.gnu-tools-for-stm32.14.3.rel1.win32_1.0.100.202602081740/tools/bin/../lib/gcc/arm-none-eabi/14.3.1/thumb/v8-m.main+fp/hard/crtend.o
LOAD D:/ST/STM32CubeIDE_2.1.0/STM32CubeIDE/plugins/com.st.stm32cube.ide.mcu.externaltools.gnu-tools-for-stm32.14.3.rel1.win32_1.0.100.202602081740/tools/bin/../lib/gcc/arm-none-eabi/14.3.1/thumb/v8-m.main+fp/hard/crtn.o
                0x200a0000                        _estack = (ORIGIN (RAM) + LENGTH (RAM))
                0x00000200                        _Min_Heap_Size = 0x200
                0x00000400                        _Min_Stack_Size = 0x400

.isr_vector     0x08000000      0x24c
                0x08000000                        . = ALIGN (0x4)
 *(.isr_vector)
 .isr_vector    0x08000000      0x24c ./Application/User/Startup/startup_stm32h573vitx.o
                0x08000000                g_pfnVectors
                0x0800024c                        . = ALIGN (0x4)

.text           0x0800024c     0x1950
                0x0800024c                        . = ALIGN (0x4)
 *(.text)
 .text          0x0800024c       0x40 D:/ST/STM32CubeIDE_2.1.0/STM32CubeIDE/plugins/com.st.stm32cube.ide.mcu.externaltools.gnu-tools-for-stm32.14.3.rel1.win32_1.0.100.202602081740/tools/bin/../lib/gcc/arm-none-eabi/14.3.1/thumb/v8-m.main+fp/hard/crtbegin.o
 *(.text*)
 .text.main     0x0800028c       0x14 ./Application/User/Core/main.o
                0x0800028c                main
 .text.SystemClock_Config
                0x080002a0       0xc0 ./Application/User/Core/main.o
                0x080002a0                SystemClock_Config
 .text.MX_GPIO_Init
                0x08000360       0x68 ./Application/User/Core/main.o
 .text.Error_Handler
                0x080003c8        0xc ./Application/User/Core/main.o
                0x080003c8                Error_Handler
 .text.HAL_MspInit
                0x080003d4        0xe ./Application/User/Core/stm32h5xx_hal_msp.o
                0x080003d4                HAL_MspInit
 .text.NMI_Handler
                0x080003e2        0x8 ./Application/User/Core/stm32h5xx_it.o
                0x080003e2                NMI_Handler
 .text.HardFault_Handler
                0x080003ea        0x8 ./Application/User/Core/stm32h5xx_it.o
                0x080003ea                HardFault_Handler
 .text.MemManage_Handler
                0x080003f2        0x8 ./Application/User/Core/stm32h5xx_it.o
                0x080003f2                MemManage_Handler
 .text.BusFault_Handler
                0x080003fa        0x8 ./Application/User/Core/stm32h5xx_it.o
                0x080003fa                BusFault_Handler
 .text.UsageFault_Handler
                0x08000402        0x8 ./Application/User/Core/stm32h5xx_it.o
                0x08000402                UsageFault_Handler
 .text.SVC_Handler
                0x0800040a        0xe ./Application/User/Core/stm32h5xx_it.o
                0x0800040a                SVC_Handler
 .text.DebugMon_Handler
                0x08000418        0xe ./Application/User/Core/stm32h5xx_it.o
                0x08000418                DebugMon_Handler
 .text.PendSV_Handler
                0x08000426        0xe ./Application/User/Core/stm32h5xx_it.o
                0x08000426                PendSV_Handler
 .text.SysTick_Handler
                0x08000434        0xc ./Application/User/Core/stm32h5xx_it.o
                0x08000434                SysTick_Handler
 .text.Reset_Handler
                0x08000440       0x50 ./Application/User/Startup/startup_stm32h573vitx.o
                0x08000440                Reset_Handler
 .text.Default_Handler
                0x08000490        0x2 ./Application/User/Startup/startup_stm32h573vitx.o
                0x08000490                EXTI2_IRQHandler
                0x08000490                TIM8_TRG_COM_IRQHandler
                0x08000490                TIM8_CC_IRQHandler
                0x08000490                EXTI5_IRQHandler
                0x08000490                I3C1_ER_IRQHandler
                0x08000490                UART8_IRQHandler
                0x08000490                SPI4_IRQHandler
                0x08000490                GPDMA2_Channel1_IRQHandler
                0x08000490                FLASH_S_IRQHandler
                0x08000490                EXTI13_IRQHandler
                0x08000490                TIM1_CC_IRQHandler
                0x08000490                GPDMA2_Channel3_IRQHandler
                0x08000490                TAMP_IRQHandler
                0x08000490                TIM6_IRQHandler
                0x08000490                EXTI12_IRQHandler
                0x08000490                CORDIC_IRQHandler
                0x08000490                USB_DRD_FS_IRQHandler
                0x08000490                EXTI3_IRQHandler
                0x08000490                LPTIM4_IRQHandler
                0x08000490                GPDMA1_Channel5_IRQHandler
                0x08000490                EXTI8_IRQHandler
                0x08000490                GPDMA2_Channel5_IRQHandler
                0x08000490                LPTIM2_IRQHandler
                0x08000490                I2C3_ER_IRQHandler
                0x08000490                GPDMA2_Channel2_IRQHandler
                0x08000490                USART10_IRQHandler
                0x08000490                LPTIM3_IRQHandler
                0x08000490                EXTI0_IRQHandler
                0x08000490                I2C2_EV_IRQHandler
                0x08000490                FPU_IRQHandler
                0x08000490                GPDMA1_Channel3_IRQHandler
                0x08000490                GPDMA1_Channel7_IRQHandler
                0x08000490                FDCAN1_IT1_IRQHandler
                0x08000490                RAMCFG_IRQHandler
                0x08000490                DCACHE1_IRQHandler
                0x08000490                SPI1_IRQHandler
                0x08000490                OCTOSPI1_IRQHandler
                0x08000490                GPDMA1_Channel2_IRQHandler
                0x08000490                TIM8_UP_IRQHandler
                0x08000490                RCC_S_IRQHandler
                0x08000490                SAI2_IRQHandler
                0x08000490                ADC1_IRQHandler
                0x08000490                PKA_IRQHandler
                0x08000490                USART6_IRQHandler
                0x08000490                EXTI15_IRQHandler
                0x08000490                TIM17_IRQHandler
                0x08000490                USART3_IRQHandler
                0x08000490                RTC_IRQHandler
                0x08000490                EXTI9_IRQHandler
                0x08000490                LPTIM5_IRQHandler
                0x08000490                UART5_IRQHandler
                0x08000490                TIM4_IRQHandler
                0x08000490                I2C1_EV_IRQHandler
                0x08000490                GPDMA1_Channel1_IRQHandler
                0x08000490                TIM16_IRQHandler
                0x08000490                UART4_IRQHandler
                0x08000490                SecureFault_Handler
                0x08000490                TIM3_IRQHandler
                0x08000490                RCC_IRQHandler
                0x08000490                UART9_IRQHandler
                0x08000490                TIM1_TRG_COM_IRQHandler
                0x08000490                Default_Handler
                0x08000490                FMAC_IRQHandler
                0x08000490                CEC_IRQHandler
                0x08000490                USART11_IRQHandler
                0x08000490                TIM14_IRQHandler
                0x08000490                TIM13_IRQHandler
                0x08000490                OTFDEC1_IRQHandler
                0x08000490                GPDMA2_Channel4_IRQHandler
                0x08000490                SPI5_IRQHandler
                0x08000490                TIM12_IRQHandler
                0x08000490                TIM7_IRQHandler
                0x08000490                SDMMC1_IRQHandler
                0x08000490                SAES_IRQHandler
                0x08000490                TIM5_IRQHandler
                0x08000490                UCPD1_IRQHandler
                0x08000490                GPDMA1_Channel0_IRQHandler
                0x08000490                I3C1_EV_IRQHandler
                0x08000490                TIM15_IRQHandler
                0x08000490                PVD_AVD_IRQHandler
                0x08000490                I2C3_EV_IRQHandler
                0x08000490                ETH_WKUP_IRQHandler
                0x08000490                ADC2_IRQHandler
                0x08000490                SPI2_IRQHandler
                0x08000490                EXTI14_IRQHandler
                0x08000490                EXTI11_IRQHandler
                0x08000490                CRS_IRQHandler
                0x08000490                EXTI4_IRQHandler
                0x08000490                GPDMA2_Channel0_IRQHandler
                0x08000490                RTC_S_IRQHandler
                0x08000490                RNG_IRQHandler
                0x08000490                FDCAN2_IT1_IRQHandler
                0x08000490                ETH_IRQHandler
                0x08000490                GPDMA2_Channel6_IRQHandler
                0x08000490                TIM1_UP_IRQHandler
                0x08000490                UART12_IRQHandler
                0x08000490                WWDG_IRQHandler
                0x08000490                SPI6_IRQHandler
                0x08000490                I2C4_EV_IRQHandler
                0x08000490                FDCAN2_IT0_IRQHandler
                0x08000490                IWDG_IRQHandler
                0x08000490                LPUART1_IRQHandler
                0x08000490                FDCAN1_IT0_IRQHandler
                0x08000490                TIM2_IRQHandler
                0x08000490                GPDMA1_Channel4_IRQHandler
                0x08000490                EXTI7_IRQHandler
                0x08000490                TIM1_BRK_IRQHandler
                0x08000490                EXTI1_IRQHandler
                0x08000490                SDMMC2_IRQHandler
                0x08000490                AES_IRQHandler
                0x08000490                LPTIM6_IRQHandler
                0x08000490                DAC1_IRQHandler
                0x08000490                DTS_IRQHandler
                0x08000490                UART7_IRQHandler
                0x08000490                GTZC_IRQHandler
                0x08000490                USART2_IRQHandler
                0x08000490                GPDMA1_Channel6_IRQHandler
                0x08000490                GPDMA2_Channel7_IRQHandler
                0x08000490                I2C2_ER_IRQHandler
                0x08000490                TIM8_BRK_IRQHandler
                0x08000490                FLASH_IRQHandler
                0x08000490                USART1_IRQHandler
                0x08000490                EXTI10_IRQHandler
                0x08000490                SPI3_IRQHandler
                0x08000490                I2C1_ER_IRQHandler
                0x08000490                FMC_IRQHandler
                0x08000490                EXTI6_IRQHandler
                0x08000490                LPTIM1_IRQHandler
                0x08000490                DCMI_PSSI_IRQHandler
                0x08000490                I2C4_ER_IRQHandler
                0x08000490                ICACHE_IRQHandler
                0x08000490                SAI1_IRQHandler
                0x08000490                HASH_IRQHandler
 *fill*         0x08000492        0x2 
 .text.SystemInit
                0x08000494       0xf8 ./Drivers/CMSIS/system_stm32h5xx.o
                0x08000494                SystemInit
 .text.HAL_Init
                0x0800058c       0x50 ./Drivers/STM32H5xx_HAL_Driver/stm32h5xx_hal.o
                0x0800058c                HAL_Init
 .text.HAL_InitTick
                0x080005dc       0xec ./Drivers/STM32H5xx_HAL_Driver/stm32h5xx_hal.o
                0x080005dc                HAL_InitTick
 .text.HAL_IncTick
                0x080006c8       0x28 ./Drivers/STM32H5xx_HAL_Driver/stm32h5xx_hal.o
                0x080006c8                HAL_IncTick
 .text.HAL_GetTick
                0x080006f0       0x18 ./Drivers/STM32H5xx_HAL_Driver/stm32h5xx_hal.o
                0x080006f0                HAL_GetTick
 .text.__NVIC_SetPriorityGrouping
                0x08000708       0x48 ./Drivers/STM32H5xx_HAL_Driver/stm32h5xx_hal_cortex.o
 .text.__NVIC_GetPriorityGrouping
                0x08000750       0x1c ./Drivers/STM32H5xx_HAL_Driver/stm32h5xx_hal_cortex.o
 .text.__NVIC_SetPriority
                0x0800076c       0x54 ./Drivers/STM32H5xx_HAL_Driver/stm32h5xx_hal_cortex.o
 .text.NVIC_EncodePriority
                0x080007c0       0x66 ./Drivers/STM32H5xx_HAL_Driver/stm32h5xx_hal_cortex.o
 .text.HAL_NVIC_SetPriorityGrouping
                0x08000826       0x16 ./Drivers/STM32H5xx_HAL_Driver/stm32h5xx_hal_cortex.o
                0x08000826                HAL_NVIC_SetPriorityGrouping
 .text.HAL_NVIC_SetPriority
                0x0800083c       0x34 ./Drivers/STM32H5xx_HAL_Driver/stm32h5xx_hal_cortex.o
                0x0800083c                HAL_NVIC_SetPriority
 .text.HAL_SYSTICK_Config
                0x08000870       0x44 ./Drivers/STM32H5xx_HAL_Driver/stm32h5xx_hal_cortex.o
                0x08000870                HAL_SYSTICK_Config
 .text.HAL_SYSTICK_CLKSourceConfig
                0x080008b4       0xb0 ./Drivers/STM32H5xx_HAL_Driver/stm32h5xx_hal_cortex.o
                0x080008b4                HAL_SYSTICK_CLKSourceConfig
 .text.HAL_SYSTICK_GetCLKSourceConfig
                0x08000964       0x6c ./Drivers/STM32H5xx_HAL_Driver/stm32h5xx_hal_cortex.o
                0x08000964                HAL_SYSTICK_GetCLKSourceConfig
 .text.HAL_GPIO_Init
                0x080009d0      0x2bc ./Drivers/STM32H5xx_HAL_Driver/stm32h5xx_hal_gpio.o
                0x080009d0                HAL_GPIO_Init
 .text.HAL_GPIO_WritePin
                0x08000c8c       0x30 ./Drivers/STM32H5xx_HAL_Driver/stm32h5xx_hal_gpio.o
                0x08000c8c                HAL_GPIO_WritePin
 .text.HAL_RCC_OscConfig
                0x08000cbc      0x870 ./Drivers/STM32H5xx_HAL_Driver/stm32h5xx_hal_rcc.o
                0x08000cbc                HAL_RCC_OscConfig
 .text.HAL_RCC_ClockConfig
                0x0800152c      0x370 ./Drivers/STM32H5xx_HAL_Driver/stm32h5xx_hal_rcc.o
                0x0800152c                HAL_RCC_ClockConfig
 .text.HAL_RCC_GetSysClockFreq
                0x0800189c      0x258 ./Drivers/STM32H5xx_HAL_Driver/stm32h5xx_hal_rcc.o
                0x0800189c                HAL_RCC_GetSysClockFreq
 .text.HAL_RCC_GetHCLKFreq
                0x08001af4       0x38 ./Drivers/STM32H5xx_HAL_Driver/stm32h5xx_hal_rcc.o
                0x08001af4                HAL_RCC_GetHCLKFreq
 .text.memset   0x08001b2c       0x10 D:/ST/STM32CubeIDE_2.1.0/STM32CubeIDE/plugins/com.st.stm32cube.ide.mcu.externaltools.gnu-tools-for-stm32.14.3.rel1.win32_1.0.100.202602081740/tools/bin/../lib/gcc/arm-none-eabi/14.3.1/../../../../arm-none-eabi/lib/thumb/v8-m.main+fp/hard\libc_nano.a(libc_a-memset.o)
                0x08001b2c                memset
 .text.__libc_init_array
                0x08001b3c       0x48 D:/ST/STM32CubeIDE_2.1.0/STM32CubeIDE/plugins/com.st.stm32cube.ide.mcu.externaltools.gnu-tools-for-stm32.14.3.rel1.win32_1.0.100.202602081740/tools/bin/../lib/gcc/arm-none-eabi/14.3.1/../../../../arm-none-eabi/lib/thumb/v8-m.main+fp/hard\libc_nano.a(libc_a-init.o)
                0x08001b3c                __libc_init_array
 *(.glue_7)
 .glue_7        0x08001b84        0x0 linker stubs
 *(.glue_7t)
 .glue_7t       0x08001b84        0x0 linker stubs
 *(.eh_frame)
 .eh_frame      0x08001b84        0x0 D:/ST/STM32CubeIDE_2.1.0/STM32CubeIDE/plugins/com.st.stm32cube.ide.mcu.externaltools.gnu-tools-for-stm32.14.3.rel1.win32_1.0.100.202602081740/tools/bin/../lib/gcc/arm-none-eabi/14.3.1/thumb/v8-m.main+fp/hard/crtbegin.o
 *(.init)
 .init          0x08001b84        0x4 D:/ST/STM32CubeIDE_2.1.0/STM32CubeIDE/plugins/com.st.stm32cube.ide.mcu.externaltools.gnu-tools-for-stm32.14.3.rel1.win32_1.0.100.202602081740/tools/bin/../lib/gcc/arm-none-eabi/14.3.1/thumb/v8-m.main+fp/hard/crti.o
                0x08001b84                _init
 .init          0x08001b88        0x8 D:/ST/STM32CubeIDE_2.1.0/STM32CubeIDE/plugins/com.st.stm32cube.ide.mcu.externaltools.gnu-tools-for-stm32.14.3.rel1.win32_1.0.100.202602081740/tools/bin/../lib/gcc/arm-none-eabi/14.3.1/thumb/v8-m.main+fp/hard/crtn.o
 *(.fini)
 .fini          0x08001b90        0x4 D:/ST/STM32CubeIDE_2.1.0/STM32CubeIDE/plugins/com.st.stm32cube.ide.mcu.externaltools.gnu-tools-for-stm32.14.3.rel1.win32_1.0.100.202602081740/tools/bin/../lib/gcc/arm-none-eabi/14.3.1/thumb/v8-m.main+fp/hard/crti.o
                0x08001b90                _fini
 .fini          0x08001b94        0x8 D:/ST/STM32CubeIDE_2.1.0/STM32CubeIDE/plugins/com.st.stm32cube.ide.mcu.externaltools.gnu-tools-for-stm32.14.3.rel1.win32_1.0.100.202602081740/tools/bin/../lib/gcc/arm-none-eabi/14.3.1/thumb/v8-m.main+fp/hard/crtn.o
                0x08001b9c                        . = ALIGN (0x4)
                0x08001b9c                        _etext = .

.vfp11_veneer   0x08001b9c        0x0
 .vfp11_veneer  0x08001b9c        0x0 linker stubs

.v4_bx          0x08001b9c        0x0
 .v4_bx         0x08001b9c        0x0 linker stubs

.iplt           0x08001b9c        0x0
 .iplt          0x08001b9c        0x0 D:/ST/STM32CubeIDE_2.1.0/STM32CubeIDE/plugins/com.st.stm32cube.ide.mcu.externaltools.gnu-tools-for-stm32.14.3.rel1.win32_1.0.100.202602081740/tools/bin/../lib/gcc/arm-none-eabi/14.3.1/thumb/v8-m.main+fp/hard/crtbegin.o

.rodata         0x08001b9c       0x10
                0x08001b9c                        . = ALIGN (0x4)
 *(.rodata)
 *(.rodata*)
 .rodata.AHBPrescTable
                0x08001b9c       0x10 ./Drivers/CMSIS/system_stm32h5xx.o
                0x08001b9c                AHBPrescTable
                0x08001bac                        . = ALIGN (0x4)

.ARM.extab      0x08001bac        0x0
                0x08001bac                        . = ALIGN (0x4)
 *(.ARM.extab* .gnu.linkonce.armextab.*)
                0x08001bac                        . = ALIGN (0x4)

.ARM            0x08001bac        0x0
                0x08001bac                        . = ALIGN (0x4)
                0x08001bac                        __exidx_start = .
 *(.ARM.exidx*)
                0x08001bac                        __exidx_end = .
                0x08001bac                        . = ALIGN (0x4)

.preinit_array  0x08001bac        0x0
                0x08001bac                        . = ALIGN (0x4)
                0x08001bac                        PROVIDE (__preinit_array_start = .)
 *(.preinit_array*)
                0x08001bac                        PROVIDE (__preinit_array_end = .)
                0x08001bac                        . = ALIGN (0x4)

.init_array     0x08001bac        0x4
                0x08001bac                        . = ALIGN (0x4)
                0x08001bac                        PROVIDE (__init_array_start = .)
 *(SORT_BY_NAME(.init_array.*))
 *(.init_array*)
 .init_array    0x08001bac        0x4 D:/ST/STM32CubeIDE_2.1.0/STM32CubeIDE/plugins/com.st.stm32cube.ide.mcu.externaltools.gnu-tools-for-stm32.14.3.rel1.win32_1.0.100.202602081740/tools/bin/../lib/gcc/arm-none-eabi/14.3.1/thumb/v8-m.main+fp/hard/crtbegin.o
                0x08001bb0                        PROVIDE (__init_array_end = .)
                0x08001bb0                        . = ALIGN (0x4)

.fini_array     0x08001bb0        0x4
                0x08001bb0                        . = ALIGN (0x4)
                [!provide]                        PROVIDE (__fini_array_start = .)
 *(SORT_BY_NAME(.fini_array.*))
 *(.fini_array*)
 .fini_array    0x08001bb0        0x4 D:/ST/STM32CubeIDE_2.1.0/STM32CubeIDE/plugins/com.st.stm32cube.ide.mcu.externaltools.gnu-tools-for-stm32.14.3.rel1.win32_1.0.100.202602081740/tools/bin/../lib/gcc/arm-none-eabi/14.3.1/thumb/v8-m.main+fp/hard/crtbegin.o
                [!provide]                        PROVIDE (__fini_array_end = .)
                0x08001bb4                        . = ALIGN (0x4)
                0x08001bb4                        _sidata = LOADADDR (.data)

.rel.dyn        0x08001bb4        0x0
 .rel.iplt      0x08001bb4        0x0 D:/ST/STM32CubeIDE_2.1.0/STM32CubeIDE/plugins/com.st.stm32cube.ide.mcu.externaltools.gnu-tools-for-stm32.14.3.rel1.win32_1.0.100.202602081740/tools/bin/../lib/gcc/arm-none-eabi/14.3.1/thumb/v8-m.main+fp/hard/crtbegin.o

.data           0x20000000        0xc load address 0x08001bb4
                0x20000000                        . = ALIGN (0x4)
                0x20000000                        _sdata = .
 *(.data)
 *(.data*)
 .data.SystemCoreClock
                0x20000000        0x4 ./Drivers/CMSIS/system_stm32h5xx.o
                0x20000000                SystemCoreClock
 .data.uwTickPrio
                0x20000004        0x4 ./Drivers/STM32H5xx_HAL_Driver/stm32h5xx_hal.o
                0x20000004                uwTickPrio
 .data.uwTickFreq
                0x20000008        0x1 ./Drivers/STM32H5xx_HAL_Driver/stm32h5xx_hal.o
                0x20000008                uwTickFreq
 *(.RamFunc)
 *(.RamFunc*)
                0x2000000c                        . = ALIGN (0x4)
 *fill*         0x20000009        0x3 
                0x2000000c                        _edata = .

.igot.plt       0x2000000c        0x0 load address 0x08001bc0
 .igot.plt      0x2000000c        0x0 D:/ST/STM32CubeIDE_2.1.0/STM32CubeIDE/plugins/com.st.stm32cube.ide.mcu.externaltools.gnu-tools-for-stm32.14.3.rel1.win32_1.0.100.202602081740/tools/bin/../lib/gcc/arm-none-eabi/14.3.1/thumb/v8-m.main+fp/hard/crtbegin.o
                0x2000000c                        . = ALIGN (0x4)

.bss            0x2000000c       0x20 load address 0x08001bc0
                0x2000000c                        _sbss = .
                0x2000000c                        __bss_start__ = _sbss
 *(.bss)
 .bss           0x2000000c       0x1c D:/ST/STM32CubeIDE_2.1.0/STM32CubeIDE/plugins/com.st.stm32cube.ide.mcu.externaltools.gnu-tools-for-stm32.14.3.rel1.win32_1.0.100.202602081740/tools/bin/../lib/gcc/arm-none-eabi/14.3.1/thumb/v8-m.main+fp/hard/crtbegin.o
 *(.bss*)
 .bss.uwTick    0x20000028        0x4 ./Drivers/STM32H5xx_HAL_Driver/stm32h5xx_hal.o
                0x20000028                uwTick
 *(COMMON)
                0x2000002c                        . = ALIGN (0x4)
                0x2000002c                        _ebss = .
                0x2000002c                        __bss_end__ = _ebss

._user_heap_stack
                0x2000002c      0x604 load address 0x08001bc0
                0x20000030                        . = ALIGN (0x8)
 *fill*         0x2000002c        0x4 
                [!provide]                        PROVIDE (end = .)
                0x20000030                        PROVIDE (_end = .)
                0x20000230                        . = (. + _Min_Heap_Size)
 *fill*         0x20000030      0x200 
                0x20000630                        . = (. + _Min_Stack_Size)
 *fill*         0x20000230      0x400 
                0x20000630                        . = ALIGN (0x8)

/DISCARD/
 libc.a(*)
 libm.a(*)
 libgcc.a(*)

.ARM.attributes
                0x00000000       0x36
 *(.ARM.attributes)
 .ARM.attributes
                0x00000000       0x26 D:/ST/STM32CubeIDE_2.1.0/STM32CubeIDE/plugins/com.st.stm32cube.ide.mcu.externaltools.gnu-tools-for-stm32.14.3.rel1.win32_1.0.100.202602081740/tools/bin/../lib/gcc/arm-none-eabi/14.3.1/thumb/v8-m.main+fp/hard/crti.o
 .ARM.attributes
                0x00000026       0x38 D:/ST/STM32CubeIDE_2.1.0/STM32CubeIDE/plugins/com.st.stm32cube.ide.mcu.externaltools.gnu-tools-for-stm32.14.3.rel1.win32_1.0.100.202602081740/tools/bin/../lib/gcc/arm-none-eabi/14.3.1/thumb/v8-m.main+fp/hard/crtbegin.o
 .ARM.attributes
                0x0000005e       0x3a ./Application/User/Core/main.o
 .ARM.attributes
                0x00000098       0x3a ./Application/User/Core/stm32h5xx_hal_msp.o
 .ARM.attributes
                0x000000d2       0x3a ./Application/User/Core/stm32h5xx_it.o
 .ARM.attributes
                0x0000010c       0x24 ./Application/User/Startup/startup_stm32h573vitx.o
 .ARM.attributes
                0x00000130       0x3a ./Drivers/CMSIS/system_stm32h5xx.o
 .ARM.attributes
                0x0000016a       0x3a ./Drivers/STM32H5xx_HAL_Driver/stm32h5xx_hal.o
 .ARM.attributes
                0x000001a4       0x3a ./Drivers/STM32H5xx_HAL_Driver/stm32h5xx_hal_cortex.o
 .ARM.attributes
                0x000001de       0x3a ./Drivers/STM32H5xx_HAL_Driver/stm32h5xx_hal_gpio.o
 .ARM.attributes
                0x00000218       0x3a ./Drivers/STM32H5xx_HAL_Driver/stm32h5xx_hal_rcc.o
 .ARM.attributes
                0x00000252       0x38 D:/ST/STM32CubeIDE_2.1.0/STM32CubeIDE/plugins/com.st.stm32cube.ide.mcu.externaltools.gnu-tools-for-stm32.14.3.rel1.win32_1.0.100.202602081740/tools/bin/../lib/gcc/arm-none-eabi/14.3.1/../../../../arm-none-eabi/lib/thumb/v8-m.main+fp/hard\libc_nano.a(libc_a-memset.o)
 .ARM.attributes
                0x0000028a       0x38 D:/ST/STM32CubeIDE_2.1.0/STM32CubeIDE/plugins/com.st.stm32cube.ide.mcu.externaltools.gnu-tools-for-stm32.14.3.rel1.win32_1.0.100.202602081740/tools/bin/../lib/gcc/arm-none-eabi/14.3.1/../../../../arm-none-eabi/lib/thumb/v8-m.main+fp/hard\libc_nano.a(libc_a-init.o)
 .ARM.attributes
                0x000002c2       0x26 D:/ST/STM32CubeIDE_2.1.0/STM32CubeIDE/plugins/com.st.stm32cube.ide.mcu.externaltools.gnu-tools-for-stm32.14.3.rel1.win32_1.0.100.202602081740/tools/bin/../lib/gcc/arm-none-eabi/14.3.1/thumb/v8-m.main+fp/hard/crtn.o
OUTPUT(tfmminiproject.elf elf32-littlearm)
LOAD linker stubs
LOAD D:/ST/STM32CubeIDE_2.1.0/STM32CubeIDE/plugins/com.st.stm32cube.ide.mcu.externaltools.gnu-tools-for-stm32.14.3.rel1.win32_1.0.100.202602081740/tools/bin/../lib/gcc/arm-none-eabi/14.3.1/../../../../arm-none-eabi/lib/thumb/v8-m.main+fp/hard\libc.a
LOAD D:/ST/STM32CubeIDE_2.1.0/STM32CubeIDE/plugins/com.st.stm32cube.ide.mcu.externaltools.gnu-tools-for-stm32.14.3.rel1.win32_1.0.100.202602081740/tools/bin/../lib/gcc/arm-none-eabi/14.3.1/../../../../arm-none-eabi/lib/thumb/v8-m.main+fp/hard\libm.a
LOAD D:/ST/STM32CubeIDE_2.1.0/STM32CubeIDE/plugins/com.st.stm32cube.ide.mcu.externaltools.gnu-tools-for-stm32.14.3.rel1.win32_1.0.100.202602081740/tools/bin/../lib/gcc/arm-none-eabi/14.3.1/thumb/v8-m.main+fp/hard\libgcc.a

.debug_info     0x00000000     0x5e51
 .debug_info    0x00000000      0xd5d ./Application/User/Core/main.o
 .debug_info    0x00000d5d       0x9f ./Application/User/Core/stm32h5xx_hal_msp.o
 .debug_info    0x00000dfc      0x128 ./Application/User/Core/stm32h5xx_it.o
 .debug_info    0x00000f24       0x30 ./Application/User/Startup/startup_stm32h573vitx.o
 .debug_info    0x00000f54      0xd8e ./Drivers/CMSIS/system_stm32h5xx.o
 .debug_info    0x00001ce2     0x13b1 ./Drivers/STM32H5xx_HAL_Driver/stm32h5xx_hal.o
 .debug_info    0x00003093     0x1669 ./Drivers/STM32H5xx_HAL_Driver/stm32h5xx_hal_cortex.o
 .debug_info    0x000046fc      0x6b6 ./Drivers/STM32H5xx_HAL_Driver/stm32h5xx_hal_gpio.o
 .debug_info    0x00004db2     0x109f ./Drivers/STM32H5xx_HAL_Driver/stm32h5xx_hal_rcc.o

.debug_abbrev   0x00000000      0xe6a
 .debug_abbrev  0x00000000      0x213 ./Application/User/Core/main.o
 .debug_abbrev  0x00000213       0x45 ./Application/User/Core/stm32h5xx_hal_msp.o
 .debug_abbrev  0x00000258       0x73 ./Application/User/Core/stm32h5xx_it.o
 .debug_abbrev  0x000002cb       0x24 ./Application/User/Startup/startup_stm32h573vitx.o
 .debug_abbrev  0x000002ef      0x13a ./Drivers/CMSIS/system_stm32h5xx.o
 .debug_abbrev  0x00000429      0x2af ./Drivers/STM32H5xx_HAL_Driver/stm32h5xx_hal.o
 .debug_abbrev  0x000006d8      0x327 ./Drivers/STM32H5xx_HAL_Driver/stm32h5xx_hal_cortex.o
 .debug_abbrev  0x000009ff      0x1db ./Drivers/STM32H5xx_HAL_Driver/stm32h5xx_hal_gpio.o
 .debug_abbrev  0x00000bda      0x290 ./Drivers/STM32H5xx_HAL_Driver/stm32h5xx_hal_rcc.o

.debug_aranges  0x00000000      0x560
 .debug_aranges
                0x00000000       0x38 ./Application/User/Core/main.o
 .debug_aranges
                0x00000038       0x20 ./Application/User/Core/stm32h5xx_hal_msp.o
 .debug_aranges
                0x00000058       0x60 ./Application/User/Core/stm32h5xx_it.o
 .debug_aranges
                0x000000b8       0x28 ./Application/User/Startup/startup_stm32h573vitx.o
 .debug_aranges
                0x000000e0       0x28 ./Drivers/CMSIS/system_stm32h5xx.o
 .debug_aranges
                0x00000108      0x200 ./Drivers/STM32H5xx_HAL_Driver/stm32h5xx_hal.o
 .debug_aranges
                0x00000308      0x140 ./Drivers/STM32H5xx_HAL_Driver/stm32h5xx_hal_cortex.o
 .debug_aranges
                0x00000448       0x78 ./Drivers/STM32H5xx_HAL_Driver/stm32h5xx_hal_gpio.o
 .debug_aranges
                0x000004c0       0xa0 ./Drivers/STM32H5xx_HAL_Driver/stm32h5xx_hal_rcc.o

.debug_rnglists
                0x00000000      0x3e9
 .debug_rnglists
                0x00000000       0x26 ./Application/User/Core/main.o
 .debug_rnglists
                0x00000026       0x13 ./Application/User/Core/stm32h5xx_hal_msp.o
 .debug_rnglists
                0x00000039       0x43 ./Application/User/Core/stm32h5xx_it.o
 .debug_rnglists
                0x0000007c       0x19 ./Application/User/Startup/startup_stm32h573vitx.o
 .debug_rnglists
                0x00000095       0x1b ./Drivers/CMSIS/system_stm32h5xx.o
 .debug_rnglists
                0x000000b0      0x17d ./Drivers/STM32H5xx_HAL_Driver/stm32h5xx_hal.o
 .debug_rnglists
                0x0000022d       0xec ./Drivers/STM32H5xx_HAL_Driver/stm32h5xx_hal_cortex.o
 .debug_rnglists
                0x00000319       0x57 ./Drivers/STM32H5xx_HAL_Driver/stm32h5xx_hal_gpio.o
 .debug_rnglists
                0x00000370       0x79 ./Drivers/STM32H5xx_HAL_Driver/stm32h5xx_hal_rcc.o

.debug_macro    0x00000000    0x2fb3f
 .debug_macro   0x00000000      0x24f ./Application/User/Core/main.o
 .debug_macro   0x0000024f      0xade ./Application/User/Core/main.o
 .debug_macro   0x00000d2d      0x1da ./Application/User/Core/main.o
 .debug_macro   0x00000f07       0x22 ./Application/User/Core/main.o
 .debug_macro   0x00000f29       0x5b ./Application/User/Core/main.o
 .debug_macro   0x00000f84       0x2a ./Application/User/Core/main.o
 .debug_macro   0x00000fae       0x94 ./Application/User/Core/main.o
 .debug_macro   0x00001042       0x43 ./Application/User/Core/main.o
 .debug_macro   0x00001085       0x34 ./Application/User/Core/main.o
 .debug_macro   0x000010b9      0x190 ./Application/User/Core/main.o
 .debug_macro   0x00001249       0x57 ./Application/User/Core/main.o
 .debug_macro   0x000012a0      0x364 ./Application/User/Core/main.o
 .debug_macro   0x00001604       0x16 ./Application/User/Core/main.o
 .debug_macro   0x0000161a       0x4a ./Application/User/Core/main.o
 .debug_macro   0x00001664       0x34 ./Application/User/Core/main.o
 .debug_macro   0x00001698       0x10 ./Application/User/Core/main.o
 .debug_macro   0x000016a8       0x58 ./Application/User/Core/main.o
 .debug_macro   0x00001700       0x8e ./Application/User/Core/main.o
 .debug_macro   0x0000178e       0x1c ./Application/User/Core/main.o
 .debug_macro   0x000017aa      0x17e ./Application/User/Core/main.o
 .debug_macro   0x00001928      0x19b ./Application/User/Core/main.o
 .debug_macro   0x00001ac3       0x28 ./Application/User/Core/main.o
 .debug_macro   0x00001aeb       0x49 ./Application/User/Core/main.o
 .debug_macro   0x00001b34      0x103 ./Application/User/Core/main.o
 .debug_macro   0x00001c37       0x6a ./Application/User/Core/main.o
 .debug_macro   0x00001ca1      0x1df ./Application/User/Core/main.o
 .debug_macro   0x00001e80       0x1c ./Application/User/Core/main.o
 .debug_macro   0x00001e9c       0x29 ./Application/User/Core/main.o
 .debug_macro   0x00001ec5       0xfb ./Application/User/Core/main.o
 .debug_macro   0x00001fc0     0x1685 ./Application/User/Core/main.o
 .debug_macro   0x00003645       0x5e ./Application/User/Core/main.o
 .debug_macro   0x000036a3    0x21f07 ./Application/User/Core/main.o
 .debug_macro   0x000255aa       0x6d ./Application/User/Core/main.o
 .debug_macro   0x00025617     0x388a ./Application/User/Core/main.o
 .debug_macro   0x00028ea1       0x63 ./Application/User/Core/main.o
 .debug_macro   0x00028f04     0x1fae ./Application/User/Core/main.o
 .debug_macro   0x0002aeb2      0xe96 ./Application/User/Core/main.o
 .debug_macro   0x0002bd48      0x166 ./Application/User/Core/main.o
 .debug_macro   0x0002beae      0x300 ./Application/User/Core/main.o
 .debug_macro   0x0002c1ae      0x94f ./Application/User/Core/main.o
 .debug_macro   0x0002cafd      0x478 ./Application/User/Core/main.o
 .debug_macro   0x0002cf75       0xd6 ./Application/User/Core/main.o
 .debug_macro   0x0002d04b      0x1cd ./Application/User/Core/main.o
 .debug_macro   0x0002d218      0x55b ./Application/User/Core/main.o
 .debug_macro   0x0002d773      0x638 ./Application/User/Core/main.o
 .debug_macro   0x0002ddab       0x7b ./Application/User/Core/main.o
 .debug_macro   0x0002de26      0x313 ./Application/User/Core/main.o
 .debug_macro   0x0002e139      0x1bb ./Application/User/Core/main.o
 .debug_macro   0x0002e2f4      0x2a7 ./Application/User/Core/main.o
 .debug_macro   0x0002e59b      0x4ee ./Application/User/Core/main.o
 .debug_macro   0x0002ea89      0x24f ./Application/User/Core/stm32h5xx_hal_msp.o
 .debug_macro   0x0002ecd8      0x259 ./Application/User/Core/stm32h5xx_it.o
 .debug_macro   0x0002ef31      0x24c ./Drivers/CMSIS/system_stm32h5xx.o
 .debug_macro   0x0002f17d      0x27b ./Drivers/STM32H5xx_HAL_Driver/stm32h5xx_hal.o
 .debug_macro   0x0002f3f8      0x245 ./Drivers/STM32H5xx_HAL_Driver/stm32h5xx_hal_cortex.o
 .debug_macro   0x0002f63d      0x27b ./Drivers/STM32H5xx_HAL_Driver/stm32h5xx_hal_gpio.o
 .debug_macro   0x0002f8b8      0x287 ./Drivers/STM32H5xx_HAL_Driver/stm32h5xx_hal_rcc.o

.debug_line     0x00000000     0x62fe
 .debug_line    0x00000000      0x8fd ./Application/User/Core/main.o
 .debug_line    0x000008fd      0x84d ./Application/User/Core/stm32h5xx_hal_msp.o
 .debug_line    0x0000114a      0x900 ./Application/User/Core/stm32h5xx_it.o
 .debug_line    0x00001a4a       0x7b ./Application/User/Startup/startup_stm32h573vitx.o
 .debug_line    0x00001ac5      0x9d5 ./Drivers/CMSIS/system_stm32h5xx.o
 .debug_line    0x0000249a      0xf75 ./Drivers/STM32H5xx_HAL_Driver/stm32h5xx_hal.o
 .debug_line    0x0000340f      0xea4 ./Drivers/STM32H5xx_HAL_Driver/stm32h5xx_hal_cortex.o
 .debug_line    0x000042b3      0xc5e ./Drivers/STM32H5xx_HAL_Driver/stm32h5xx_hal_gpio.o
 .debug_line    0x00004f11     0x13ed ./Drivers/STM32H5xx_HAL_Driver/stm32h5xx_hal_rcc.o

.debug_str      0x00000000   0x12dd26
 .debug_str     0x00000000   0x12dd26 ./Application/User/Core/main.o
                             0x12c13c (size before relaxing)
 .debug_str     0x0012dd26   0x12b921 ./Application/User/Core/stm32h5xx_hal_msp.o
 .debug_str     0x0012dd26   0x12b9be ./Application/User/Core/stm32h5xx_it.o
 .debug_str     0x0012dd26       0x8d ./Application/User/Startup/startup_stm32h573vitx.o
 .debug_str     0x0012dd26   0x12bfa8 ./Drivers/CMSIS/system_stm32h5xx.o
 .debug_str     0x0012dd26   0x12ce14 ./Drivers/STM32H5xx_HAL_Driver/stm32h5xx_hal.o
 .debug_str     0x0012dd26   0x12c9a3 ./Drivers/STM32H5xx_HAL_Driver/stm32h5xx_hal_cortex.o
 .debug_str     0x0012dd26   0x12bd0d ./Drivers/STM32H5xx_HAL_Driver/stm32h5xx_hal_gpio.o
 .debug_str     0x0012dd26   0x12c4ed ./Drivers/STM32H5xx_HAL_Driver/stm32h5xx_hal_rcc.o

.comment        0x00000000       0x43
 .comment       0x00000000       0x43 ./Application/User/Core/main.o
                                 0x44 (size before relaxing)
 .comment       0x00000043       0x44 ./Application/User/Core/stm32h5xx_hal_msp.o
 .comment       0x00000043       0x44 ./Application/User/Core/stm32h5xx_it.o
 .comment       0x00000043       0x44 ./Drivers/CMSIS/system_stm32h5xx.o
 .comment       0x00000043       0x44 ./Drivers/STM32H5xx_HAL_Driver/stm32h5xx_hal.o
 .comment       0x00000043       0x44 ./Drivers/STM32H5xx_HAL_Driver/stm32h5xx_hal_cortex.o
 .comment       0x00000043       0x44 ./Drivers/STM32H5xx_HAL_Driver/stm32h5xx_hal_gpio.o
 .comment       0x00000043       0x44 ./Drivers/STM32H5xx_HAL_Driver/stm32h5xx_hal_rcc.o

.debug_frame    0x00000000     0x12b0
 .debug_frame   0x00000000       0x8c ./Application/User/Core/main.o
 .debug_frame   0x0000008c       0x2c ./Application/User/Core/stm32h5xx_hal_msp.o
 .debug_frame   0x000000b8       0xf8 ./Application/User/Core/stm32h5xx_it.o
 .debug_frame   0x000001b0       0x58 ./Drivers/CMSIS/system_stm32h5xx.o
 .debug_frame   0x00000208      0x74c ./Drivers/STM32H5xx_HAL_Driver/stm32h5xx_hal.o
 .debug_frame   0x00000954      0x508 ./Drivers/STM32H5xx_HAL_Driver/stm32h5xx_hal_cortex.o
 .debug_frame   0x00000e5c      0x1c0 ./Drivers/STM32H5xx_HAL_Driver/stm32h5xx_hal_gpio.o
 .debug_frame   0x0000101c      0x248 ./Drivers/STM32H5xx_HAL_Driver/stm32h5xx_hal_rcc.o
 .debug_frame   0x00001264       0x20 D:/ST/STM32CubeIDE_2.1.0/STM32CubeIDE/plugins/com.st.stm32cube.ide.mcu.externaltools.gnu-tools-for-stm32.14.3.rel1.win32_1.0.100.202602081740/tools/bin/../lib/gcc/arm-none-eabi/14.3.1/../../../../arm-none-eabi/lib/thumb/v8-m.main+fp/hard\libc_nano.a(libc_a-memset.o)
 .debug_frame   0x00001284       0x2c D:/ST/STM32CubeIDE_2.1.0/STM32CubeIDE/plugins/com.st.stm32cube.ide.mcu.externaltools.gnu-tools-for-stm32.14.3.rel1.win32_1.0.100.202602081740/tools/bin/../lib/gcc/arm-none-eabi/14.3.1/../../../../arm-none-eabi/lib/thumb/v8-m.main+fp/hard\libc_nano.a(libc_a-init.o)

.debug_line_str
                0x00000000       0x71
 .debug_line_str
                0x00000000       0x71 ./Application/User/Startup/startup_stm32h573vitx.o
