Archive member included to satisfy reference by file (symbol)

platform/libplatform_s.a(system_stm32h5xx.o)
                              secure_fw/CMakeFiles/tfm_s.dir/__/platform/ext/target/stm/common/stm32h5xx/Device/Source/startup_stm32h5xx_s.o (SystemInit)
platform/libplatform_s.a(stm32h5xx_hal_dma.o)
                              secure_fw/CMakeFiles/tfm_s.dir/__/platform/ext/target/stm/common/stm32h5xx/hal/Src/stm32h5xx_hal_hash.o (HAL_DMA_Start_IT)
platform/libplatform_s.a(stm32h5xx_hal_dma_ex.o)
                              secure_fw/CMakeFiles/tfm_s.dir/__/platform/ext/target/stm/common/stm32h5xx/hal/Src/stm32h5xx_hal_hash.o (HAL_DMAEx_List_Start_IT)
platform/libplatform_s.a(stm32h5xx_hal_rng.o)
                              secure_fw/CMakeFiles/tfm_s.dir/__/platform/ext/target/stm/common/hal/Native_Driver/low_level_rng.o (HAL_RNG_Init)
secure_fw/partitions/lib/runtime/libtfm_sprt.a(crt_exit.o)
                              (_exit)
secure_fw/partitions/lib/runtime/libtfm_sprt.a(crt_start.o)
                              secure_fw/CMakeFiles/tfm_s.dir/__/platform/ext/target/stm/common/stm32h5xx/Device/Source/startup_stm32h5xx_s.o (_start)
secure_fw/partitions/lib/runtime/libtfm_sprt.a(psa_interface_sfn.o)
                              secure_fw/CMakeFiles/tfm_s.dir/partitions/ns_agent_tz/psa_api_veneers_v80m.o (psa_framework_version)
secure_fw/spm/libtfm_spm.a(utilities.o)
                              secure_fw/CMakeFiles/tfm_s.dir/__/platform/ext/common/faults.o (tfm_core_panic)
secure_fw/spm/libtfm_spm.a(main.o)
                              secure_fw/partitions/lib/runtime/libtfm_sprt.a(crt_start.o) (main)
secure_fw/spm/libtfm_spm.a(spm_ipc.o)
                              secure_fw/spm/libtfm_spm.a(main.o) (tfm_spm_init)
secure_fw/spm/libtfm_spm.a(rom_loader.o)
                              secure_fw/spm/libtfm_spm.a(spm_ipc.o) (load_a_partition_assuredly)
secure_fw/spm/libtfm_spm.a(psa_api.o)
                              secure_fw/partitions/lib/runtime/libtfm_sprt.a(psa_interface_sfn.o) (spm_handle_programmer_errors)
secure_fw/spm/libtfm_spm.a(psa_call_api.o)
                              secure_fw/partitions/lib/runtime/libtfm_sprt.a(psa_interface_sfn.o) (tfm_spm_client_psa_call)
secure_fw/spm/libtfm_spm.a(psa_version_api.o)
                              secure_fw/partitions/lib/runtime/libtfm_sprt.a(psa_interface_sfn.o) (tfm_spm_client_psa_framework_version)
secure_fw/spm/libtfm_spm.a(psa_read_write_skip_api.o)
                              secure_fw/partitions/lib/runtime/libtfm_sprt.a(psa_interface_sfn.o) (tfm_spm_partition_psa_read)
secure_fw/spm/libtfm_spm.a(psa_connection_api.o)
                              secure_fw/partitions/lib/runtime/libtfm_sprt.a(psa_interface_sfn.o) (tfm_spm_client_psa_connect)
secure_fw/spm/libtfm_spm.a(backend_sfn.o)
                              secure_fw/partitions/lib/runtime/libtfm_sprt.a(psa_interface_sfn.o) (p_current_partition)
secure_fw/spm/libtfm_spm.a(tfm_spm_ns_ctx.o)
                              secure_fw/spm/libtfm_spm.a(backend_sfn.o) (tz_ns_agent_register_client_id_range)
secure_fw/spm/libtfm_spm.a(spm_connection_pool.o)
                              secure_fw/spm/libtfm_spm.a(spm_ipc.o) (connection_to_handle)
secure_fw/spm/libtfm_spm.a(tfm_arch_v8m_main.o)
                              secure_fw/spm/libtfm_spm.a(main.o) (tfm_arch_set_secure_exception_priorities)
secure_fw/spm/libtfm_spm.a(ns_agent_tz_v80m.o)
                              secure_fw/CMakeFiles/tfm_s.dir/partitions/ns_agent_tz/load_info_ns_agent_tz.o (ns_agent_tz_main)
secure_fw/spm/libtfm_spm.a(target_cfg.o)
                              secure_fw/CMakeFiles/tfm_s.dir/__/platform/ext/target/stm/common/stm32h5xx/Device/Source/startup_stm32h5xx_s.o (Error_Handler)
secure_fw/spm/libtfm_spm.a(tfm_hal_isolation.o)
                              secure_fw/spm/libtfm_spm.a(main.o) (tfm_hal_set_up_static_boundaries)
secure_fw/spm/libtfm_spm.a(tfm_hal_platform.o)
                              secure_fw/spm/libtfm_spm.a(main.o) (tfm_hal_platform_init)
secure_fw/spm/libtfm_spm.a(tfm_boot_data.o)
                              secure_fw/spm/libtfm_spm.a(main.o) (tfm_core_validate_boot_data)
secure_fw/spm/libtfm_spm.a(tfm_arch.o)
                              secure_fw/spm/libtfm_spm.a(backend_sfn.o) (arch_clean_stack_and_launch)
secure_fw/spm/libtfm_spm.a(tfm_svcalls.o)
                              secure_fw/spm/libtfm_spm.a(tfm_arch_v8m_main.o) (spm_svc_handler)
secure_fw/spm/libtfm_spm.a(tfm_pools.o)
                              secure_fw/spm/libtfm_spm.a(spm_connection_pool.o) (tfm_pool_init)
secure_fw/partitions/partitions/service_4/libtfm_psa_rot_partition_ps_test.a(tfm_ps_test_service.o)
                              secure_fw/CMakeFiles/tfm_s.dir/__/generated/secure_fw/test_services/tfm_ps_test_service/auto_generated/load_info_tfm_ps_test_service.o (tfm_ps_test_prepare_sfn)
[...]
Memory Configuration

Name             Origin             Length             Attributes
FLASH            0x0c038400         0x0004dbc0         xr
RAM              0x30030000         0x0001fc00         xrw
VENEERS          0x0c085fc0         0x00000040         xr
*default*        0x00000000         0xffffffff

Linker script and memory map

LOAD secure_fw/CMakeFiles/tfm_s.dir/partitions/ns_agent_tz/psa_api_veneers_v80m.o
LOAD secure_fw/CMakeFiles/tfm_s.dir/__/platform/ext/target/stm/common/hal/Native_Driver/tick.o
LOAD secure_fw/CMakeFiles/tfm_s.dir/__/platform/ext/target/stm/common/stm32h5xx/Device/Source/startup_stm32h5xx_s.o
LOAD secure_fw/CMakeFiles/tfm_s.dir/__/platform/ext/common/faults.o
LOAD secure_fw/CMakeFiles/tfm_s.dir/__/generated/secure_fw/partitions/crypto/auto_generated/load_info_tfm_crypto.o
LOAD secure_fw/CMakeFiles/tfm_s.dir/__/generated/secure_fw/partitions/initial_attestation/auto_generated/load_info_tfm_initial_attestation.o
LOAD secure_fw/CMakeFiles/tfm_s.dir/__/generated/secure_fw/partitions/protected_storage/auto_generated/load_info_tfm_protected_storage.o
LOAD secure_fw/CMakeFiles/tfm_s.dir/__/generated/secure_fw/partitions/internal_trusted_storage/auto_generated/load_info_tfm_internal_trusted_storage.o
LOAD secure_fw/CMakeFiles/tfm_s.dir/__/generated/secure_fw/partitions/platform/auto_generated/load_info_tfm_platform.o
LOAD secure_fw/CMakeFiles/tfm_s.dir/__/generated/secure_fw/partitions/firmware_update/auto_generated/load_info_tfm_firmware_update.o
LOAD secure_fw/CMakeFiles/tfm_s.dir/partitions/ns_agent_tz/load_info_ns_agent_tz.o
LOAD secure_fw/CMakeFiles/tfm_s.dir/__/generated/secure_fw/test_services/sfn_backend_test_partition/auto_generated/load_info_sfn_backend_test_partition.o
LOAD secure_fw/CMakeFiles/tfm_s.dir/__/generated/secure_fw/test_services/tfm_ps_test_service/auto_generated/load_info_tfm_ps_test_service.o
LOAD secure_fw/CMakeFiles/tfm_s.dir/__/generated/secure_fw/test_services/tfm_secure_client_service/auto_generated/load_info_tfm_secure_client_service.o
LOAD secure_fw/CMakeFiles/tfm_s.dir/__/generated/secure_fw/test_services/tfm_secure_client_2/auto_generated/load_info_tfm_secure_client_2.o
LOAD secure_fw/CMakeFiles/tfm_s.dir/__/platform/ext/target/stm/common/stm32h5xx/hal/Src/stm32h5xx_hal_hash.o
LOAD secure_fw/CMakeFiles/tfm_s.dir/__/platform/ext/target/stm/common/stm32h5xx/hal/Src/stm32h5xx_hal_pka.o
LOAD secure_fw/CMakeFiles/tfm_s.dir/__/platform/ext/target/stm/common/stm32h5xx/hal/Src/stm32h5xx_hal_cryp.o
LOAD secure_fw/CMakeFiles/tfm_s.dir/__/platform/ext/target/stm/common/stm32h5xx/hal/Src/stm32h5xx_hal_cryp_ex.o
LOAD secure_fw/CMakeFiles/tfm_s.dir/__/platform/ext/target/stm/common/stm32h5xx/hal/Src/stm32h5xx_hal_icache.o
LOAD secure_fw/CMakeFiles/tfm_s.dir/__/platform/ext/target/stm/common/hal/Native_Driver/low_level_rng.o
LOAD secure_fw/CMakeFiles/tfm_s.dir/__/platform/ext/common/syscalls_stub.o
LOAD platform/libplatform_s.a
LOAD secure_fw/partitions/lib/runtime/libtfm_sprt.a
LOAD secure_fw/spm/libtfm_spm.a
LOAD platform/libplatform_crypto_keys.a
LOAD secure_fw/partitions/crypto/tfpsacrypto/core/libtfpsacrypto.a
LOAD secure_fw/partitions/partitions/service_4/libtfm_psa_rot_partition_ps_test.a
LOAD secure_fw/partitions/partitions/tfm_secure_client_service_6/libtfm_psa_rot_partition_secure_client_service.a
LOAD secure_fw/partitions/partitions/tfm_secure_client_2_7/libtfm_app_rot_partition_secure_client_2.a
LOAD secure_fw/partitions/crypto/libtfm_psa_rot_partition_crypto.a
LOAD secure_fw/partitions/initial_attestation/libtfm_psa_rot_partition_attestation.a
LOAD secure_fw/partitions/protected_storage/libtfm_app_rot_partition_ps.a
LOAD secure_fw/partitions/internal_trusted_storage/libtfm_psa_rot_partition_its.a
LOAD secure_fw/partitions/platform/libtfm_psa_rot_partition_platform.a
LOAD secure_fw/partitions/firmware_update/libtfm_psa_rot_partition_fwu.a
LOAD secure_fw/partitions/partitions/service_2/sfn_backend_test_partition/libtfm_app_rot_partition_sfn_backend_test.a
LOAD platform/ext/accelerator/libcrypto_service_crypto_hw.a
LOAD tf-m-tests/libtfm_s_tests.a
LOAD lib/ext/t_cose/libtfm_t_cose_s.a
LOAD lib/ext/qcbor-build/libqcbor.a
LOAD tf-m-tests/secure_fw/suites/attestation/libtfm_test_suite_attestation_s.a
LOAD tf-m-tests/secure_fw/suites/crypto/libtfm_test_suite_crypto_s.a
LOAD tf-m-tests/secure_fw/suites/its/libtfm_test_suite_its_s.a
LOAD tf-m-tests/secure_fw/suites/ps/libtfm_test_suite_ps_s.a
LOAD tf-m-tests/secure_fw/suites/platform/libtfm_test_suite_platform_s.a
LOAD tf-m-tests/secure_fw/suites/spm/sfn/libtfm_test_suite_sfn_s.a
LOAD platform/libplatform_s.a
LOAD secure_fw/partitions/lib/runtime/libtfm_sprt.a
LOAD secure_fw/spm/libtfm_spm.a
LOAD platform/libplatform_crypto_keys.a
LOAD secure_fw/partitions/crypto/tfpsacrypto/core/libtfpsacrypto.a
LOAD secure_fw/partitions/partitions/service_4/libtfm_psa_rot_partition_ps_test.a
LOAD secure_fw/partitions/partitions/tfm_secure_client_service_6/libtfm_psa_rot_partition_secure_client_service.a
LOAD secure_fw/partitions/partitions/tfm_secure_client_2_7/libtfm_app_rot_partition_secure_client_2.a
LOAD secure_fw/partitions/crypto/libtfm_psa_rot_partition_crypto.a
LOAD secure_fw/partitions/initial_attestation/libtfm_psa_rot_partition_attestation.a
LOAD secure_fw/partitions/protected_storage/libtfm_app_rot_partition_ps.a
LOAD secure_fw/partitions/internal_trusted_storage/libtfm_psa_rot_partition_its.a
LOAD secure_fw/partitions/platform/libtfm_psa_rot_partition_platform.a
LOAD secure_fw/partitions/firmware_update/libtfm_psa_rot_partition_fwu.a
LOAD secure_fw/partitions/partitions/service_2/sfn_backend_test_partition/libtfm_app_rot_partition_sfn_backend_test.a
LOAD platform/ext/accelerator/libcrypto_service_crypto_hw.a
LOAD tf-m-tests/libtfm_s_tests.a
LOAD lib/ext/t_cose/libtfm_t_cose_s.a
LOAD lib/ext/qcbor-build/libqcbor.a
LOAD tf-m-tests/secure_fw/suites/attestation/libtfm_test_suite_attestation_s.a
LOAD tf-m-tests/secure_fw/suites/crypto/libtfm_test_suite_crypto_s.a
LOAD tf-m-tests/secure_fw/suites/its/libtfm_test_suite_its_s.a
LOAD tf-m-tests/secure_fw/suites/ps/libtfm_test_suite_ps_s.a
LOAD tf-m-tests/secure_fw/suites/platform/libtfm_test_suite_platform_s.a
LOAD tf-m-tests/secure_fw/suites/spm/sfn/libtfm_test_suite_sfn_s.a
LOAD platform/libplatform_s.a
LOAD secure_fw/partitions/lib/runtime/libtfm_sprt.a
LOAD secure_fw/spm/libtfm_spm.a
LOAD platform/libplatform_crypto_keys.a
LOAD secure_fw/partitions/crypto/tfpsacrypto/core/libtfpsacrypto.a
LOAD secure_fw/partitions/partitions/service_4/libtfm_psa_rot_partition_ps_test.a
LOAD secure_fw/partitions/partitions/tfm_secure_client_service_6/libtfm_psa_rot_partition_secure_client_service.a
LOAD secure_fw/partitions/partitions/tfm_secure_client_2_7/libtfm_app_rot_partition_secure_client_2.a
LOAD secure_fw/partitions/crypto/libtfm_psa_rot_partition_crypto.a
LOAD secure_fw/partitions/initial_attestation/libtfm_psa_rot_partition_attestation.a
LOAD secure_fw/partitions/protected_storage/libtfm_app_rot_partition_ps.a
LOAD secure_fw/partitions/internal_trusted_storage/libtfm_psa_rot_partition_its.a
LOAD secure_fw/partitions/platform/libtfm_psa_rot_partition_platform.a
LOAD secure_fw/partitions/firmware_update/libtfm_psa_rot_partition_fwu.a
LOAD secure_fw/partitions/partitions/service_2/sfn_backend_test_partition/libtfm_app_rot_partition_sfn_backend_test.a
LOAD platform/ext/accelerator/libcrypto_service_crypto_hw.a
LOAD tf-m-tests/libtfm_s_tests.a
LOAD lib/ext/t_cose/libtfm_t_cose_s.a
LOAD lib/ext/qcbor-build/libqcbor.a
LOAD tf-m-tests/secure_fw/suites/attestation/libtfm_test_suite_attestation_s.a
LOAD tf-m-tests/secure_fw/suites/crypto/libtfm_test_suite_crypto_s.a
LOAD tf-m-tests/secure_fw/suites/its/libtfm_test_suite_its_s.a
LOAD tf-m-tests/secure_fw/suites/ps/libtfm_test_suite_ps_s.a
LOAD tf-m-tests/secure_fw/suites/platform/libtfm_test_suite_platform_s.a
LOAD tf-m-tests/secure_fw/suites/spm/sfn/libtfm_test_suite_sfn_s.a
LOAD /root/arm-gnu-toolchain-14.3.rel1-x86_64-arm-none-eabi/bin/../lib/gcc/arm-none-eabi/14.3.1/thumb/v8-m.main/nofp/libgcc.a
                0x00001000                        __heap_size__ = 0x1000
                0x00000800                        __msp_stack_size__ = 0x800

.TFM_VECTORS    0x0c038400      0x420
                0x0c038400                        __vectors_start__ = .
 *(.vectors)
 .vectors       0x0c038400      0x24c secure_fw/CMakeFiles/tfm_s.dir/__/platform/ext/target/stm/common/stm32h5xx/Device/Source/startup_stm32h5xx_s.o
                0x0c038400                __Vectors
                0x0c03864c                        __vectors_end__ = .
 *startup*(.text*)
 .text.DebugMon_Handler
                0x0c03864c        0x2 secure_fw/CMakeFiles/tfm_s.dir/__/platform/ext/target/stm/common/stm32h5xx/Device/Source/startup_stm32h5xx_s.o
                0x0c03864c                DebugMon_Handler
 .text.PendSV_Handler
                0x0c03864e        0x2 secure_fw/CMakeFiles/tfm_s.dir/__/platform/ext/target/stm/common/stm32h5xx/Device/Source/startup_stm32h5xx_s.o
                0x0c03864e                PendSV_Handler
 .text.SysTick_Handler
                0x0c038650        0x2 secure_fw/CMakeFiles/tfm_s.dir/__/platform/ext/target/stm/common/stm32h5xx/Device/Source/startup_stm32h5xx_s.o
                0x0c038650                SysTick_Handler
 .text.WWDG_IRQHandler
                0x0c038652        0x2 secure_fw/CMakeFiles/tfm_s.dir/__/platform/ext/target/stm/common/stm32h5xx/Device/Source/startup_stm32h5xx_s.o
                0x0c038652                WWDG_IRQHandler
 .text.PVD_AVD_IRQHandler
                0x0c038654        0x2 secure_fw/CMakeFiles/tfm_s.dir/__/platform/ext/target/stm/common/stm32h5xx/Device/Source/startup_stm32h5xx_s.o
                0x0c038654                PVD_AVD_IRQHandler
 .text.RTC_IRQHandler
                0x0c038656        0x2 secure_fw/CMakeFiles/tfm_s.dir/__/platform/ext/target/stm/common/stm32h5xx/Device/Source/startup_stm32h5xx_s.o
                0x0c038656                RTC_IRQHandler
 .text.RTC_S_IRQHandler
                0x0c038658        0x2 secure_fw/CMakeFiles/tfm_s.dir/__/platform/ext/target/stm/common/stm32h5xx/Device/Source/startup_stm32h5xx_s.o
                0x0c038658                RTC_S_IRQHandler
 .text.TAMP_IRQHandler
                0x0c03865a        0x2 secure_fw/CMakeFiles/tfm_s.dir/__/platform/ext/target/stm/common/stm32h5xx/Device/Source/startup_stm32h5xx_s.o
                0x0c03865a                TAMP_IRQHandler
 .text.RAMCFG_IRQHandler
                0x0c03865c        0x2 secure_fw/CMakeFiles/tfm_s.dir/__/platform/ext/target/stm/common/stm32h5xx/Device/Source/startup_stm32h5xx_s.o
                0x0c03865c                RAMCFG_IRQHandler
 .text.FLASH_IRQHandler
                0x0c03865e        0x2 secure_fw/CMakeFiles/tfm_s.dir/__/platform/ext/target/stm/common/stm32h5xx/Device/Source/startup_stm32h5xx_s.o
                0x0c03865e                FLASH_IRQHandler
 .text.FLASH_S_IRQHandler
                0x0c038660        0x2 secure_fw/CMakeFiles/tfm_s.dir/__/platform/ext/target/stm/common/stm32h5xx/Device/Source/startup_stm32h5xx_s.o
                0x0c038660                FLASH_S_IRQHandler
 .text.GTZC_IRQHandler
                0x0c038662        0x2 secure_fw/CMakeFiles/tfm_s.dir/__/platform/ext/target/stm/common/stm32h5xx/Device/Source/startup_stm32h5xx_s.o
                0x0c038662                GTZC_IRQHandler
 .text.RCC_IRQHandler
                0x0c038664        0x2 secure_fw/CMakeFiles/tfm_s.dir/__/platform/ext/target/stm/common/stm32h5xx/Device/Source/startup_stm32h5xx_s.o
                0x0c038664                RCC_IRQHandler
 .text.RCC_S_IRQHandler
                0x0c038666        0x2 secure_fw/CMakeFiles/tfm_s.dir/__/platform/ext/target/stm/common/stm32h5xx/Device/Source/startup_stm32h5xx_s.o
                0x0c038666                RCC_S_IRQHandler
 .text.EXTI0_IRQHandler
                0x0c038668        0x2 secure_fw/CMakeFiles/tfm_s.dir/__/platform/ext/target/stm/common/stm32h5xx/Device/Source/startup_stm32h5xx_s.o
                0x0c038668                EXTI0_IRQHandler
 .text.EXTI1_IRQHandler
                0x0c03866a        0x2 secure_fw/CMakeFiles/tfm_s.dir/__/platform/ext/target/stm/common/stm32h5xx/Device/Source/startup_stm32h5xx_s.o
                0x0c03866a                EXTI1_IRQHandler
 .text.EXTI2_IRQHandler
                0x0c03866c        0x2 secure_fw/CMakeFiles/tfm_s.dir/__/platform/ext/target/stm/common/stm32h5xx/Device/Source/startup_stm32h5xx_s.o
                0x0c03866c                EXTI2_IRQHandler
 .text.EXTI3_IRQHandler
                0x0c03866e        0x2 secure_fw/CMakeFiles/tfm_s.dir/__/platform/ext/target/stm/common/stm32h5xx/Device/Source/startup_stm32h5xx_s.o
                0x0c03866e                EXTI3_IRQHandler
 .text.EXTI4_IRQHandler
                0x0c038670        0x2 secure_fw/CMakeFiles/tfm_s.dir/__/platform/ext/target/stm/common/stm32h5xx/Device/Source/startup_stm32h5xx_s.o
                0x0c038670                EXTI4_IRQHandler
 .text.EXTI5_IRQHandler
                0x0c038672        0x2 secure_fw/CMakeFiles/tfm_s.dir/__/platform/ext/target/stm/common/stm32h5xx/Device/Source/startup_stm32h5xx_s.o
                0x0c038672                EXTI5_IRQHandler
 .text.EXTI6_IRQHandler
                0x0c038674        0x2 secure_fw/CMakeFiles/tfm_s.dir/__/platform/ext/target/stm/common/stm32h5xx/Device/Source/startup_stm32h5xx_s.o
                0x0c038674                EXTI6_IRQHandler
 .text.EXTI7_IRQHandler
                0x0c038676        0x2 secure_fw/CMakeFiles/tfm_s.dir/__/platform/ext/target/stm/common/stm32h5xx/Device/Source/startup_stm32h5xx_s.o
                0x0c038676                EXTI7_IRQHandler
 .text.EXTI8_IRQHandler
                0x0c038678        0x2 secure_fw/CMakeFiles/tfm_s.dir/__/platform/ext/target/stm/common/stm32h5xx/Device/Source/startup_stm32h5xx_s.o
                0x0c038678                EXTI8_IRQHandler
 .text.EXTI9_IRQHandler
                0x0c03867a        0x2 secure_fw/CMakeFiles/tfm_s.dir/__/platform/ext/target/stm/common/stm32h5xx/Device/Source/startup_stm32h5xx_s.o
                0x0c03867a                EXTI9_IRQHandler
 .text.EXTI10_IRQHandler
                0x0c03867c        0x2 secure_fw/CMakeFiles/tfm_s.dir/__/platform/ext/target/stm/common/stm32h5xx/Device/Source/startup_stm32h5xx_s.o
                0x0c03867c                EXTI10_IRQHandler
 .text.EXTI11_IRQHandler
                0x0c03867e        0x2 secure_fw/CMakeFiles/tfm_s.dir/__/platform/ext/target/stm/common/stm32h5xx/Device/Source/startup_stm32h5xx_s.o
                0x0c03867e                EXTI11_IRQHandler
 .text.EXTI12_IRQHandler
                0x0c038680        0x2 secure_fw/CMakeFiles/tfm_s.dir/__/platform/ext/target/stm/common/stm32h5xx/Device/Source/startup_stm32h5xx_s.o
                0x0c038680                EXTI12_IRQHandler
 .text.EXTI13_IRQHandler
                0x0c038682        0x2 secure_fw/CMakeFiles/tfm_s.dir/__/platform/ext/target/stm/common/stm32h5xx/Device/Source/startup_stm32h5xx_s.o
                0x0c038682                EXTI13_IRQHandler
 .text.EXTI14_IRQHandler
                0x0c038684        0x2 secure_fw/CMakeFiles/tfm_s.dir/__/platform/ext/target/stm/common/stm32h5xx/Device/Source/startup_stm32h5xx_s.o
                0x0c038684                EXTI14_IRQHandler
 .text.EXTI15_IRQHandler
                0x0c038686        0x2 secure_fw/CMakeFiles/tfm_s.dir/__/platform/ext/target/stm/common/stm32h5xx/Device/Source/startup_stm32h5xx_s.o
                0x0c038686                EXTI15_IRQHandler
 .text.GPDMA1_Channel0_IRQHandler
                0x0c038688        0x2 secure_fw/CMakeFiles/tfm_s.dir/__/platform/ext/target/stm/common/stm32h5xx/Device/Source/startup_stm32h5xx_s.o
                0x0c038688                GPDMA1_Channel0_IRQHandler
 .text.GPDMA1_Channel1_IRQHandler
                0x0c03868a        0x2 secure_fw/CMakeFiles/tfm_s.dir/__/platform/ext/target/stm/common/stm32h5xx/Device/Source/startup_stm32h5xx_s.o
                0x0c03868a                GPDMA1_Channel1_IRQHandler
 .text.GPDMA1_Channel2_IRQHandler
                0x0c03868c        0x2 secure_fw/CMakeFiles/tfm_s.dir/__/platform/ext/target/stm/common/stm32h5xx/Device/Source/startup_stm32h5xx_s.o
                0x0c03868c                GPDMA1_Channel2_IRQHandler
 .text.GPDMA1_Channel3_IRQHandler
                0x0c03868e        0x2 secure_fw/CMakeFiles/tfm_s.dir/__/platform/ext/target/stm/common/stm32h5xx/Device/Source/startup_stm32h5xx_s.o
                0x0c03868e                GPDMA1_Channel3_IRQHandler
 .text.GPDMA1_Channel4_IRQHandler
                0x0c038690        0x2 secure_fw/CMakeFiles/tfm_s.dir/__/platform/ext/target/stm/common/stm32h5xx/Device/Source/startup_stm32h5xx_s.o
                0x0c038690                GPDMA1_Channel4_IRQHandler
 .text.GPDMA1_Channel5_IRQHandler
                0x0c038692        0x2 secure_fw/CMakeFiles/tfm_s.dir/__/platform/ext/target/stm/common/stm32h5xx/Device/Source/startup_stm32h5xx_s.o
                0x0c038692                GPDMA1_Channel5_IRQHandler
 .text.GPDMA1_Channel6_IRQHandler
                0x0c038694        0x2 secure_fw/CMakeFiles/tfm_s.dir/__/platform/ext/target/stm/common/stm32h5xx/Device/Source/startup_stm32h5xx_s.o
                0x0c038694                GPDMA1_Channel6_IRQHandler
 .text.GPDMA1_Channel7_IRQHandler
                0x0c038696        0x2 secure_fw/CMakeFiles/tfm_s.dir/__/platform/ext/target/stm/common/stm32h5xx/Device/Source/startup_stm32h5xx_s.o
                0x0c038696                GPDMA1_Channel7_IRQHandler
 .text.IWDG_IRQHandler
                0x0c038698        0x2 secure_fw/CMakeFiles/tfm_s.dir/__/platform/ext/target/stm/common/stm32h5xx/Device/Source/startup_stm32h5xx_s.o
                0x0c038698                IWDG_IRQHandler
 .text.SAES_IRQHandler
                0x0c03869a        0x2 secure_fw/CMakeFiles/tfm_s.dir/__/platform/ext/target/stm/common/stm32h5xx/Device/Source/startup_stm32h5xx_s.o
                0x0c03869a                SAES_IRQHandler
 .text.ADC1_IRQHandler
                0x0c03869c        0x2 secure_fw/CMakeFiles/tfm_s.dir/__/platform/ext/target/stm/common/stm32h5xx/Device/Source/startup_stm32h5xx_s.o
                0x0c03869c                ADC1_IRQHandler
 .text.DAC1_IRQHandler
                0x0c03869e        0x2 secure_fw/CMakeFiles/tfm_s.dir/__/platform/ext/target/stm/common/stm32h5xx/Device/Source/startup_stm32h5xx_s.o
                0x0c03869e                DAC1_IRQHandler
 .text.FDCAN1_IT0_IRQHandler
                0x0c0386a0        0x2 secure_fw/CMakeFiles/tfm_s.dir/__/platform/ext/target/stm/common/stm32h5xx/Device/Source/startup_stm32h5xx_s.o
                0x0c0386a0                FDCAN1_IT0_IRQHandler
 .text.FDCAN1_IT1_IRQHandler
                0x0c0386a2        0x2 secure_fw/CMakeFiles/tfm_s.dir/__/platform/ext/target/stm/common/stm32h5xx/Device/Source/startup_stm32h5xx_s.o
                0x0c0386a2                FDCAN1_IT1_IRQHandler
 .text.TIM1_BRK_IRQHandler
                0x0c0386a4        0x2 secure_fw/CMakeFiles/tfm_s.dir/__/platform/ext/target/stm/common/stm32h5xx/Device/Source/startup_stm32h5xx_s.o
                0x0c0386a4                TIM1_BRK_IRQHandler
 .text.TIM1_UP_IRQHandler
                0x0c0386a6        0x2 secure_fw/CMakeFiles/tfm_s.dir/__/platform/ext/target/stm/common/stm32h5xx/Device/Source/startup_stm32h5xx_s.o
                0x0c0386a6                TIM1_UP_IRQHandler
 .text.TIM1_TRG_COM_IRQHandler
                0x0c0386a8        0x2 secure_fw/CMakeFiles/tfm_s.dir/__/platform/ext/target/stm/common/stm32h5xx/Device/Source/startup_stm32h5xx_s.o
                0x0c0386a8                TIM1_TRG_COM_IRQHandler
 .text.TIM1_CC_IRQHandler
                0x0c0386aa        0x2 secure_fw/CMakeFiles/tfm_s.dir/__/platform/ext/target/stm/common/stm32h5xx/Device/Source/startup_stm32h5xx_s.o
                0x0c0386aa                TIM1_CC_IRQHandler
 .text.TIM2_IRQHandler
                0x0c0386ac        0x2 secure_fw/CMakeFiles/tfm_s.dir/__/platform/ext/target/stm/common/stm32h5xx/Device/Source/startup_stm32h5xx_s.o
                0x0c0386ac                TIM2_IRQHandler
 .text.TIM3_IRQHandler
                0x0c0386ae        0x2 secure_fw/CMakeFiles/tfm_s.dir/__/platform/ext/target/stm/common/stm32h5xx/Device/Source/startup_stm32h5xx_s.o
                0x0c0386ae                TIM3_IRQHandler
 .text.TIM4_IRQHandler
                0x0c0386b0        0x2 secure_fw/CMakeFiles/tfm_s.dir/__/platform/ext/target/stm/common/stm32h5xx/Device/Source/startup_stm32h5xx_s.o
                0x0c0386b0                TIM4_IRQHandler
 .text.TIM5_IRQHandler
                0x0c0386b2        0x2 secure_fw/CMakeFiles/tfm_s.dir/__/platform/ext/target/stm/common/stm32h5xx/Device/Source/startup_stm32h5xx_s.o
                0x0c0386b2                TIM5_IRQHandler
 .text.TIM6_IRQHandler
                0x0c0386b4        0x2 secure_fw/CMakeFiles/tfm_s.dir/__/platform/ext/target/stm/common/stm32h5xx/Device/Source/startup_stm32h5xx_s.o
                0x0c0386b4                TIM6_IRQHandler
 .text.TIM7_IRQHandler
                0x0c0386b6        0x2 secure_fw/CMakeFiles/tfm_s.dir/__/platform/ext/target/stm/common/stm32h5xx/Device/Source/startup_stm32h5xx_s.o
                0x0c0386b6                TIM7_IRQHandler
 .text.I2C1_EV_IRQHandler
                0x0c0386b8        0x2 secure_fw/CMakeFiles/tfm_s.dir/__/platform/ext/target/stm/common/stm32h5xx/Device/Source/startup_stm32h5xx_s.o
                0x0c0386b8                I2C1_EV_IRQHandler
 .text.I2C1_ER_IRQHandler
                0x0c0386ba        0x2 secure_fw/CMakeFiles/tfm_s.dir/__/platform/ext/target/stm/common/stm32h5xx/Device/Source/startup_stm32h5xx_s.o
                0x0c0386ba                I2C1_ER_IRQHandler
 .text.I2C2_EV_IRQHandler
                0x0c0386bc        0x2 secure_fw/CMakeFiles/tfm_s.dir/__/platform/ext/target/stm/common/stm32h5xx/Device/Source/startup_stm32h5xx_s.o
                0x0c0386bc                I2C2_EV_IRQHandler
 .text.I2C2_ER_IRQHandler
                0x0c0386be        0x2 secure_fw/CMakeFiles/tfm_s.dir/__/platform/ext/target/stm/common/stm32h5xx/Device/Source/startup_stm32h5xx_s.o
                0x0c0386be                I2C2_ER_IRQHandler
 .text.SPI1_IRQHandler
                0x0c0386c0        0x2 secure_fw/CMakeFiles/tfm_s.dir/__/platform/ext/target/stm/common/stm32h5xx/Device/Source/startup_stm32h5xx_s.o
                0x0c0386c0                SPI1_IRQHandler
 .text.SPI2_IRQHandler
                0x0c0386c2        0x2 secure_fw/CMakeFiles/tfm_s.dir/__/platform/ext/target/stm/common/stm32h5xx/Device/Source/startup_stm32h5xx_s.o
                0x0c0386c2                SPI2_IRQHandler
 .text.SPI3_IRQHandler
                0x0c0386c4        0x2 secure_fw/CMakeFiles/tfm_s.dir/__/platform/ext/target/stm/common/stm32h5xx/Device/Source/startup_stm32h5xx_s.o
                0x0c0386c4                SPI3_IRQHandler
 .text.USART1_IRQHandler
                0x0c0386c6        0x2 secure_fw/CMakeFiles/tfm_s.dir/__/platform/ext/target/stm/common/stm32h5xx/Device/Source/startup_stm32h5xx_s.o
                0x0c0386c6                USART1_IRQHandler
 .text.USART2_IRQHandler
                0x0c0386c8        0x2 secure_fw/CMakeFiles/tfm_s.dir/__/platform/ext/target/stm/common/stm32h5xx/Device/Source/startup_stm32h5xx_s.o
                0x0c0386c8                USART2_IRQHandler
 .text.USART3_IRQHandler
                0x0c0386ca        0x2 secure_fw/CMakeFiles/tfm_s.dir/__/platform/ext/target/stm/common/stm32h5xx/Device/Source/startup_stm32h5xx_s.o
                0x0c0386ca                USART3_IRQHandler
 .text.UART4_IRQHandler
                0x0c0386cc        0x2 secure_fw/CMakeFiles/tfm_s.dir/__/platform/ext/target/stm/common/stm32h5xx/Device/Source/startup_stm32h5xx_s.o
                0x0c0386cc                UART4_IRQHandler
 .text.UART5_IRQHandler
                0x0c0386ce        0x2 secure_fw/CMakeFiles/tfm_s.dir/__/platform/ext/target/stm/common/stm32h5xx/Device/Source/startup_stm32h5xx_s.o
                0x0c0386ce                UART5_IRQHandler
 .text.LPUART1_IRQHandler
                0x0c0386d0        0x2 secure_fw/CMakeFiles/tfm_s.dir/__/platform/ext/target/stm/common/stm32h5xx/Device/Source/startup_stm32h5xx_s.o
                0x0c0386d0                LPUART1_IRQHandler
 .text.LPTIM1_IRQHandler
                0x0c0386d2        0x2 secure_fw/CMakeFiles/tfm_s.dir/__/platform/ext/target/stm/common/stm32h5xx/Device/Source/startup_stm32h5xx_s.o
                0x0c0386d2                LPTIM1_IRQHandler
 .text.TIM8_BRK_IRQHandler
                0x0c0386d4        0x2 secure_fw/CMakeFiles/tfm_s.dir/__/platform/ext/target/stm/common/stm32h5xx/Device/Source/startup_stm32h5xx_s.o
                0x0c0386d4                TIM8_BRK_IRQHandler
 .text.TIM8_UP_IRQHandler
                0x0c0386d6        0x2 secure_fw/CMakeFiles/tfm_s.dir/__/platform/ext/target/stm/common/stm32h5xx/Device/Source/startup_stm32h5xx_s.o
                0x0c0386d6                TIM8_UP_IRQHandler
 .text.TIM8_TRG_COM_IRQHandler
                0x0c0386d8        0x2 secure_fw/CMakeFiles/tfm_s.dir/__/platform/ext/target/stm/common/stm32h5xx/Device/Source/startup_stm32h5xx_s.o
                0x0c0386d8                TIM8_TRG_COM_IRQHandler
 .text.TIM8_CC_IRQHandler
                0x0c0386da        0x2 secure_fw/CMakeFiles/tfm_s.dir/__/platform/ext/target/stm/common/stm32h5xx/Device/Source/startup_stm32h5xx_s.o
                0x0c0386da                TIM8_CC_IRQHandler
 .text.ADC2_IRQHandler
                0x0c0386dc        0x2 secure_fw/CMakeFiles/tfm_s.dir/__/platform/ext/target/stm/common/stm32h5xx/Device/Source/startup_stm32h5xx_s.o
                0x0c0386dc                ADC2_IRQHandler
 .text.LPTIM2_IRQHandler
                0x0c0386de        0x2 secure_fw/CMakeFiles/tfm_s.dir/__/platform/ext/target/stm/common/stm32h5xx/Device/Source/startup_stm32h5xx_s.o
                0x0c0386de                LPTIM2_IRQHandler
 .text.TIM15_IRQHandler
                0x0c0386e0        0x2 secure_fw/CMakeFiles/tfm_s.dir/__/platform/ext/target/stm/common/stm32h5xx/Device/Source/startup_stm32h5xx_s.o
                0x0c0386e0                TIM15_IRQHandler
 .text.TIM16_IRQHandler
                0x0c0386e2        0x2 secure_fw/CMakeFiles/tfm_s.dir/__/platform/ext/target/stm/common/stm32h5xx/Device/Source/startup_stm32h5xx_s.o
                0x0c0386e2                TIM16_IRQHandler
 .text.TIM17_IRQHandler
                0x0c0386e4        0x2 secure_fw/CMakeFiles/tfm_s.dir/__/platform/ext/target/stm/common/stm32h5xx/Device/Source/startup_stm32h5xx_s.o
                0x0c0386e4                TIM17_IRQHandler
 .text.OTG_FS_IRQHandler
                0x0c0386e6        0x2 secure_fw/CMakeFiles/tfm_s.dir/__/platform/ext/target/stm/common/stm32h5xx/Device/Source/startup_stm32h5xx_s.o
                0x0c0386e6                OTG_FS_IRQHandler
 .text.CRS_IRQHandler
                0x0c0386e8        0x2 secure_fw/CMakeFiles/tfm_s.dir/__/platform/ext/target/stm/common/stm32h5xx/Device/Source/startup_stm32h5xx_s.o
                0x0c0386e8                CRS_IRQHandler
 .text.UCPD1_IRQHandler
                0x0c0386ea        0x2 secure_fw/CMakeFiles/tfm_s.dir/__/platform/ext/target/stm/common/stm32h5xx/Device/Source/startup_stm32h5xx_s.o
                0x0c0386ea                UCPD1_IRQHandler
 .text.FMC_IRQHandler
                0x0c0386ec        0x2 secure_fw/CMakeFiles/tfm_s.dir/__/platform/ext/target/stm/common/stm32h5xx/Device/Source/startup_stm32h5xx_s.o
                0x0c0386ec                FMC_IRQHandler
 .text.OCTOSPI1_IRQHandler
                0x0c0386ee        0x2 secure_fw/CMakeFiles/tfm_s.dir/__/platform/ext/target/stm/common/stm32h5xx/Device/Source/startup_stm32h5xx_s.o
                0x0c0386ee                OCTOSPI1_IRQHandler
 .text.SDMMC1_IRQHandler
                0x0c0386f0        0x2 secure_fw/CMakeFiles/tfm_s.dir/__/platform/ext/target/stm/common/stm32h5xx/Device/Source/startup_stm32h5xx_s.o
                0x0c0386f0                SDMMC1_IRQHandler
 .text.I2C3_EV_IRQHandler
                0x0c0386f2        0x2 secure_fw/CMakeFiles/tfm_s.dir/__/platform/ext/target/stm/common/stm32h5xx/Device/Source/startup_stm32h5xx_s.o
                0x0c0386f2                I2C3_EV_IRQHandler
 .text.I2C3_ER_IRQHandler
                0x0c0386f4        0x2 secure_fw/CMakeFiles/tfm_s.dir/__/platform/ext/target/stm/common/stm32h5xx/Device/Source/startup_stm32h5xx_s.o
                0x0c0386f4                I2C3_ER_IRQHandler
 .text.SPI4_IRQHandler
                0x0c0386f6        0x2 secure_fw/CMakeFiles/tfm_s.dir/__/platform/ext/target/stm/common/stm32h5xx/Device/Source/startup_stm32h5xx_s.o
                0x0c0386f6                SPI4_IRQHandler
 .text.SPI5_IRQHandler
                0x0c0386f8        0x2 secure_fw/CMakeFiles/tfm_s.dir/__/platform/ext/target/stm/common/stm32h5xx/Device/Source/startup_stm32h5xx_s.o
                0x0c0386f8                SPI5_IRQHandler
 .text.SPI6_IRQHandler
                0x0c0386fa        0x2 secure_fw/CMakeFiles/tfm_s.dir/__/platform/ext/target/stm/common/stm32h5xx/Device/Source/startup_stm32h5xx_s.o
                0x0c0386fa                SPI6_IRQHandler
 .text.USART6_IRQHandler
                0x0c0386fc        0x2 secure_fw/CMakeFiles/tfm_s.dir/__/platform/ext/target/stm/common/stm32h5xx/Device/Source/startup_stm32h5xx_s.o
                0x0c0386fc                USART6_IRQHandler
 .text.USART10_IRQHandler
                0x0c0386fe        0x2 secure_fw/CMakeFiles/tfm_s.dir/__/platform/ext/target/stm/common/stm32h5xx/Device/Source/startup_stm32h5xx_s.o
                0x0c0386fe                USART10_IRQHandler
 .text.USART11_IRQHandler
                0x0c038700        0x2 secure_fw/CMakeFiles/tfm_s.dir/__/platform/ext/target/stm/common/stm32h5xx/Device/Source/startup_stm32h5xx_s.o
                0x0c038700                USART11_IRQHandler
 .text.SAI1_IRQHandler
                0x0c038702        0x2 secure_fw/CMakeFiles/tfm_s.dir/__/platform/ext/target/stm/common/stm32h5xx/Device/Source/startup_stm32h5xx_s.o
                0x0c038702                SAI1_IRQHandler
 .text.SAI2_IRQHandler
                0x0c038704        0x2 secure_fw/CMakeFiles/tfm_s.dir/__/platform/ext/target/stm/common/stm32h5xx/Device/Source/startup_stm32h5xx_s.o
                0x0c038704                SAI2_IRQHandler
 .text.GPDMA2_Channel0_IRQHandler
                0x0c038706        0x2 secure_fw/CMakeFiles/tfm_s.dir/__/platform/ext/target/stm/common/stm32h5xx/Device/Source/startup_stm32h5xx_s.o
                0x0c038706                GPDMA2_Channel0_IRQHandler
 .text.GPDMA2_Channel1_IRQHandler
                0x0c038708        0x2 secure_fw/CMakeFiles/tfm_s.dir/__/platform/ext/target/stm/common/stm32h5xx/Device/Source/startup_stm32h5xx_s.o
                0x0c038708                GPDMA2_Channel1_IRQHandler
 .text.GPDMA2_Channel2_IRQHandler
                0x0c03870a        0x2 secure_fw/CMakeFiles/tfm_s.dir/__/platform/ext/target/stm/common/stm32h5xx/Device/Source/startup_stm32h5xx_s.o
                0x0c03870a                GPDMA2_Channel2_IRQHandler
 .text.GPDMA2_Channel3_IRQHandler
                0x0c03870c        0x2 secure_fw/CMakeFiles/tfm_s.dir/__/platform/ext/target/stm/common/stm32h5xx/Device/Source/startup_stm32h5xx_s.o
                0x0c03870c                GPDMA2_Channel3_IRQHandler
 .text.GPDMA2_Channel4_IRQHandler
                0x0c03870e        0x2 secure_fw/CMakeFiles/tfm_s.dir/__/platform/ext/target/stm/common/stm32h5xx/Device/Source/startup_stm32h5xx_s.o
                0x0c03870e                GPDMA2_Channel4_IRQHandler
 .text.GPDMA2_Channel5_IRQHandler
                0x0c038710        0x2 secure_fw/CMakeFiles/tfm_s.dir/__/platform/ext/target/stm/common/stm32h5xx/Device/Source/startup_stm32h5xx_s.o
                0x0c038710                GPDMA2_Channel5_IRQHandler
 .text.GPDMA2_Channel6_IRQHandler
                0x0c038712        0x2 secure_fw/CMakeFiles/tfm_s.dir/__/platform/ext/target/stm/common/stm32h5xx/Device/Source/startup_stm32h5xx_s.o
                0x0c038712                GPDMA2_Channel6_IRQHandler
 .text.GPDMA2_Channel7_IRQHandler
                0x0c038714        0x2 secure_fw/CMakeFiles/tfm_s.dir/__/platform/ext/target/stm/common/stm32h5xx/Device/Source/startup_stm32h5xx_s.o
                0x0c038714                GPDMA2_Channel7_IRQHandler
 .text.UART7_IRQHandler
                0x0c038716        0x2 secure_fw/CMakeFiles/tfm_s.dir/__/platform/ext/target/stm/common/stm32h5xx/Device/Source/startup_stm32h5xx_s.o
                0x0c038716                UART7_IRQHandler
 .text.UART8_IRQHandler
                0x0c038718        0x2 secure_fw/CMakeFiles/tfm_s.dir/__/platform/ext/target/stm/common/stm32h5xx/Device/Source/startup_stm32h5xx_s.o
                0x0c038718                UART8_IRQHandler
 .text.UART9_IRQHandler
                0x0c03871a        0x2 secure_fw/CMakeFiles/tfm_s.dir/__/platform/ext/target/stm/common/stm32h5xx/Device/Source/startup_stm32h5xx_s.o
                0x0c03871a                UART9_IRQHandler
 .text.UART12_IRQHandler
                0x0c03871c        0x2 secure_fw/CMakeFiles/tfm_s.dir/__/platform/ext/target/stm/common/stm32h5xx/Device/Source/startup_stm32h5xx_s.o
                0x0c03871c                UART12_IRQHandler
 .text.SDMMC2_IRQHandler
                0x0c03871e        0x2 secure_fw/CMakeFiles/tfm_s.dir/__/platform/ext/target/stm/common/stm32h5xx/Device/Source/startup_stm32h5xx_s.o
                0x0c03871e                SDMMC2_IRQHandler
 .text.FPU_IRQHandler
                0x0c038720        0x2 secure_fw/CMakeFiles/tfm_s.dir/__/platform/ext/target/stm/common/stm32h5xx/Device/Source/startup_stm32h5xx_s.o
                0x0c038720                FPU_IRQHandler
 .text.ICACHE_IRQHandler
                0x0c038722        0x2 secure_fw/CMakeFiles/tfm_s.dir/__/platform/ext/target/stm/common/stm32h5xx/Device/Source/startup_stm32h5xx_s.o
                0x0c038722                ICACHE_IRQHandler
 .text.DCACHE_IRQHandler
                0x0c038724        0x2 secure_fw/CMakeFiles/tfm_s.dir/__/platform/ext/target/stm/common/stm32h5xx/Device/Source/startup_stm32h5xx_s.o
                0x0c038724                DCACHE_IRQHandler
 .text.ETH_IRQHandler
                0x0c038726        0x2 secure_fw/CMakeFiles/tfm_s.dir/__/platform/ext/target/stm/common/stm32h5xx/Device/Source/startup_stm32h5xx_s.o
                0x0c038726                ETH_IRQHandler
 .text.ETH_WKUP_IRQHandler
                0x0c038728        0x2 secure_fw/CMakeFiles/tfm_s.dir/__/platform/ext/target/stm/common/stm32h5xx/Device/Source/startup_stm32h5xx_s.o
                0x0c038728                ETH_WKUP_IRQHandler
 .text.DCMI_PSSI_IRQHandler
                0x0c03872a        0x2 secure_fw/CMakeFiles/tfm_s.dir/__/platform/ext/target/stm/common/stm32h5xx/Device/Source/startup_stm32h5xx_s.o
                0x0c03872a                DCMI_PSSI_IRQHandler
 .text.FDCAN2_IT0_IRQHandler
                0x0c03872c        0x2 secure_fw/CMakeFiles/tfm_s.dir/__/platform/ext/target/stm/common/stm32h5xx/Device/Source/startup_stm32h5xx_s.o
                0x0c03872c                FDCAN2_IT0_IRQHandler
 .text.FDCAN2_IT1_IRQHandler
                0x0c03872e        0x2 secure_fw/CMakeFiles/tfm_s.dir/__/platform/ext/target/stm/common/stm32h5xx/Device/Source/startup_stm32h5xx_s.o
                0x0c03872e                FDCAN2_IT1_IRQHandler
 .text.CORDIC_IRQHandler
                0x0c038730        0x2 secure_fw/CMakeFiles/tfm_s.dir/__/platform/ext/target/stm/common/stm32h5xx/Device/Source/startup_stm32h5xx_s.o
                0x0c038730                CORDIC_IRQHandler
 .text.FMAC_IRQHandler
                0x0c038732        0x2 secure_fw/CMakeFiles/tfm_s.dir/__/platform/ext/target/stm/common/stm32h5xx/Device/Source/startup_stm32h5xx_s.o
                0x0c038732                FMAC_IRQHandler
 .text.DTS_IRQHandler
                0x0c038734        0x2 secure_fw/CMakeFiles/tfm_s.dir/__/platform/ext/target/stm/common/stm32h5xx/Device/Source/startup_stm32h5xx_s.o
                0x0c038734                DTS_IRQHandler
 .text.RNG_IRQHandler
                0x0c038736        0x2 secure_fw/CMakeFiles/tfm_s.dir/__/platform/ext/target/stm/common/stm32h5xx/Device/Source/startup_stm32h5xx_s.o
                0x0c038736                RNG_IRQHandler
 .text.OTFDEC1_IRQHandler
                0x0c038738        0x2 secure_fw/CMakeFiles/tfm_s.dir/__/platform/ext/target/stm/common/stm32h5xx/Device/Source/startup_stm32h5xx_s.o
                0x0c038738                OTFDEC1_IRQHandler
 .text.AES_IRQHandler
                0x0c03873a        0x2 secure_fw/CMakeFiles/tfm_s.dir/__/platform/ext/target/stm/common/stm32h5xx/Device/Source/startup_stm32h5xx_s.o
                0x0c03873a                AES_IRQHandler
 .text.HASH_IRQHandler
                0x0c03873c        0x2 secure_fw/CMakeFiles/tfm_s.dir/__/platform/ext/target/stm/common/stm32h5xx/Device/Source/startup_stm32h5xx_s.o
                0x0c03873c                HASH_IRQHandler
 .text.PKA_IRQHandler
                0x0c03873e        0x2 secure_fw/CMakeFiles/tfm_s.dir/__/platform/ext/target/stm/common/stm32h5xx/Device/Source/startup_stm32h5xx_s.o
                0x0c03873e                PKA_IRQHandler
 .text.CEC_IRQHandler
                0x0c038740        0x2 secure_fw/CMakeFiles/tfm_s.dir/__/platform/ext/target/stm/common/stm32h5xx/Device/Source/startup_stm32h5xx_s.o
                0x0c038740                CEC_IRQHandler
 .text.TIM12_IRQHandler
                0x0c038742        0x2 secure_fw/CMakeFiles/tfm_s.dir/__/platform/ext/target/stm/common/stm32h5xx/Device/Source/startup_stm32h5xx_s.o
                0x0c038742                TIM12_IRQHandler
 .text.TIM13_IRQHandler
                0x0c038744        0x2 secure_fw/CMakeFiles/tfm_s.dir/__/platform/ext/target/stm/common/stm32h5xx/Device/Source/startup_stm32h5xx_s.o
                0x0c038744                TIM13_IRQHandler
 .text.TIM14_IRQHandler
                0x0c038746        0x2 secure_fw/CMakeFiles/tfm_s.dir/__/platform/ext/target/stm/common/stm32h5xx/Device/Source/startup_stm32h5xx_s.o
                0x0c038746                TIM14_IRQHandler
 .text.I3C1_EV_IRQHandler
                0x0c038748        0x2 secure_fw/CMakeFiles/tfm_s.dir/__/platform/ext/target/stm/common/stm32h5xx/Device/Source/startup_stm32h5xx_s.o
                0x0c038748                I3C1_EV_IRQHandler
 .text.I3C1_ER_IRQHandler
                0x0c03874a        0x2 secure_fw/CMakeFiles/tfm_s.dir/__/platform/ext/target/stm/common/stm32h5xx/Device/Source/startup_stm32h5xx_s.o
                0x0c03874a                I3C1_ER_IRQHandler
 .text.I2C4_EV_IRQHandler
                0x0c03874c        0x2 secure_fw/CMakeFiles/tfm_s.dir/__/platform/ext/target/stm/common/stm32h5xx/Device/Source/startup_stm32h5xx_s.o
                0x0c03874c                I2C4_EV_IRQHandler
 .text.I2C4_ER_IRQHandler
                0x0c03874e        0x2 secure_fw/CMakeFiles/tfm_s.dir/__/platform/ext/target/stm/common/stm32h5xx/Device/Source/startup_stm32h5xx_s.o
                0x0c03874e                I2C4_ER_IRQHandler
 .text.LPTIM3_IRQHandler
                0x0c038750        0x2 secure_fw/CMakeFiles/tfm_s.dir/__/platform/ext/target/stm/common/stm32h5xx/Device/Source/startup_stm32h5xx_s.o
                0x0c038750                LPTIM3_IRQHandler
 .text.LPTIM4_IRQHandler
                0x0c038752        0x2 secure_fw/CMakeFiles/tfm_s.dir/__/platform/ext/target/stm/common/stm32h5xx/Device/Source/startup_stm32h5xx_s.o
                0x0c038752                LPTIM4_IRQHandler
 .text.LPTIM5_IRQHandler
                0x0c038754        0x2 secure_fw/CMakeFiles/tfm_s.dir/__/platform/ext/target/stm/common/stm32h5xx/Device/Source/startup_stm32h5xx_s.o
                0x0c038754                LPTIM5_IRQHandler
 .text.LPTIM6_IRQHandler
                0x0c038756        0x2 secure_fw/CMakeFiles/tfm_s.dir/__/platform/ext/target/stm/common/stm32h5xx/Device/Source/startup_stm32h5xx_s.o
                0x0c038756                LPTIM6_IRQHandler
 .text.Reset_Handler
                0x0c038758       0xc8 secure_fw/CMakeFiles/tfm_s.dir/__/platform/ext/target/stm/common/stm32h5xx/Device/Source/startup_stm32h5xx_s.o
                0x0c038758                Reset_Handler
                0x0c038820                        . = ALIGN (0x4)

.TFM_SP_LOAD_LIST
                0x0c038820      0x41c
 *(.part_load)
 .part_load     0x0c038820       0x54 secure_fw/CMakeFiles/tfm_s.dir/__/generated/secure_fw/partitions/crypto/auto_generated/load_info_tfm_crypto.o
                0x0c038820                tfm_sp_crypto_load
 .part_load     0x0c038874       0x54 secure_fw/CMakeFiles/tfm_s.dir/__/generated/secure_fw/partitions/initial_attestation/auto_generated/load_info_tfm_initial_attestation.o
                0x0c038874                tfm_sp_initial_attestation_load
 .part_load     0x0c0388c8       0x5c secure_fw/CMakeFiles/tfm_s.dir/__/generated/secure_fw/partitions/protected_storage/auto_generated/load_info_tfm_protected_storage.o
                0x0c0388c8                tfm_sp_ps_load
 .part_load     0x0c038924       0x50 secure_fw/CMakeFiles/tfm_s.dir/__/generated/secure_fw/partitions/internal_trusted_storage/auto_generated/load_info_tfm_internal_trusted_storage.o
                0x0c038924                tfm_sp_its_load
 .part_load     0x0c038974       0x50 secure_fw/CMakeFiles/tfm_s.dir/__/generated/secure_fw/partitions/platform/auto_generated/load_info_tfm_platform.o
                0x0c038974                tfm_sp_platform_load
 .part_load     0x0c0389c4       0x58 secure_fw/CMakeFiles/tfm_s.dir/__/generated/secure_fw/partitions/firmware_update/auto_generated/load_info_tfm_firmware_update.o
                0x0c0389c4                tfm_sp_fwu_load
 .part_load     0x0c038a1c       0x3c secure_fw/CMakeFiles/tfm_s.dir/partitions/ns_agent_tz/load_info_ns_agent_tz.o
                0x0c038a1c                tfm_sp_ns_agent_tz_load
 .part_load     0x0c038a58       0x78 secure_fw/CMakeFiles/tfm_s.dir/__/generated/secure_fw/test_services/sfn_backend_test_partition/auto_generated/load_info_sfn_backend_test_partition.o
                0x0c038a58                tfm_sfn_partition1_load
 .part_load     0x0c038ad0       0x58 secure_fw/CMakeFiles/tfm_s.dir/__/generated/secure_fw/test_services/tfm_ps_test_service/auto_generated/load_info_tfm_ps_test_service.o
                0x0c038ad0                tfm_sp_ps_test_load
 .part_load     0x0c038b28       0xbc secure_fw/CMakeFiles/tfm_s.dir/__/generated/secure_fw/test_services/tfm_secure_client_service/auto_generated/load_info_tfm_secure_client_service.o
                0x0c038b28                tfm_sp_secure_test_partition_load
 .part_load     0x0c038be4       0x58 secure_fw/CMakeFiles/tfm_s.dir/__/generated/secure_fw/test_services/tfm_secure_client_2/auto_generated/load_info_tfm_secure_client_2.o
                0x0c038be4                tfm_sp_secure_client_2_load
                0x0c038820                        Image$$TFM_SP_LOAD_LIST$$RO$$Base = ADDR (.TFM_SP_LOAD_LIST)
                0x0c038c3c                        Image$$TFM_SP_LOAD_LIST$$RO$$Limit = (ADDR (.TFM_SP_LOAD_LIST) + SIZEOF (.TFM_SP_LOAD_LIST))
                0x0c038c40                        . = ALIGN (0x20)
                0x0c038c40                        Image$$TFM_PSA_CODE_START$$Base = .

.TFM_PSA_ROT_LINKER
                0x0c038c40     0x4580
 *tfm_psa_rot_partition*:*(.text*)
 .text.tfm_ps_test_prepare_sfn
                0x0c038c40       0x1e secure_fw/partitions/partitions/service_4/libtfm_psa_rot_partition_ps_test.a(tfm_ps_test_service.o)
                0x0c038c40                tfm_ps_test_prepare_sfn
 .text.tfm_secure_client_service_init
                0x0c038c5e        0xa secure_fw/partitions/partitions/tfm_secure_client_service_6/libtfm_psa_rot_partition_secure_client_service.a(tfm_secure_client_service.o)
                0x0c038c5e                tfm_secure_client_service_init
 .text.tfm_secure_client_srv_dummy_sfn
                0x0c038c68        0x6 secure_fw/partitions/partitions/tfm_secure_client_service_6/libtfm_psa_rot_partition_secure_client_service.a(tfm_secure_client_service.o)
                0x0c038c68                tfm_secure_client_srv_dummy_sfn
 *fill*         0x0c038c6e        0x2 
 .text.tfm_crypto_clear_scratch
                0x0c038c70       0x24 secure_fw/partitions/crypto/libtfm_psa_rot_partition_crypto.a(crypto_init.o)
 .text.tfm_crypto_get_caller_id
                0x0c038c94       0x10 secure_fw/partitions/crypto/libtfm_psa_rot_partition_crypto.a(crypto_init.o)
                0x0c038c94                tfm_crypto_get_caller_id
 .text.tfm_crypto_init
                0x0c038ca4       0x1c secure_fw/partitions/crypto/libtfm_psa_rot_partition_crypto.a(crypto_init.o)
                0x0c038ca4                tfm_crypto_init
 .text.tfm_crypto_sfn
                0x0c038cc0      0x21c secure_fw/partitions/crypto/libtfm_psa_rot_partition_crypto.a(crypto_init.o)
                0x0c038cc0                tfm_crypto_sfn
 .text.tfm_crypto_init_alloc
                0x0c038edc       0x18 secure_fw/partitions/crypto/libtfm_psa_rot_partition_crypto.a(crypto_alloc.o)
                0x0c038edc                tfm_crypto_init_alloc
 .text.tfm_crypto_operation_alloc
                0x0c038ef4       0x68 secure_fw/partitions/crypto/libtfm_psa_rot_partition_crypto.a(crypto_alloc.o)
                0x0c038ef4                tfm_crypto_operation_alloc
 .text.tfm_crypto_operation_release
                0x0c038f5c       0x5c secure_fw/partitions/crypto/libtfm_psa_rot_partition_crypto.a(crypto_alloc.o)
                0x0c038f5c                tfm_crypto_operation_release
 .text.tfm_crypto_operation_lookup
                0x0c038fb8       0x58 secure_fw/partitions/crypto/libtfm_psa_rot_partition_crypto.a(crypto_alloc.o)
                0x0c038fb8                tfm_crypto_operation_lookup
 .text.tfm_crypto_can_do_cipher
                0x0c039010       0x7c secure_fw/partitions/crypto/libtfm_psa_rot_partition_crypto.a(crypto_cipher.o)
                0x0c039010                tfm_crypto_can_do_cipher
 .text.tfm_crypto_cipher_interface
                0x0c03908c      0x1c0 secure_fw/partitions/crypto/libtfm_psa_rot_partition_crypto.a(crypto_cipher.o)
                0x0c03908c                tfm_crypto_cipher_interface
 .text.tfm_crypto_hash_interface
                0x0c03924c      0x1c4 secure_fw/partitions/crypto/libtfm_psa_rot_partition_crypto.a(crypto_hash.o)
                0x0c03924c                tfm_crypto_hash_interface
 .text.tfm_crypto_mac_interface
                0x0c039410      0x16e secure_fw/partitions/crypto/libtfm_psa_rot_partition_crypto.a(crypto_mac.o)
                0x0c039410                tfm_crypto_mac_interface
 .text.tfm_crypto_aead_interface
                0x0c03957e      0x208 secure_fw/partitions/crypto/libtfm_psa_rot_partition_crypto.a(crypto_aead.o)
                0x0c03957e                tfm_crypto_aead_interface
 .text.tfm_crypto_asymmetric_sign_interface
                0x0c039786       0xa6 secure_fw/partitions/crypto/libtfm_psa_rot_partition_crypto.a(crypto_asymmetric.o)
                0x0c039786                tfm_crypto_asymmetric_sign_interface
 .text.tfm_crypto_asymmetric_encrypt_interface
                0x0c03982c       0x82 secure_fw/partitions/crypto/libtfm_psa_rot_partition_crypto.a(crypto_asymmetric.o)
                0x0c03982c                tfm_crypto_asymmetric_encrypt_interface
 *fill*         0x0c0398ae        0x2 
 .text.tfm_crypto_key_derivation_interface
                0x0c0398b0      0x1b0 secure_fw/partitions/crypto/libtfm_psa_rot_partition_crypto.a(crypto_key_derivation.o)
                0x0c0398b0                tfm_crypto_key_derivation_interface
 .text.tfm_crypto_key_management_interface
                0x0c039a60      0x146 secure_fw/partitions/crypto/libtfm_psa_rot_partition_crypto.a(crypto_key_management.o)
                0x0c039a60                tfm_crypto_key_management_interface
 .text.tfm_crypto_random_interface
                0x0c039ba6        0x8 secure_fw/partitions/crypto/libtfm_psa_rot_partition_crypto.a(crypto_rng.o)
                0x0c039ba6                tfm_crypto_random_interface
 .text.null_printf
                0x0c039bae        0x8 secure_fw/partitions/crypto/libtfm_psa_rot_partition_crypto.a(crypto_library.o)
 .text.tfm_crypto_library_key_id_init
                0x0c039bb6        0x6 secure_fw/partitions/crypto/libtfm_psa_rot_partition_crypto.a(crypto_library.o)
                0x0c039bb6                tfm_crypto_library_key_id_init
 .text.tfm_crypto_library_get_info
                0x0c039bbc       0x18 secure_fw/partitions/crypto/libtfm_psa_rot_partition_crypto.a(crypto_library.o)
                0x0c039bbc                tfm_crypto_library_get_info
 .text.tfm_crypto_core_library_init
                0x0c039bd4       0x20 secure_fw/partitions/crypto/libtfm_psa_rot_partition_crypto.a(crypto_library.o)
                0x0c039bd4                tfm_crypto_core_library_init
 .text.tfm_crypto_library_get_library_key_id_set_owner
                0x0c039bf4        0x4 secure_fw/partitions/crypto/libtfm_psa_rot_partition_crypto.a(crypto_library.o)
                0x0c039bf4                tfm_crypto_library_get_library_key_id_set_owner
 .text.mbedtls_psa_platform_get_builtin_key
                0x0c039bf8       0x48 secure_fw/partitions/crypto/libtfm_psa_rot_partition_crypto.a(crypto_library.o)
                0x0c039bf8                mbedtls_psa_platform_get_builtin_key
 .text.tfm_attestation_service_sfn
                0x0c039c40       0xc4 secure_fw/partitions/initial_attestation/libtfm_psa_rot_partition_attestation.a(tfm_attest_req_mngr.o)
                0x0c039c40                tfm_attestation_service_sfn
 .text.attest_partition_init
                0x0c039d04        0x4 secure_fw/partitions/initial_attestation/libtfm_psa_rot_partition_attestation.a(tfm_attest_req_mngr.o)
                0x0c039d04                attest_partition_init
 .text.attest_add_cert_ref_claim
                0x0c039d08       0x3c secure_fw/partitions/initial_attestation/libtfm_psa_rot_partition_attestation.a(attest_core.o)
 .text.attest_add_verification_service
                0x0c039d44       0x38 secure_fw/partitions/initial_attestation/libtfm_psa_rot_partition_attestation.a(attest_core.o)
 .text.attest_add_profile_definition
                0x0c039d7c       0x84 secure_fw/partitions/initial_attestation/libtfm_psa_rot_partition_attestation.a(attest_core.o)
 .text.attest_add_security_lifecycle_claim
                0x0c039e00       0x1c secure_fw/partitions/initial_attestation/libtfm_psa_rot_partition_attestation.a(attest_core.o)
 .text.attest_add_caller_id_claim
                0x0c039e1c       0x24 secure_fw/partitions/initial_attestation/libtfm_psa_rot_partition_attestation.a(attest_core.o)
 .text.attest_add_implementation_id_claim
                0x0c039e40       0x38 secure_fw/partitions/initial_attestation/libtfm_psa_rot_partition_attestation.a(attest_core.o)
 .text.attest_add_instance_id_claim
                0x0c039e78       0x24 secure_fw/partitions/initial_attestation/libtfm_psa_rot_partition_attestation.a(attest_core.o)
 .text.attest_add_boot_seed_claim
                0x0c039e9c       0x38 secure_fw/partitions/initial_attestation/libtfm_psa_rot_partition_attestation.a(attest_core.o)
 .text.attest_add_all_sw_components
                0x0c039ed4       0x38 secure_fw/partitions/initial_attestation/libtfm_psa_rot_partition_attestation.a(attest_core.o)
 .text.attest_create_token
                0x0c039f0c       0xd8 secure_fw/partitions/initial_attestation/libtfm_psa_rot_partition_attestation.a(attest_core.o)
 .text.attest_init
                0x0c039fe4       0x1c secure_fw/partitions/initial_attestation/libtfm_psa_rot_partition_attestation.a(attest_core.o)
                0x0c039fe4                attest_init
 .text.initial_attest_get_token
                0x0c03a000       0x48 secure_fw/partitions/initial_attestation/libtfm_psa_rot_partition_attestation.a(attest_core.o)
                0x0c03a000                initial_attest_get_token
 .text.initial_attest_get_token_size
                0x0c03a048       0x4c secure_fw/partitions/initial_attestation/libtfm_psa_rot_partition_attestation.a(attest_core.o)
                0x0c03a048                initial_attest_get_token_size
 .text.attest_encode_sw_components_array
                0x0c03a094       0xc8 secure_fw/partitions/initial_attestation/libtfm_psa_rot_partition_attestation.a(attest_boot_data.o)
                0x0c03a094                attest_encode_sw_components_array
 .text.attest_boot_data_init
                0x0c03a15c       0x10 secure_fw/partitions/initial_attestation/libtfm_psa_rot_partition_attestation.a(attest_boot_data.o)
                0x0c03a15c                attest_boot_data_init
 *fill*         0x0c03a16c        0x4 
 .text.attest_get_instance_id
                0x0c03a170       0x6c secure_fw/partitions/initial_attestation/libtfm_psa_rot_partition_attestation.a(attest_asymmetric_key.o)
                0x0c03a170                attest_get_instance_id
 *fill*         0x0c03a1dc        0x4 
 .text.attest_token_encode_start
                0x0c03a1e0       0x78 secure_fw/partitions/initial_attestation/libtfm_psa_rot_partition_attestation.a(attest_token_encode.o)
                0x0c03a1e0                attest_token_encode_start
 .text.attest_token_encode_finish
                0x0c03a258       0x6e secure_fw/partitions/initial_attestation/libtfm_psa_rot_partition_attestation.a(attest_token_encode.o)
                0x0c03a258                attest_token_encode_finish
 .text.attest_token_encode_borrow_cbor_cntxt
                0x0c03a2c6        0x2 secure_fw/partitions/initial_attestation/libtfm_psa_rot_partition_attestation.a(attest_token_encode.o)
                0x0c03a2c6                attest_token_encode_borrow_cbor_cntxt
 .text.attest_token_encode_add_integer
                0x0c03a2c8       0x1e secure_fw/partitions/initial_attestation/libtfm_psa_rot_partition_attestation.a(attest_token_encode.o)
                0x0c03a2c8                attest_token_encode_add_integer
 .text.attest_token_encode_add_bstr
                0x0c03a2e6       0x28 secure_fw/partitions/initial_attestation/libtfm_psa_rot_partition_attestation.a(attest_token_encode.o)
                0x0c03a2e6                attest_token_encode_add_bstr
 .text.attest_token_encode_add_tstr
                0x0c03a30e       0x28 secure_fw/partitions/initial_attestation/libtfm_psa_rot_partition_attestation.a(attest_token_encode.o)
                0x0c03a30e                attest_token_encode_add_tstr
 *fill*         0x0c03a336        0x2 
 .text.attest_get_caller_client_id
                0x0c03a338       0x10 secure_fw/partitions/initial_attestation/libtfm_psa_rot_partition_attestation.a(tfm_attest.o)
                0x0c03a338                attest_get_caller_client_id
 .text.attest_get_boot_data
                0x0c03a348        0xe secure_fw/partitions/initial_attestation/libtfm_psa_rot_partition_attestation.a(tfm_attest.o)
                0x0c03a348                attest_get_boot_data
 .text.tfm_its_entry
                0x0c03a356        0x4 secure_fw/partitions/internal_trusted_storage/libtfm_psa_rot_partition_its.a(tfm_its_req_mngr.o)
                0x0c03a356                tfm_its_entry
 *fill*         0x0c03a35a        0x2 
 .text.tfm_internal_trusted_storage_service_sfn
                0x0c03a35c      0x118 secure_fw/partitions/internal_trusted_storage/libtfm_psa_rot_partition_its.a(tfm_its_req_mngr.o)
                0x0c03a35c                tfm_internal_trusted_storage_service_sfn
 .text.its_req_mngr_read
                0x0c03a474       0x14 secure_fw/partitions/internal_trusted_storage/libtfm_psa_rot_partition_its.a(tfm_its_req_mngr.o)
                0x0c03a474                its_req_mngr_read
 .text.its_req_mngr_write
                0x0c03a488       0x14 secure_fw/partitions/internal_trusted_storage/libtfm_psa_rot_partition_its.a(tfm_its_req_mngr.o)
                0x0c03a488                its_req_mngr_write
 .text.get_file_info
                0x0c03a49c       0x60 secure_fw/partitions/internal_trusted_storage/libtfm_psa_rot_partition_its.a(tfm_internal_trusted_storage.o)
 .text.tfm_its_init
                0x0c03a4fc       0xfc secure_fw/partitions/internal_trusted_storage/libtfm_psa_rot_partition_its.a(tfm_internal_trusted_storage.o)
                0x0c03a4fc                tfm_its_init
 .text.tfm_its_set
                0x0c03a5f8       0xac secure_fw/partitions/internal_trusted_storage/libtfm_psa_rot_partition_its.a(tfm_internal_trusted_storage.o)
                0x0c03a5f8                tfm_its_set
 .text.tfm_its_get
                0x0c03a6a4       0xac secure_fw/partitions/internal_trusted_storage/libtfm_psa_rot_partition_its.a(tfm_internal_trusted_storage.o)
                0x0c03a6a4                tfm_its_get
 .text.tfm_its_get_info
                0x0c03a750       0x24 secure_fw/partitions/internal_trusted_storage/libtfm_psa_rot_partition_its.a(tfm_internal_trusted_storage.o)
                0x0c03a750                tfm_its_get_info
 .text.tfm_its_remove
                0x0c03a774       0x50 secure_fw/partitions/internal_trusted_storage/libtfm_psa_rot_partition_its.a(tfm_internal_trusted_storage.o)
                0x0c03a774                tfm_its_remove
 .text.its_flash_nor_init
                0x0c03a7c4       0x14 secure_fw/partitions/internal_trusted_storage/libtfm_psa_rot_partition_its.a(its_flash_nor.o)
 .text.its_flash_nor_write
                0x0c03a7d8       0x44 secure_fw/partitions/internal_trusted_storage/libtfm_psa_rot_partition_its.a(its_flash_nor.o)
 .text.its_flash_nor_flush
                0x0c03a81c        0x4 secure_fw/partitions/internal_trusted_storage/libtfm_psa_rot_partition_its.a(its_flash_nor.o)
 .text.its_flash_nor_erase
                0x0c03a820       0x2e secure_fw/partitions/internal_trusted_storage/libtfm_psa_rot_partition_its.a(its_flash_nor.o)
 *fill*         0x0c03a84e        0x2 
 .text.its_flash_nor_read
                0x0c03a850       0xc4 secure_fw/partitions/internal_trusted_storage/libtfm_psa_rot_partition_its.a(its_flash_nor.o)
 .text.its_flash_fs_delete_idx
                0x0c03a914       0xe6 secure_fw/partitions/internal_trusted_storage/libtfm_psa_rot_partition_its.a(its_flash_fs.o)
 .text.its_flash_fs_init_ctx
                0x0c03a9fa       0x76 secure_fw/partitions/internal_trusted_storage/libtfm_psa_rot_partition_its.a(its_flash_fs.o)
                0x0c03a9fa                its_flash_fs_init_ctx
 .text.its_flash_fs_prepare
                0x0c03aa70       0x34 secure_fw/partitions/internal_trusted_storage/libtfm_psa_rot_partition_its.a(its_flash_fs.o)
                0x0c03aa70                its_flash_fs_prepare
 .text.its_flash_fs_wipe_all
                0x0c03aaa4        0x4 secure_fw/partitions/internal_trusted_storage/libtfm_psa_rot_partition_its.a(its_flash_fs.o)
                0x0c03aaa4                its_flash_fs_wipe_all
 .text.its_flash_fs_file_get_info
                0x0c03aaa8       0x28 secure_fw/partitions/internal_trusted_storage/libtfm_psa_rot_partition_its.a(its_flash_fs.o)
                0x0c03aaa8                its_flash_fs_file_get_info
 .text.its_flash_fs_file_write
                0x0c03aad0      0x1f2 secure_fw/partitions/internal_trusted_storage/libtfm_psa_rot_partition_its.a(its_flash_fs.o)
                0x0c03aad0                its_flash_fs_file_write
 .text.its_flash_fs_file_delete
                0x0c03acc2       0x20 secure_fw/partitions/internal_trusted_storage/libtfm_psa_rot_partition_its.a(its_flash_fs.o)
                0x0c03acc2                its_flash_fs_file_delete
 .text.its_flash_fs_file_read
                0x0c03ace2       0x42 secure_fw/partitions/internal_trusted_storage/libtfm_psa_rot_partition_its.a(its_flash_fs.o)
                0x0c03ace2                its_flash_fs_file_read
 .text.its_flash_fs_dblock_compact_block
                0x0c03ad24       0xaa secure_fw/partitions/internal_trusted_storage/libtfm_psa_rot_partition_its.a(its_flash_fs_dblock.o)
                0x0c03ad24                its_flash_fs_dblock_compact_block
 .text.its_flash_fs_dblock_read_file
                0x0c03adce       0x42 secure_fw/partitions/internal_trusted_storage/libtfm_psa_rot_partition_its.a(its_flash_fs_dblock.o)
                0x0c03adce                its_flash_fs_dblock_read_file
 .text.its_flash_fs_dblock_write_file
                0x0c03ae10       0x82 secure_fw/partitions/internal_trusted_storage/libtfm_psa_rot_partition_its.a(its_flash_fs_dblock.o)
                0x0c03ae10                its_flash_fs_dblock_write_file
 .text.its_mblock_update_scratch_block_meta
                0x0c03ae92       0x18 secure_fw/partitions/internal_trusted_storage/libtfm_psa_rot_partition_its.a(its_flash_fs_mblock.o)
 .text.its_mblock_erase_scratch_blocks
                0x0c03aeaa       0x28 secure_fw/partitions/internal_trusted_storage/libtfm_psa_rot_partition_its.a(its_flash_fs_mblock.o)
 .text.its_num_dedicated_dblocks.isra.0
                0x0c03aed2        0xc secure_fw/partitions/internal_trusted_storage/libtfm_psa_rot_partition_its.a(its_flash_fs_mblock.o)
 .text.its_mblock_file_meta_offset.isra.0
                0x0c03aede       0x10 secure_fw/partitions/internal_trusted_storage/libtfm_psa_rot_partition_its.a(its_flash_fs_mblock.o)
 .text.its_mblock_calculate_metadata_xor.part.0
                0x0c03aeee       0xa2 secure_fw/partitions/internal_trusted_storage/libtfm_psa_rot_partition_its.a(its_flash_fs_mblock.o)
 .text.its_mblock_write_scratch_meta_header
                0x0c03af90       0x46 secure_fw/partitions/internal_trusted_storage/libtfm_psa_rot_partition_its.a(its_flash_fs_mblock.o)
 .text.its_mblock_validate_header_meta
                0x0c03afd6       0x5c secure_fw/partitions/internal_trusted_storage/libtfm_psa_rot_partition_its.a(its_flash_fs_mblock.o)
 .text.its_init_get_active_metablock
                0x0c03b032       0xbc secure_fw/partitions/internal_trusted_storage/libtfm_psa_rot_partition_its.a(its_flash_fs_mblock.o)
 .text.its_flash_fs_mblock_cur_data_scratch_id
                0x0c03b0ee        0xa secure_fw/partitions/internal_trusted_storage/libtfm_psa_rot_partition_its.a(its_flash_fs_mblock.o)
                0x0c03b0ee                its_flash_fs_mblock_cur_data_scratch_id
 .text.its_flash_fs_mblock_meta_update_finalize
                0x0c03b0f8       0x2a secure_fw/partitions/internal_trusted_storage/libtfm_psa_rot_partition_its.a(its_flash_fs_mblock.o)
                0x0c03b0f8                its_flash_fs_mblock_meta_update_finalize
 .text.its_flash_fs_mblock_read_file_meta
                0x0c03b122       0x76 secure_fw/partitions/internal_trusted_storage/libtfm_psa_rot_partition_its.a(its_flash_fs_mblock.o)
                0x0c03b122                its_flash_fs_mblock_read_file_meta
 .text.its_flash_fs_mblock_get_file_idx_meta
                0x0c03b198       0x5e secure_fw/partitions/internal_trusted_storage/libtfm_psa_rot_partition_its.a(its_flash_fs_mblock.o)
                0x0c03b198                its_flash_fs_mblock_get_file_idx_meta
 .text.its_flash_fs_mblock_get_file_idx_flag
                0x0c03b1f6       0x3c secure_fw/partitions/internal_trusted_storage/libtfm_psa_rot_partition_its.a(its_flash_fs_mblock.o)
                0x0c03b1f6                its_flash_fs_mblock_get_file_idx_flag
 .text.its_flash_fs_mblock_read_block_metadata
                0x0c03b232       0x56 secure_fw/partitions/internal_trusted_storage/libtfm_psa_rot_partition_its.a(its_flash_fs_mblock.o)
                0x0c03b232                its_flash_fs_mblock_read_block_metadata
 .text.its_flash_fs_mblock_read_block_metadata_comp
                0x0c03b288       0x60 secure_fw/partitions/internal_trusted_storage/libtfm_psa_rot_partition_its.a(its_flash_fs_mblock.o)
                0x0c03b288                its_flash_fs_mblock_read_block_metadata_comp
 .text.its_flash_fs_mblock_reserve_file
                0x0c03b2e8       0xc4 secure_fw/partitions/internal_trusted_storage/libtfm_psa_rot_partition_its.a(its_flash_fs_mblock.o)
                0x0c03b2e8                its_flash_fs_mblock_reserve_file
 .text.its_flash_fs_mblock_set_data_scratch
                0x0c03b3ac        0x6 secure_fw/partitions/internal_trusted_storage/libtfm_psa_rot_partition_its.a(its_flash_fs_mblock.o)
                0x0c03b3ac                its_flash_fs_mblock_set_data_scratch
 .text.its_flash_fs_mblock_update_scratch_file_meta
                0x0c03b3b2       0x20 secure_fw/partitions/internal_trusted_storage/libtfm_psa_rot_partition_its.a(its_flash_fs_mblock.o)
                0x0c03b3b2                its_flash_fs_mblock_update_scratch_file_meta
 .text.its_flash_fs_mblock_reset_metablock
                0x0c03b3d2      0x130 secure_fw/partitions/internal_trusted_storage/libtfm_psa_rot_partition_its.a(its_flash_fs_mblock.o)
                0x0c03b3d2                its_flash_fs_mblock_reset_metablock
 .text.its_flash_fs_block_to_block_move
                0x0c03b502       0x5c secure_fw/partitions/internal_trusted_storage/libtfm_psa_rot_partition_its.a(its_flash_fs_mblock.o)
                0x0c03b502                its_flash_fs_block_to_block_move
 .text.its_flash_fs_mblock_cp_file_meta
                0x0c03b55e       0x2c secure_fw/partitions/internal_trusted_storage/libtfm_psa_rot_partition_its.a(its_flash_fs_mblock.o)
                0x0c03b55e                its_flash_fs_mblock_cp_file_meta
 .text.its_flash_fs_mblock_init
                0x0c03b58a       0xb8 secure_fw/partitions/internal_trusted_storage/libtfm_psa_rot_partition_its.a(its_flash_fs_mblock.o)
                0x0c03b58a                its_flash_fs_mblock_init
 .text.its_flash_fs_mblock_migrate_lb0_data_to_scratch
                0x0c03b642       0x2e secure_fw/partitions/internal_trusted_storage/libtfm_psa_rot_partition_its.a(its_flash_fs_mblock.o)
                0x0c03b642                its_flash_fs_mblock_migrate_lb0_data_to_scratch
 .text.its_flash_fs_mblock_update_scratch_block_meta
                0x0c03b670       0x7e secure_fw/partitions/internal_trusted_storage/libtfm_psa_rot_partition_its.a(its_flash_fs_mblock.o)
                0x0c03b670                its_flash_fs_mblock_update_scratch_block_meta
 .text.its_utils_check_contained_in
                0x0c03b6ee       0x18 secure_fw/partitions/internal_trusted_storage/libtfm_psa_rot_partition_its.a(its_utils.o)
                0x0c03b6ee                its_utils_check_contained_in
 .text.its_utils_validate_fid
                0x0c03b706       0x18 secure_fw/partitions/internal_trusted_storage/libtfm_psa_rot_partition_its.a(its_utils.o)
                0x0c03b706                its_utils_validate_fid
 .text.tfm_platform_service_sfn
                0x0c03b71e      0x214 secure_fw/partitions/platform/libtfm_psa_rot_partition_platform.a(platform_sp.o)
                0x0c03b71e                tfm_platform_service_sfn
 .text.platform_sp_init
                0x0c03b932       0x12 secure_fw/partitions/platform/libtfm_psa_rot_partition_platform.a(platform_sp.o)
                0x0c03b932                platform_sp_init
 .text.tfm_fwu_reject
                0x0c03b944       0xb0 secure_fw/partitions/firmware_update/libtfm_psa_rot_partition_fwu.a(tfm_fwu_req_mngr.o)
                0x0c03b944                tfm_fwu_reject
 .text.tfm_firmware_update_service_sfn
                0x0c03b9f4      0x3fc secure_fw/partitions/firmware_update/libtfm_psa_rot_partition_fwu.a(tfm_fwu_req_mngr.o)
                0x0c03b9f4                tfm_firmware_update_service_sfn
 .text.tfm_fwu_entry
                0x0c03bdf0       0x10 secure_fw/partitions/firmware_update/libtfm_psa_rot_partition_fwu.a(tfm_fwu_req_mngr.o)
                0x0c03bdf0                tfm_fwu_entry
 .text.get_active_image_version
                0x0c03be00       0x64 secure_fw/partitions/firmware_update/libtfm_psa_rot_partition_fwu.a(tfm_mcuboot_fwu.o)
 .text.get_second_image_digest
                0x0c03be64       0xdc secure_fw/partitions/firmware_update/libtfm_psa_rot_partition_fwu.a(tfm_mcuboot_fwu.o)
 .text.fwu_bootloader_init
                0x0c03bf40       0x24 secure_fw/partitions/firmware_update/libtfm_psa_rot_partition_fwu.a(tfm_mcuboot_fwu.o)
                0x0c03bf40                fwu_bootloader_init
 .text.fwu_bootloader_staging_area_init
                0x0c03bf64       0x64 secure_fw/partitions/firmware_update/libtfm_psa_rot_partition_fwu.a(tfm_mcuboot_fwu.o)
                0x0c03bf64                fwu_bootloader_staging_area_init
 .text.fwu_bootloader_load_image
                0x0c03bfc8       0x48 secure_fw/partitions/firmware_update/libtfm_psa_rot_partition_fwu.a(tfm_mcuboot_fwu.o)
                0x0c03bfc8                fwu_bootloader_load_image
 .text.fwu_bootloader_mark_image_accepted
                0x0c03c010       0xc8 secure_fw/partitions/firmware_update/libtfm_psa_rot_partition_fwu.a(tfm_mcuboot_fwu.o)
                0x0c03c010                fwu_bootloader_mark_image_accepted
 .text.fwu_bootloader_reject_staged_image
                0x0c03c0d8       0x50 secure_fw/partitions/firmware_update/libtfm_psa_rot_partition_fwu.a(tfm_mcuboot_fwu.o)
                0x0c03c0d8                fwu_bootloader_reject_staged_image
 .text.fwu_bootloader_install_image
                0x0c03c128      0x17c secure_fw/partitions/firmware_update/libtfm_psa_rot_partition_fwu.a(tfm_mcuboot_fwu.o)
                0x0c03c128                fwu_bootloader_install_image
 .text.fwu_bootloader_reject_trial_image
                0x0c03c2a4        0xc secure_fw/partitions/firmware_update/libtfm_psa_rot_partition_fwu.a(tfm_mcuboot_fwu.o)
                0x0c03c2a4                fwu_bootloader_reject_trial_image
 .text.fwu_bootloader_get_image_info
                0x0c03c2b0       0xa4 secure_fw/partitions/firmware_update/libtfm_psa_rot_partition_fwu.a(tfm_mcuboot_fwu.o)
                0x0c03c2b0                fwu_bootloader_get_image_info
 .text.fwu_bootloader_clean_component
                0x0c03c354       0x38 secure_fw/partitions/firmware_update/libtfm_psa_rot_partition_fwu.a(tfm_mcuboot_fwu.o)
                0x0c03c354                fwu_bootloader_clean_component
 .text.boot_swap_info_off
                0x0c03c38c        0xc secure_fw/partitions/firmware_update/libtfm_psa_rot_partition_fwu.a(bootutil_public.o)
                0x0c03c38c                boot_swap_info_off
 .text.bootutil_buffer_is_erased
                0x0c03c398       0x26 secure_fw/partitions/firmware_update/libtfm_psa_rot_partition_fwu.a(bootutil_public.o)
                0x0c03c398                bootutil_buffer_is_erased
 .text.boot_read_flag
                0x0c03c3be       0x38 secure_fw/partitions/firmware_update/libtfm_psa_rot_partition_fwu.a(bootutil_public.o)
 *fill*         0x0c03c3f6        0x2 
 .text.boot_write_magic
                0x0c03c3f8       0x40 secure_fw/partitions/firmware_update/libtfm_psa_rot_partition_fwu.a(bootutil_public.o)
                0x0c03c3f8                boot_write_magic
 .text.boot_write_trailer
                0x0c03c438       0x58 secure_fw/partitions/firmware_update/libtfm_psa_rot_partition_fwu.a(bootutil_public.o)
                0x0c03c438                boot_write_trailer
 .text.boot_write_trailer_flag
                0x0c03c490       0x14 secure_fw/partitions/firmware_update/libtfm_psa_rot_partition_fwu.a(bootutil_public.o)
                0x0c03c490                boot_write_trailer_flag
 .text.boot_write_image_ok
                0x0c03c4a4        0xe secure_fw/partitions/firmware_update/libtfm_psa_rot_partition_fwu.a(bootutil_public.o)
                0x0c03c4a4                boot_write_image_ok
 .text.boot_read_image_ok
                0x0c03c4b2        0xc secure_fw/partitions/firmware_update/libtfm_psa_rot_partition_fwu.a(bootutil_public.o)
                0x0c03c4b2                boot_read_image_ok
 *fill*         0x0c03c4be        0x2 
 .text.boot_read_swap_state
                0x0c03c4c0       0xac secure_fw/partitions/firmware_update/libtfm_psa_rot_partition_fwu.a(bootutil_public.o)
                0x0c03c4c0                boot_read_swap_state
 .text.boot_write_swap_info
                0x0c03c56c       0x22 secure_fw/partitions/firmware_update/libtfm_psa_rot_partition_fwu.a(bootutil_public.o)
                0x0c03c56c                boot_write_swap_info
 .text.boot_set_next
                0x0c03c58e       0x86 secure_fw/partitions/firmware_update/libtfm_psa_rot_partition_fwu.a(bootutil_public.o)
                0x0c03c58e                boot_set_next
 .text.boot_set_pending_multi
                0x0c03c614       0x3a secure_fw/partitions/firmware_update/libtfm_psa_rot_partition_fwu.a(bootutil_public.o)
                0x0c03c614                boot_set_pending_multi
 .text.boot_set_confirmed_multi
                0x0c03c64e       0x38 secure_fw/partitions/firmware_update/libtfm_psa_rot_partition_fwu.a(bootutil_public.o)
                0x0c03c64e                boot_set_confirmed_multi
 .text.bootutil_tlv_iter_begin
                0x0c03c686       0x98 secure_fw/partitions/firmware_update/libtfm_psa_rot_partition_fwu.a(tlv.o)
                0x0c03c686                bootutil_tlv_iter_begin
 .text.bootutil_tlv_iter_next
                0x0c03c71e       0x94 secure_fw/partitions/firmware_update/libtfm_psa_rot_partition_fwu.a(tlv.o)
                0x0c03c71e                bootutil_tlv_iter_next
 .text.is_range_valid
                0x0c03c7b2       0x16 secure_fw/partitions/firmware_update/libtfm_psa_rot_partition_fwu.a(flash_map.o)
 .text.flash_area_driver_init
                0x0c03c7c8       0x30 secure_fw/partitions/firmware_update/libtfm_psa_rot_partition_fwu.a(flash_map.o)
                0x0c03c7c8                flash_area_driver_init
 .text.flash_area_open
                0x0c03c7f8       0x38 secure_fw/partitions/firmware_update/libtfm_psa_rot_partition_fwu.a(flash_map.o)
                0x0c03c7f8                flash_area_open
 .text.flash_area_close
                0x0c03c830        0x2 secure_fw/partitions/firmware_update/libtfm_psa_rot_partition_fwu.a(flash_map.o)
                0x0c03c830                flash_area_close
 *fill*         0x0c03c832        0x2 
 .text.flash_area_read
                0x0c03c834      0x104 secure_fw/partitions/firmware_update/libtfm_psa_rot_partition_fwu.a(flash_map.o)
                0x0c03c834                flash_area_read
 .text.flash_area_write
                0x0c03c938      0x19c secure_fw/partitions/firmware_update/libtfm_psa_rot_partition_fwu.a(flash_map.o)
                0x0c03c938                flash_area_write
 .text.flash_area_erase
                0x0c03cad4       0x42 secure_fw/partitions/firmware_update/libtfm_psa_rot_partition_fwu.a(flash_map.o)
                0x0c03cad4                flash_area_erase
 .text.flash_area_align
                0x0c03cb16        0xc secure_fw/partitions/firmware_update/libtfm_psa_rot_partition_fwu.a(flash_map.o)
                0x0c03cb16                flash_area_align
 .text.flash_area_erased_val
                0x0c03cb22        0xc secure_fw/partitions/firmware_update/libtfm_psa_rot_partition_fwu.a(flash_map_extended.o)
                0x0c03cb22                flash_area_erased_val
 .text.psa_extend_key_usage_flags
                0x0c03cb2e       0x18 secure_fw/partitions/crypto/libtfm_psa_rot_partition_crypto.a(tfm_builtin_key_loader.o)
 *fill*         0x0c03cb46        0x2 
 .text.derive_subkey_into_buffer
                0x0c03cb48      0x138 secure_fw/partitions/crypto/libtfm_psa_rot_partition_crypto.a(tfm_builtin_key_loader.o)
 .text.tfm_builtin_key_loader_init
                0x0c03cc80       0xf0 secure_fw/partitions/crypto/libtfm_psa_rot_partition_crypto.a(tfm_builtin_key_loader.o)
                0x0c03cc80                tfm_builtin_key_loader_init
 .text.tfm_builtin_key_loader_get_key_buffer_size
                0x0c03cd70       0x5c secure_fw/partitions/crypto/libtfm_psa_rot_partition_crypto.a(tfm_builtin_key_loader.o)
                0x0c03cd70                tfm_builtin_key_loader_get_key_buffer_size
 .text.tfm_builtin_key_loader_get_builtin_key
                0x0c03cdcc      0x124 secure_fw/partitions/crypto/libtfm_psa_rot_partition_crypto.a(tfm_builtin_key_loader.o)
                0x0c03cdcc                tfm_builtin_key_loader_get_builtin_key
 *tfm_psa_rot_partition*:*(.rodata*)
 .rodata.tfm_crypto_sfn.str1.1
                0x0c03cef0      0x1df secure_fw/partitions/crypto/libtfm_psa_rot_partition_crypto.a(crypto_init.o)
                                 0x20 (size before relaxing)
 .rodata.tfm_crypto_library_get_info.str1.1
                0x0c03d0cf       0x14 secure_fw/partitions/crypto/libtfm_psa_rot_partition_crypto.a(crypto_library.o)
 .rodata.attest_add_profile_definition.str1.1
                0x0c03d0cf       0xbc secure_fw/partitions/initial_attestation/libtfm_psa_rot_partition_attestation.a(attest_core.o)
 *fill*         0x0c03d0cf        0x1 
 .rodata.CSWTCH.14
                0x0c03d0d0        0xa secure_fw/partitions/initial_attestation/libtfm_psa_rot_partition_attestation.a(attest_core.o)
 .rodata.profile_definition.0
                0x0c03d0da       0x12 secure_fw/partitions/initial_attestation/libtfm_psa_rot_partition_attestation.a(attest_core.o)
 .rodata.claim_query_funcs
                0x0c03d0ec       0x24 secure_fw/partitions/initial_attestation/libtfm_psa_rot_partition_attestation.a(attest_core.o)
 .rodata.tfm_its_init.str1.1
                0x0c03d110       0x4b secure_fw/partitions/internal_trusted_storage/libtfm_psa_rot_partition_its.a(tfm_internal_trusted_storage.o)
 .rodata.its_flash_fs_ops_nor
                0x0c03d110       0x14 secure_fw/partitions/internal_trusted_storage/libtfm_psa_rot_partition_its.a(its_flash_nor.o)
                0x0c03d110                its_flash_fs_ops_nor
 .rodata.data_width_byte
                0x0c03d124        0xc secure_fw/partitions/internal_trusted_storage/libtfm_psa_rot_partition_its.a(its_flash_nor.o)
 .rodata.get_second_image_digest.str1.1
                0x0c03d130       0x21 secure_fw/partitions/firmware_update/libtfm_psa_rot_partition_fwu.a(tfm_mcuboot_fwu.o)
 .rodata.fwu_bootloader_staging_area_init.str1.1
                0x0c03d130       0x21 secure_fw/partitions/firmware_update/libtfm_psa_rot_partition_fwu.a(tfm_mcuboot_fwu.o)
 .rodata.fwu_bootloader_load_image.str1.1
                0x0c03d130       0x1f secure_fw/partitions/firmware_update/libtfm_psa_rot_partition_fwu.a(tfm_mcuboot_fwu.o)
 .rodata.boot_img_magic
                0x0c03d130       0x10 secure_fw/partitions/firmware_update/libtfm_psa_rot_partition_fwu.a(bootutil_public.o)
                0x0c03d130                boot_img_magic
 .rodata.data_width_byte
                0x0c03d140        0xc secure_fw/partitions/firmware_update/libtfm_psa_rot_partition_fwu.a(flash_map.o)
 .rodata.flash_map_entry_num
                0x0c03d14c        0x4 secure_fw/partitions/firmware_update/libtfm_psa_rot_partition_fwu.a(default_flash_map.o)
                0x0c03d14c                flash_map_entry_num
 .rodata.flash_map
                0x0c03d150       0x50 secure_fw/partitions/firmware_update/libtfm_psa_rot_partition_fwu.a(default_flash_map.o)
                0x0c03d150                flash_map
 .rodata.flash_driver_entry_num
                0x0c03d1a0        0x4 secure_fw/partitions/firmware_update/libtfm_psa_rot_partition_fwu.a(default_flash_map.o)
                0x0c03d1a0                flash_driver_entry_num
 .rodata.tfm_builtin_key_loader_init.str1.1
                0x0c03d1a4       0x43 secure_fw/partitions/crypto/libtfm_psa_rot_partition_crypto.a(tfm_builtin_key_loader.o)
 .rodata.__func__.0
                0x0c03d1a4       0x1c secure_fw/partitions/crypto/libtfm_psa_rot_partition_crypto.a(tfm_builtin_key_loader.o)
 *(TFM_*_PSA-ROT_ATTR_FN)
                0x0c03d200                        . = ALIGN (0x20)
                0x0c038c40                        Image$$TFM_PSA_ROT_LINKER$$RO$$Base = ADDR (.TFM_PSA_ROT_LINKER)
                0x0c03d1c0                        Image$$TFM_PSA_ROT_LINKER$$RO$$Limit = (ADDR (.TFM_PSA_ROT_LINKER) + SIZEOF (.TFM_PSA_ROT_LINKER))
                0x0c038c40                        Image$$TFM_PSA_ROT_LINKER$$Base = ADDR (.TFM_PSA_ROT_LINKER)
                0x0c03d1c0                        Image$$TFM_PSA_ROT_LINKER$$Limit = (ADDR (.TFM_PSA_ROT_LINKER) + SIZEOF (.TFM_PSA_ROT_LINKER))
                0x0c03d1c0                        Image$$TFM_PSA_CODE_END$$Base = .

.ER_TFM_CODE    0x0c03d1c0     0x5ec4
                0x0c03d1c0                        . = ALIGN (0x4)
                0x0c03d1c0                        __copy_table_start__ = .
                0x0c03d1c0        0x4 LONG 0xc043140 LOADADDR (.TFM_DATA)
                0x0c03d1c4        0x4 LONG 0x300389c0 ADDR (.TFM_DATA)
                0x0c03d1c8        0x4 LONG 0x161 (SIZEOF (.TFM_DATA) / 0x4)
                0x0c03d1cc        0x4 LONG 0xc0430c0 LOADADDR (.TFM_PSA_ROT_LINKER_DATA)
                0x0c03d1d0        0x4 LONG 0x30032800 ADDR (.TFM_PSA_ROT_LINKER_DATA)
                0x0c03d1d4        0x4 LONG 0x20 (SIZEOF (.TFM_PSA_ROT_LINKER_DATA) / 0x4)
                0x0c03d1d8        0x4 LONG 0xc0430a0 LOADADDR (.TFM_APP_ROT_LINKER_DATA)
                0x0c03d1dc        0x4 LONG 0x30030000 ADDR (.TFM_APP_ROT_LINKER_DATA)
                0x0c03d1e0        0x4 LONG 0x8 (SIZEOF (.TFM_APP_ROT_LINKER_DATA) / 0x4)
                0x0c03d1e4                        __copy_table_end__ = .
                0x0c03d1e4                        . = ALIGN (0x4)
                0x0c03d1e4                        __zero_table_start__ = .
                0x0c03d1e4        0x4 LONG 0x30038f60 ADDR (.TFM_BSS)
                0x0c03d1e8        0x4 LONG 0x19ec (SIZEOF (.TFM_BSS) / 0x4)
                0x0c03d1ec        0x4 LONG 0x30032880 ADDR (.TFM_PSA_ROT_LINKER_BSS)
                0x0c03d1f0        0x4 LONG 0x1850 (SIZEOF (.TFM_PSA_ROT_LINKER_BSS) / 0x4)
                0x0c03d1f4        0x4 LONG 0x30030020 ADDR (.TFM_APP_ROT_LINKER_BSS)
                0x0c03d1f8        0x4 LONG 0x2f8 (SIZEOF (.TFM_APP_ROT_LINKER_BSS) / 0x4)
                0x0c03d1fc                        __zero_table_end__ = .
 *libplatform_s*:*(.text*)
 .text.SystemInit
                0x0c03d1fc        0x2 platform/libplatform_s.a(system_stm32h5xx.o)
                0x0c03d1fc                SystemInit
 .text.HAL_RNG_MspInit
                0x0c03d1fe        0x2 platform/libplatform_s.a(stm32h5xx_hal_rng.o)
                0x0c03d1fe                HAL_RNG_MspInit
 .text.HAL_RNG_Init
                0x0c03d200       0xae platform/libplatform_s.a(stm32h5xx_hal_rng.o)
                0x0c03d200                HAL_RNG_Init
 .text.HAL_RNG_ErrorCallback
                0x0c03d2ae        0x2 platform/libplatform_s.a(stm32h5xx_hal_rng.o)
                0x0c03d2ae                HAL_RNG_ErrorCallback
 .text.RNG_RecoverSeedError
                0x0c03d2b0       0x86 platform/libplatform_s.a(stm32h5xx_hal_rng.o)
                0x0c03d2b0                RNG_RecoverSeedError
 .text.HAL_RNG_GenerateRandomNumber
                0x0c03d336       0x98 platform/libplatform_s.a(stm32h5xx_hal_rng.o)
                0x0c03d336                HAL_RNG_GenerateRandomNumber
 .text.memcpy_flash
                0x0c03d3ce       0x32 platform/libplatform_s.a(low_level_flash.o)
 .text.Flash_GetVersion
                0x0c03d400       0x18 platform/libplatform_s.a(low_level_flash.o)
 .text.Flash_GetCapabilities
                0x0c03d418        0x4 platform/libplatform_s.a(low_level_flash.o)
 .text.Flash_Uninitialize
                0x0c03d41c        0x4 platform/libplatform_s.a(low_level_flash.o)
 .text.Flash_PowerControl
                0x0c03d420       0x16 platform/libplatform_s.a(low_level_flash.o)
 .text.Flash_EraseChip
                0x0c03d436        0x6 platform/libplatform_s.a(low_level_flash.o)
 .text.Flash_GetStatus
                0x0c03d43c        0xc platform/libplatform_s.a(low_level_flash.o)
 .text.Flash_GetInfo
                0x0c03d448        0x8 platform/libplatform_s.a(low_level_flash.o)
 .text.Flash_Initialize
                0x0c03d450        0xe platform/libplatform_s.a(low_level_flash.o)
 *fill*         0x0c03d45e        0x2 
 .text.is_range_secure.constprop.0
                0x0c03d460       0x38 platform/libplatform_s.a(low_level_flash.o)
 .text.Flash_ReadData
                0x0c03d498       0x94 platform/libplatform_s.a(low_level_flash.o)
 .text.icache_wait_for_invalidate_complete.isra.0
                0x0c03d52c       0x40 platform/libplatform_s.a(low_level_flash.o)
 .text.stm32_icache_disable.isra.0
                0x0c03d56c       0x34 platform/libplatform_s.a(low_level_flash.o)
 .text.Flash_ProgramData
                0x0c03d5a0      0x128 platform/libplatform_s.a(low_level_flash.o)
 .text.Flash_EraseSector
                0x0c03d6c8       0xdc platform/libplatform_s.a(low_level_flash.o)
 .text.NMI_Handler
                0x0c03d7a4       0x2c platform/libplatform_s.a(low_level_flash.o)
                0x0c03d7a4                NMI_Handler
 .text.FLASH_Program_QuadWord
                0x0c03d7d0       0x40 platform/libplatform_s.a(stm32h5xx_hal_flash.o)
 .text.FLASH_Program_QuadWord_OBK
                0x0c03d810       0x54 platform/libplatform_s.a(stm32h5xx_hal_flash.o)
 .text.FLASH_Program_HalfWord
                0x0c03d864       0x30 platform/libplatform_s.a(stm32h5xx_hal_flash.o)
 .text.HAL_FLASH_Unlock_NS
                0x0c03d894       0x28 platform/libplatform_s.a(stm32h5xx_hal_flash.o)
                0x0c03d894                HAL_FLASH_Unlock_NS
 .text.HAL_FLASH_Unlock_SEC
                0x0c03d8bc       0x28 platform/libplatform_s.a(stm32h5xx_hal_flash.o)
                0x0c03d8bc                HAL_FLASH_Unlock_SEC
 .text.HAL_FLASH_Lock_NS
                0x0c03d8e4       0x18 platform/libplatform_s.a(stm32h5xx_hal_flash.o)
                0x0c03d8e4                HAL_FLASH_Lock_NS
 .text.HAL_FLASH_Lock_SEC
                0x0c03d8fc       0x18 platform/libplatform_s.a(stm32h5xx_hal_flash.o)
                0x0c03d8fc                HAL_FLASH_Lock_SEC
 .text.FLASH_WaitForLastOperation
                0x0c03d914       0x98 platform/libplatform_s.a(stm32h5xx_hal_flash.o)
                0x0c03d914                FLASH_WaitForLastOperation
 .text.HAL_FLASH_Program
                0x0c03d9ac       0xbc platform/libplatform_s.a(stm32h5xx_hal_flash.o)
                0x0c03d9ac                HAL_FLASH_Program
 .text.FLASH_MassErase
                0x0c03da68       0x58 platform/libplatform_s.a(stm32h5xx_hal_flash_ex.o)
 .text.FLASH_OBKErase
                0x0c03dac0       0x28 platform/libplatform_s.a(stm32h5xx_hal_flash_ex.o)
 .text.FLASH_Erase_Sector
                0x0c03dae8       0x4c platform/libplatform_s.a(stm32h5xx_hal_flash_ex.o)
                0x0c03dae8                FLASH_Erase_Sector
 .text.HAL_FLASHEx_Erase
                0x0c03db34       0xb8 platform/libplatform_s.a(stm32h5xx_hal_flash_ex.o)
                0x0c03db34                HAL_FLASHEx_Erase
 .text.HAL_GTZC_TZSC_ConfigPeriphAttributes
                0x0c03dbec      0x138 platform/libplatform_s.a(stm32h5xx_hal_gtzc.o)
                0x0c03dbec                HAL_GTZC_TZSC_ConfigPeriphAttributes
 .text.HAL_GTZC_TZSC_Lock
                0x0c03dd24        0xa platform/libplatform_s.a(stm32h5xx_hal_gtzc.o)
                0x0c03dd24                HAL_GTZC_TZSC_Lock
 *fill*         0x0c03dd2e        0x2 
 .text.HAL_GTZC_MPCBB_ConfigMem
                0x0c03dd30       0xb8 platform/libplatform_s.a(stm32h5xx_hal_gtzc.o)
                0x0c03dd30                HAL_GTZC_MPCBB_ConfigMem
 .text.HAL_GTZC_MPCBB_GetConfigMem
                0x0c03dde8       0x88 platform/libplatform_s.a(stm32h5xx_hal_gtzc.o)
                0x0c03dde8                HAL_GTZC_MPCBB_GetConfigMem
 .text.HAL_GTZC_TZIC_EnableIT
                0x0c03de70       0x58 platform/libplatform_s.a(stm32h5xx_hal_gtzc.o)
                0x0c03de70                HAL_GTZC_TZIC_EnableIT
 .text.__NVIC_SystemReset
                0x0c03dec8       0x24 platform/libplatform_s.a(tfm_platform_system.o)
 .text.tfm_platform_hal_system_reset
                0x0c03deec        0x6 platform/libplatform_s.a(tfm_platform_system.o)
                0x0c03deec                tfm_platform_hal_system_reset
 .text.tfm_platform_hal_ioctl
                0x0c03def2        0x4 platform/libplatform_s.a(tfm_platform_system.o)
                0x0c03def2                tfm_platform_hal_ioctl
 .text.tfm_hal_ps_fs_info
                0x0c03def6       0x1c platform/libplatform_s.a(tfm_hal_ps.o)
                0x0c03def6                tfm_hal_ps_fs_info
 .text.tfm_hal_its_fs_info
                0x0c03df12       0x1c platform/libplatform_s.a(tfm_hal_its.o)
                0x0c03df12                tfm_hal_its_fs_info
 *fill*         0x0c03df2e        0x2 
 .text.tfm_hal_system_reset
                0x0c03df30       0x24 platform/libplatform_s.a(tfm_hal_reset_halt.o)
                0x0c03df30                tfm_hal_system_reset
 .text.stdio_output_string
                0x0c03df54       0x34 platform/libplatform_s.a(uart_stdout.o)
                0x0c03df54                stdio_output_string
 .text.stdio_init
                0x0c03df88       0x38 platform/libplatform_s.a(uart_stdout.o)
                0x0c03df88                stdio_init
 .text.tfm_hal_output_spm_log
                0x0c03dfc0        0x4 platform/libplatform_s.a(tfm_hal_spm_logdev_peripheral.o)
                0x0c03dfc0                tfm_hal_output_spm_log
 .text.tfm_attest_hal_get_security_lifecycle
                0x0c03dfc4       0x28 platform/libplatform_s.a(attest_hal.o)
                0x0c03dfc4                tfm_attest_hal_get_security_lifecycle
 .text.tfm_attest_hal_get_verification_service
                0x0c03dfec       0x38 platform/libplatform_s.a(attest_hal.o)
                0x0c03dfec                tfm_attest_hal_get_verification_service
 .text.tfm_attest_hal_get_profile_definition
                0x0c03e024       0x12 platform/libplatform_s.a(attest_hal.o)
                0x0c03e024                tfm_attest_hal_get_profile_definition
 .text.tfm_plat_get_boot_seed
                0x0c03e036        0xa platform/libplatform_s.a(attest_hal.o)
                0x0c03e036                tfm_plat_get_boot_seed
 .text.tfm_plat_get_implementation_id
                0x0c03e040       0x2a platform/libplatform_s.a(attest_hal.o)
                0x0c03e040                tfm_plat_get_implementation_id
 .text.tfm_plat_get_cert_ref
                0x0c03e06a       0x38 platform/libplatform_s.a(attest_hal.o)
                0x0c03e06a                tfm_plat_get_cert_ref
 .text.set_nv_counter_flash
                0x0c03e0a2       0x3e platform/libplatform_s.a(nv_counters.o)
 .text.set_nv_counter_otp
                0x0c03e0e0       0x6c platform/libplatform_s.a(nv_counters.o)
 .text.read_nv_counter_otp.constprop.0
                0x0c03e14c       0x68 platform/libplatform_s.a(nv_counters.o)
 .text.tfm_plat_read_nv_counter.part.0
                0x0c03e1b4       0x42 platform/libplatform_s.a(nv_counters.o)
 .text.tfm_plat_init_nv_counter
                0x0c03e1f6        0x4 platform/libplatform_s.a(nv_counters.o)
                0x0c03e1f6                tfm_plat_init_nv_counter
 .text.tfm_plat_read_nv_counter
                0x0c03e1fa       0x10 platform/libplatform_s.a(nv_counters.o)
                0x0c03e1fa                tfm_plat_read_nv_counter
 .text.tfm_plat_set_nv_counter
                0x0c03e20a       0x5a platform/libplatform_s.a(nv_counters.o)
                0x0c03e20a                tfm_plat_set_nv_counter
 .text.tfm_plat_increment_nv_counter
                0x0c03e264       0x24 platform/libplatform_s.a(nv_counters.o)
                0x0c03e264                tfm_plat_increment_nv_counter
 .text.tfm_plat_nv_counter_permissions_check
                0x0c03e288       0x2a platform/libplatform_s.a(nv_counters.o)
                0x0c03e288                tfm_plat_nv_counter_permissions_check
 .text.tfm_plat_ns_counter_idx_to_nv_counter
                0x0c03e2b2       0x14 platform/libplatform_s.a(nv_counters.o)
                0x0c03e2b2                tfm_plat_ns_counter_idx_to_nv_counter
 *fill*         0x0c03e2c6        0x2 
 .text.tfm_plat_get_shared_measurement_data_base
                0x0c03e2c8        0x8 platform/libplatform_s.a(tfm_shared_measurement_data.o)
                0x0c03e2c8                tfm_plat_get_shared_measurement_data_base
 .text.tfm_plat_get_shared_measurement_data_size
                0x0c03e2d0        0x6 platform/libplatform_s.a(tfm_shared_measurement_data.o)
                0x0c03e2d0                tfm_plat_get_shared_measurement_data_size
 *fill*         0x0c03e2d6        0x2 
 .text.erase_flash_region
                0x0c03e2d8       0x28 platform/libplatform_s.a(flash_otp_nv_counters_backend.o)
 .text.copy_flash_region
                0x0c03e300       0x70 platform/libplatform_s.a(flash_otp_nv_counters_backend.o)
 .text.make_backup
                0x0c03e370       0x2a platform/libplatform_s.a(flash_otp_nv_counters_backend.o)
 *fill*         0x0c03e39a        0x2 
 .text.read_otp_nv_counters_flash
                0x0c03e39c       0x80 platform/libplatform_s.a(flash_otp_nv_counters_backend.o)
                0x0c03e39c                read_otp_nv_counters_flash
 .text.write_otp_nv_counters_flash
                0x0c03e41c      0x1a8 platform/libplatform_s.a(flash_otp_nv_counters_backend.o)
                0x0c03e41c                write_otp_nv_counters_flash
 .text.init_otp_nv_counters_flash
                0x0c03e5c4      0x14c platform/libplatform_s.a(flash_otp_nv_counters_backend.o)
                0x0c03e5c4                init_otp_nv_counters_flash
 .text.tfm_plat_otp_init
                0x0c03e710        0x4 platform/libplatform_s.a(otp_flash.o)
                0x0c03e710                tfm_plat_otp_init
 .text.tfm_plat_otp_get_size
                0x0c03e714       0x3c platform/libplatform_s.a(otp_flash.o)
                0x0c03e714                tfm_plat_otp_get_size
 .text.write_to_output
                0x0c03e750       0x2c platform/libplatform_s.a(otp_flash.o)
 .text.tfm_plat_otp_read
                0x0c03e77c       0xee platform/libplatform_s.a(otp_flash.o)
                0x0c03e77c                tfm_plat_otp_read
 .text.read_from_input
                0x0c03e86a       0x5a platform/libplatform_s.a(otp_flash.o)
 .text.tfm_plat_otp_write
                0x0c03e8c4       0xee platform/libplatform_s.a(otp_flash.o)
                0x0c03e8c4                tfm_plat_otp_write